Component: ARM Compiler 5.06 update 6 (build 750) Tool: armlink [4d35ed]

==============================================================================

Section Cross References

    main_patch.o(ENTRY_POINT) refers to sys_init_patch.o(i.SysInit_EntryPoint) for SysInit_EntryPoint
    main_patch.o(ENTRY_POINT) refers to sys_init_patch.o(i.Sys_SetUnsuedSramEndBound) for Sys_SetUnsuedSramEndBound
    main_patch.o(ENTRY_POINT) refers to main_patch.o(i.Main_PinMuxUpdate) for Main_PinMuxUpdate
    main_patch.o(ENTRY_POINT) refers to main_patch.o(i.Main_FlashLayoutUpdate) for Main_FlashLayoutUpdate
    main_patch.o(ENTRY_POINT) refers to main_patch.o(i.Main_MiscDriverConfigSetup) for Main_MiscDriverConfigSetup
    main_patch.o(ENTRY_POINT) refers to main_patch.o(i.Main_AtUartDbgUartSwitch) for Main_AtUartDbgUartSwitch
    main_patch.o(ENTRY_POINT) refers to main_patch.o(i.Main_AppInit_patch) for Main_AppInit_patch
    main_patch.o(i.Main_AppInit_patch) refers to main_patch.o(i.Main_AppThread_1) for Main_AppThread_1
    main_patch.o(i.Main_AppInit_patch) refers to main_patch.o(misc) for misc
    main_patch.o(i.Main_AppInit_patch) refers to main_patch.o(i.Main_AppThread_2) for Main_AppThread_2
    main_patch.o(i.Main_AppInit_patch) refers to main_patch.o(i.Main_AppTimer) for Main_AppTimer
    main_patch.o(i.Main_AppThread_1) refers to main_patch.o(misc) for misc
    main_patch.o(i.Main_AppThread_2) refers to main_patch.o(misc) for misc
    main_patch.o(i.Main_AppTimer) refers to main_patch.o(misc) for misc
    main_patch.o(i.Main_ApsUartRxDectecConfig) refers to main_patch.o(i.Main_ApsUartRxDectecCb) for Main_ApsUartRxDectecCb
    main_patch.o(i.Main_AtUartDbgUartSwitch) refers to main_patch.o(misc) for misc
    main_patch.o(i.Main_MiscDriverConfigSetup) refers to main_patch.o(i.Main_ApsUartRxDectecConfig) for Main_ApsUartRxDectecConfig
    sys_init_patch.o(i.SysInit_EntryPoint) refers to ipc_patch.o(i.Ipc_PreInit_patch) for Ipc_PreInit_patch
    sys_init_patch.o(i.SysInit_EntryPoint) refers to controller_task_patch.o(i.controller_task_func_init_patch) for controller_task_func_init_patch
    sys_init_patch.o(i.SysInit_EntryPoint) refers to controller_wifi_patch.o(i.wifi_ctrl_init_patch) for wifi_ctrl_init_patch
    sys_init_patch.o(i.SysInit_EntryPoint) refers to wifi_service_func_init_patch.o(i.wifi_service_func_init_patch) for wifi_service_func_init_patch
    sys_init_patch.o(i.SysInit_EntryPoint) refers to le_ctrl_func_map_patch.o(i.le_ctrl_pre_patch_init) for le_ctrl_pre_patch_init
    sys_init_patch.o(i.SysInit_EntryPoint) refers to ble_host_patch_init.o(i.LeHostPatchAssign) for LeHostPatchAssign
    sys_init_patch.o(i.SysInit_EntryPoint) refers to lwip_jmptbl_patch.o(i.lwip_module_interface_init_patch) for lwip_module_interface_init_patch
    sys_init_patch.o(i.SysInit_EntryPoint) refers to wpa_cli.o(i.wpa_cli_func_init_patch) for wpa_cli_func_init_patch
    sys_init_patch.o(i.SysInit_EntryPoint) refers to driver_netlink_patch.o(i.wpa_driver_func_init_patch) for wpa_driver_func_init_patch
    sys_init_patch.o(i.SysInit_EntryPoint) refers to at_cmd_func_patch.o(i.at_func_init_patch) for at_func_init_patch
    sys_init_patch.o(i.SysInit_EntryPoint) refers to hal_gpio.o(i.Hal_Gpio_Init) for Hal_Gpio_Init
    sys_init_patch.o(i.SysInit_EntryPoint) refers to hal_system_patch.o(i.Hal_Sys_PatchInit) for Hal_Sys_PatchInit
    sys_init_patch.o(i.SysInit_EntryPoint) refers to hal_pin_patch.o(i.Hal_Pin_PatchInit) for Hal_Pin_PatchInit
    sys_init_patch.o(i.SysInit_EntryPoint) refers to hal_vic_patch.o(i.Hal_Vic_PatchInit) for Hal_Vic_PatchInit
    sys_init_patch.o(i.SysInit_EntryPoint) refers to hal_spi_patch.o(i.Hal_Spi_PatchInit) for Hal_Spi_PatchInit
    sys_init_patch.o(i.SysInit_EntryPoint) refers to hal_uart_patch.o(i.Hal_Uart_PatchInit) for Hal_Uart_PatchInit
    sys_init_patch.o(i.SysInit_EntryPoint) refers to hal_dbg_uart_patch.o(i.Hal_DbgUart_PatchInit) for Hal_DbgUart_PatchInit
    sys_init_patch.o(i.SysInit_EntryPoint) refers to hal_auxadc_patch.o(i.Hal_Aux_PatchInit) for Hal_Aux_PatchInit
    sys_init_patch.o(i.SysInit_EntryPoint) refers to ps_func_map_patch.o(i.ps_patch_init) for ps_patch_init
    sys_init_patch.o(i.SysInit_EntryPoint) refers to diag_task_patch.o(i.Diag_PatchInit) for Diag_PatchInit
    sys_init_patch.o(i.SysInit_EntryPoint) refers to mw_fim_patch.o(i.MwFim_PreInit_patch) for MwFim_PreInit_patch
    sys_init_patch.o(i.SysInit_EntryPoint) refers to agent_patch.o(i.agent_pre_init_patch) for agent_pre_init_patch
    sys_init_patch.o(i.SysInit_EntryPoint) refers to sys_cfg_patch.o(i.sys_cfg_pre_init_patch) for sys_cfg_pre_init_patch
    sys_init_patch.o(i.SysInit_EntryPoint) refers to sys_init_patch.o(i.Test_ForSwPatch_patch) for Test_ForSwPatch_patch
    sys_init_patch.o(i.SysInit_EntryPoint) refers to sys_init_patch.o(i.Sys_DriverInit_patch) for Sys_DriverInit_patch
    sys_init_patch.o(i.SysInit_EntryPoint) refers to sys_init_patch.o(i.Sys_RomVersion_patch) for Sys_RomVersion_patch
[...]
    gMwFimAddrDhcpArpChk                     0x004099b4   Data           0  symdefs.o ABSOLUTE
    gMwFimAddrMacDataRate                    0x004099b8   Data           0  symdefs.o ABSOLUTE
    g_ulaMwFimAddrBufferCalAuxadc            0x004099bc   Data           0  symdefs.o ABSOLUTE
    g_ulaMwFimAddrBufferCalTmpr              0x004099c0   Data           0  symdefs.o ABSOLUTE
    g_MwFimAddrBufferMacAddrWifiSTASrc       0x004099c4   Data           0  symdefs.o ABSOLUTE
    g_MwFimAddrBufferMacAddrWifiAPSrc        0x004099c8   Data           0  symdefs.o ABSOLUTE
    g_MwFimAddrBufferMacAddrBleSrc           0x004099cc   Data           0  symdefs.o ABSOLUTE
    gMwFimAddrWifiStaMacAddr                 0x004099d0   Data           0  symdefs.o ABSOLUTE
    gMwFimAddrManufName                      0x004099d4   Data           0  symdefs.o ABSOLUTE
    g_u32aMwFimAddrLeCfg                     0x004099d8   Data           0  symdefs.o ABSOLUTE
    g_ulaMwFimAddrBufferSysMode              0x004099dc   Data           0  symdefs.o ABSOLUTE
    gLeHostNvmStore0                         0x004099e0   Data           0  symdefs.o ABSOLUTE
    gLeHostNvmStore1                         0x004099f0   Data           0  symdefs.o ABSOLUTE
    gLeHostNvmStore2                         0x004099f4   Data           0  symdefs.o ABSOLUTE
    gLeHostNvmStore3                         0x00409a14   Data           0  symdefs.o ABSOLUTE
    g_tMwOtaLayoutInfo                       0x00409a34   Data           0  symdefs.o ABSOLUTE
    g_ubMwOtaBoot                            0x00409a48   Data           0  symdefs.o ABSOLUTE
    g_bMwOtaImageIdx                         0x00409a49   Data           0  symdefs.o ABSOLUTE
    g_tMwOtaCurrentHeaderInfo                0x00409a4c   Data           0  symdefs.o ABSOLUTE
    g_ubMwOtaPrepareStatus                   0x00409a64   Data           0  symdefs.o ABSOLUTE
    g_tMwOtaPrepareHeaderInfo                0x00409a68   Data           0  symdefs.o ABSOLUTE
    g_ulMwOtaPrepareHeaderAddr               0x00409a80   Data           0  symdefs.o ABSOLUTE
    g_ulMwOtaPrepareImageAddr                0x00409a84   Data           0  symdefs.o ABSOLUTE
    g_ulMwOtaPrepareWriteAddr                0x00409a88   Data           0  symdefs.o ABSOLUTE
    g_ulMwOtaPrepareWriteSize                0x00409a8c   Data           0  symdefs.o ABSOLUTE
    g_tMwOtaEraseFunc                        0x00409a90   Data           0  symdefs.o ABSOLUTE
    g_tMwOtaWriteFunc                        0x00409a94   Data           0  symdefs.o ABSOLUTE
    g_tMwOtaReadFunc                         0x00409a98   Data           0  symdefs.o ABSOLUTE
    MwOta_Init                               0x00409a9c   Data           0  symdefs.o ABSOLUTE
    MwOta_VersionGet                         0x00409aa0   Data           0  symdefs.o ABSOLUTE
    MwOta_Prepare                            0x00409aa4   Data           0  symdefs.o ABSOLUTE
    MwOta_DataIn                             0x00409aa8   Data           0  symdefs.o ABSOLUTE
    MwOta_DataFinish                         0x00409aac   Data           0  symdefs.o ABSOLUTE
    MwOta_DataGiveUp                         0x00409ab0   Data           0  symdefs.o ABSOLUTE
    MwOta_CurrentIdxFake                     0x00409ab4   Data           0  symdefs.o ABSOLUTE
    MwOta_BootAddrGet                        0x00409ab8   Data           0  symdefs.o ABSOLUTE
    MwOta_HeaderSeqNumGet                    0x00409abc   Data           0  symdefs.o ABSOLUTE
    MwOta_ImageCheckSumLocal                 0x00409ac0   Data           0  symdefs.o ABSOLUTE
    MwOta_ImageCheckSumAlloc                 0x00409ac4   Data           0  symdefs.o ABSOLUTE
    MwOta_ImageCheckSumCompute               0x00409ac8   Data           0  symdefs.o ABSOLUTE
    MwOta_Boot_Init                          0x00409acc   Data           0  symdefs.o ABSOLUTE
    MwOta_Boot_CheckUartBehavior             0x00409ad0   Data           0  symdefs.o ABSOLUTE
    MwOta_Boot_LoadPatchImage                0x00409ad4   Data           0  symdefs.o ABSOLUTE
    MwOta_Boot_HeaderPaser                   0x00409ad8   Data           0  symdefs.o ABSOLUTE
    MwOta_Boot_WritePatchImage               0x00409adc   Data           0  symdefs.o ABSOLUTE
    mac_addr_get_config_source_api           0x00409ae0   Data           0  symdefs.o ABSOLUTE
    mac_addr_set_config_source_api           0x00409ae4   Data           0  symdefs.o ABSOLUTE
    sys_get_config_rf_power_level_api        0x00409ae8   Data           0  symdefs.o ABSOLUTE
    sys_set_config_rf_power_level_api        0x00409aec   Data           0  symdefs.o ABSOLUTE
    tcp_get_config_dhcp_arp_check_api        0x00409af0   Data           0  symdefs.o ABSOLUTE
    tcp_set_config_dhcp_arp_check_api        0x00409af4   Data           0  symdefs.o ABSOLUTE
    ble_set_config_bd_addr_api               0x00409af8   Data           0  symdefs.o ABSOLUTE
    ble_get_config_bd_addr_api               0x00409afc   Data           0  symdefs.o ABSOLUTE
    base_mac_addr_src_get_cfg                0x00409b00   Data           0  symdefs.o ABSOLUTE
    base_mac_addr_src_set_cfg                0x00409b04   Data           0  symdefs.o ABSOLUTE
    base_nvm_mac_addr_src_read               0x00409b08   Data           0  symdefs.o ABSOLUTE
    base_nvm_mac_addr_src_write              0x00409b0c   Data           0  symdefs.o ABSOLUTE
    get_rf_power_level                       0x00409b10   Data           0  symdefs.o ABSOLUTE
    set_rf_power_level                       0x00409b14   Data           0  symdefs.o ABSOLUTE
    get_dhcp_arp_check                       0x00409b18   Data           0  symdefs.o ABSOLUTE
    get_dhcp_arp_check_from_fim              0x00409b1c   Data           0  symdefs.o ABSOLUTE
    set_dhcp_arp_check                       0x00409b20   Data           0  symdefs.o ABSOLUTE
    set_dhcp_interval_retry_times            0x00409b24   Data           0  symdefs.o ABSOLUTE
    set_ble_bd_addr                          0x00409b28   Data           0  symdefs.o ABSOLUTE
    get_ble_bd_addr                          0x00409b2c   Data           0  symdefs.o ABSOLUTE
    Test_ForSwPatch                          0x00409b30   Data           0  symdefs.o ABSOLUTE
    SystemCoreClock                          0x00409b34   Data           0  symdefs.o ABSOLUTE
    SystemCoreDivFactor                      0x00409b38   Data           0  symdefs.o ABSOLUTE
    pxCurrentTCB                             0x00409b3c   Data           0  symdefs.o ABSOLUTE
    xFreeBytesRemaining                      0x00409b9c   Data           0  symdefs.o ABSOLUTE
    IS_M0_READY                              0x00409bac   Data           0  symdefs.o ABSOLUTE
    cmd_timer                                0x00409bb0   Data           0  symdefs.o ABSOLUTE
    g_bIpcReady                              0x00409bb4   Data           0  symdefs.o ABSOLUTE
    g_bIpcEnabled                            0x00409bb5   Data           0  symdefs.o ABSOLUTE
    g_tIpcSem                                0x00409bb8   Data           0  symdefs.o ABSOLUTE
    g_tIpcSemM3Msg                           0x00409bbc   Data           0  symdefs.o ABSOLUTE
    g_taIpcCbBody                            0x00409bc0   Data           0  symdefs.o ABSOLUTE
    uart_rx_event                            0x00409db8   Data           0  symdefs.o ABSOLUTE
    g_ptUserCmdProcessFunc                   0x00409dbc   Data           0  symdefs.o ABSOLUTE
    Diag_UserCmdSet                          0x00409dc0   Data           0  symdefs.o ABSOLUTE
    ps_sleep_time_s                          0x00409dc4   Data           0  symdefs.o ABSOLUTE
    ps_warm_boot_pybass_overflow_check       0x00409dc8   Data           0  symdefs.o ABSOLUTE
    ps_cache_psp_val                         0x00409dcc   Data           0  symdefs.o ABSOLUTE
    g_u8AgentInit                            0x00409dd0   Data           0  symdefs.o ABSOLUTE
    g_tAgentQueueId                          0x00409dd4   Data           0  symdefs.o ABSOLUTE
    g_tAgentThreadId                         0x00409dd8   Data           0  symdefs.o ABSOLUTE
    g_u8RfCfgInit                            0x00409ddc   Data           0  symdefs.o ABSOLUTE
    g_tRfCurrCfg                             0x00409ddd   Data           0  symdefs.o ABSOLUTE
    g_u8SysCfgClkSetByTask                   0x00409dde   Data           0  symdefs.o ABSOLUTE
    g_tSysCfgSem                             0x00409de0   Data           0  symdefs.o ABSOLUTE
    g_tSysCfgRspSem                          0x00409de4   Data           0  symdefs.o ABSOLUTE
    g_u8WifiCfgInit                          0x00409de8   Data           0  symdefs.o ABSOLUTE
    g_tWifiCurrCfg                           0x00409de9   Data           0  symdefs.o ABSOLUTE
    mac_loopback_q                           0x0040a584   Data           0  symdefs.o ABSOLUTE
    g_taIpcCmdRbBody                         0x0040a590   Data           0  symdefs.o ABSOLUTE
    g_taIpcEvtRbBody                         0x0040a5c4   Data           0  symdefs.o ABSOLUTE
    g_taIpcBleCmdRbBody                      0x0040a5f8   Data           0  symdefs.o ABSOLUTE
    g_taIpcBleEvtRbBody                      0x0040a62c   Data           0  symdefs.o ABSOLUTE
    g_taIpcBleTxRbBody                       0x0040a660   Data           0  symdefs.o ABSOLUTE
    g_taIpcBleRxRbBody                       0x0040a900   Data           0  symdefs.o ABSOLUTE
    g_taIpcWifiCmdRbBody                     0x0040a934   Data           0  symdefs.o ABSOLUTE
    g_taIpcWifiEvtRbBody                     0x0040a968   Data           0  symdefs.o ABSOLUTE
    g_taIpcWifiMsqTxRbBody                   0x0040a99c   Data           0  symdefs.o ABSOLUTE
    g_taIpcWifiMsqRxRbBody                   0x0040a9d0   Data           0  symdefs.o ABSOLUTE
    g_taIpcWifiApsTxRbBody                   0x0040aa04   Data           0  symdefs.o ABSOLUTE
    g_taIpcWifiApsRxRbBody                   0x0040aa38   Data           0  symdefs.o ABSOLUTE
    g_taIpcM0MsgRbBody                       0x0040aa6c   Data           0  symdefs.o ABSOLUTE
    g_taIpcM3MsgRbBody                       0x0040aaa0   Data           0  symdefs.o ABSOLUTE
    rx_buf                                   0x0040aad4   Data           0  symdefs.o ABSOLUTE
    g_eClkTreeSrc_Curr                       0x0040ab58   Data           0  symdefs.o ABSOLUTE
    g_u8ClkDivEn_Curr                        0x0040ab59   Data           0  symdefs.o ABSOLUTE
    g_u8PclkDivEn_Curr                       0x0040ab5a   Data           0  symdefs.o ABSOLUTE
    g_eClkTreeSrc_Resume                     0x0040ab5b   Data           0  symdefs.o ABSOLUTE
    g_u8ClkDivEn_Resume                      0x0040ab5c   Data           0  symdefs.o ABSOLUTE
    g_u8PclkDivEn_Resume                     0x0040ab5d   Data           0  symdefs.o ABSOLUTE
    DbgUart_RxCallBack                       0x0040ab60   Data           0  symdefs.o ABSOLUTE
    g_ubHalAux_Init                          0x0040ab68   Data           0  symdefs.o ABSOLUTE
    g_ubHalTmpr_Init                         0x0040ab69   Data           0  symdefs.o ABSOLUTE
    Hal_Patch_ProcessCmd                     0x0040ab70   Data           0  symdefs.o ABSOLUTE
    g_eFprt_ParamState                       0x0040aba8   Data           0  symdefs.o ABSOLUTE
    Fprt_WriteDigest                         0x0040abac   Data           0  symdefs.o ABSOLUTE
    Fprt_ParsingParam                        0x0040abb0   Data           0  symdefs.o ABSOLUTE
    g_tScrtResSem                            0x0040abc0   Data           0  symdefs.o ABSOLUTE
    g_tScrtEcdhSem                           0x0040abc4   Data           0  symdefs.o ABSOLUTE
    g_u32ScrtWaitResCnt                      0x0040abc8   Data           0  symdefs.o ABSOLUTE
    g_u32ScrtWaitRspCnt                      0x0040abcc   Data           0  symdefs.o ABSOLUTE
    g_tScrtRes                               0x0040abd0   Data           0  symdefs.o ABSOLUTE
    g_u32aScrtKeyParamFmt                    0x0040abe0   Data           0  symdefs.o ABSOLUTE
    g_bScrtSutTaskRun                        0x0040acc0   Data           0  symdefs.o ABSOLUTE
    g_tScrtSutTaskPri                        0x0040acc2   Data           0  symdefs.o ABSOLUTE
    g_saScrtSutTaskName                      0x0040accc   Data           0  symdefs.o ABSOLUTE
    u32SpiSpeed                              0x0040acdc   Data           0  symdefs.o ABSOLUTE
    g_u32aHwPubKey                           0x0040acf8   Data           0  symdefs.o ABSOLUTE
    g_u32aSwPrivKey                          0x0040ad38   Data           0  symdefs.o ABSOLUTE
    g_u32aSwPubKey                           0x0040ad58   Data           0  symdefs.o ABSOLUTE
    g_taScrtSutThreadId                      0x0040ad98   Data           0  symdefs.o ABSOLUTE
    g_baScrtError                            0x0040ada8   Data           0  symdefs.o ABSOLUTE
    g_baScrtCnt                              0x0040adb8   Data           0  symdefs.o ABSOLUTE
    g_fpaScrtSutTaskMain                     0x0040adc8   Data           0  symdefs.o ABSOLUTE
    g_bTracerInit                            0x0040add8   Data           0  symdefs.o ABSOLUTE
    g_tTracerPoolId                          0x0040addc   Data           0  symdefs.o ABSOLUTE
    g_tTracerQueueId                         0x0040ade0   Data           0  symdefs.o ABSOLUTE
    g_tTracerThreadId                        0x0040ade4   Data           0  symdefs.o ABSOLUTE
    g_ciphersuite_preference_table_ptr       0x0040ae00   Data           0  symdefs.o ABSOLUTE
    mbedtls_ssl_max_content_len              0x0040ae0c   Data           0  symdefs.o ABSOLUTE
    g_ubaMwFimVersionTable                   0x0040ae34   Data           0  symdefs.o ABSOLUTE
    g_taMwFimZoneInfoTable                   0x0040ae58   Data           0  symdefs.o ABSOLUTE
    g_ptaMwFimGroupInfoTable                 0x0040ae98   Data           0  symdefs.o ABSOLUTE
    gMwFimAddrTransLinkData                  0x0040af28   Data           0  symdefs.o ABSOLUTE
    gMwFimAddrAtBleWifi                      0x0040af2c   Data           0  symdefs.o ABSOLUTE
    g_u32BA_PrevSuccBaud                     0x0040af30   Data           0  symdefs.o ABSOLUTE
    BootAgent_ChangeBaud                     0x0040af34   Data           0  symdefs.o ABSOLUTE
    BootAgent_DelayMs                        0x0040af38   Data           0  symdefs.o ABSOLUTE
    ps_init                                  0x0040af3c   Data           0  symdefs.o ABSOLUTE
    ps_wait_xtal_ready                       0x0040af40   Data           0  symdefs.o ABSOLUTE
    ps_update_processing_time                0x0040af44   Data           0  symdefs.o ABSOLUTE
    ps_sleep                                 0x0040af48   Data           0  symdefs.o ABSOLUTE
    ps_update_boot_gpio_int_status           0x0040af4c   Data           0  symdefs.o ABSOLUTE
    ps_set_wakeup_callback_internal          0x0040af50   Data           0  symdefs.o ABSOLUTE
    ps_is_smart_sleep_enabled                0x0040af54   Data           0  symdefs.o ABSOLUTE
    ps_parse_command                         0x0040af58   Data           0  symdefs.o ABSOLUTE
    ps_snapshot_timers                       0x0040af5c   Data           0  symdefs.o ABSOLUTE
    ps_synchronize_timers                    0x0040af60   Data           0  symdefs.o ABSOLUTE
    ps_notify_msq_dreaming                   0x0040af64   Data           0  symdefs.o ABSOLUTE
    ps_get_1m_timer                          0x0040af68   Data           0  symdefs.o ABSOLUTE
    ps_default_io_callback                   0x0040af6c   Data           0  symdefs.o ABSOLUTE
    ps_default_wakeup_callback               0x0040af70   Data           0  symdefs.o ABSOLUTE
    ps_config_wakeup_ext_io                  0x0040af74   Data           0  symdefs.o ABSOLUTE
    ps_config_wakeup_callback                0x0040af78   Data           0  symdefs.o ABSOLUTE
    ps_enable_deep_sleep                     0x0040af7c   Data           0  symdefs.o ABSOLUTE
    ps_enable_timer_sleep                    0x0040af80   Data           0  symdefs.o ABSOLUTE
    ps_enable_smart_sleep                    0x0040af84   Data           0  symdefs.o ABSOLUTE
    ps_adjust_tick                           0x0040af88   Data           0  symdefs.o ABSOLUTE
    ps_task_create                           0x0040af8c   Data           0  symdefs.o ABSOLUTE
    ps_task_delete                           0x0040af90   Data           0  symdefs.o ABSOLUTE
    ps_is_timer_sleep_enable                 0x0040af94   Data           0  symdefs.o ABSOLUTE
    ps_conf_p                                0x0040af98   Data           0  symdefs.o ABSOLUTE
    ps_wakeup_callback_internal              0x0040af9c   Data           0  symdefs.o ABSOLUTE
    ps_wakeup_callback                       0x0040afa0   Data           0  symdefs.o ABSOLUTE
    ps_boot_gpio_int_status                  0x0040afa4   Data           0  symdefs.o ABSOLUTE
    curve_p                                  0x0040afb0   Data           0  symdefs.o ABSOLUTE
    curve_pb                                 0x0040afd0   Data           0  symdefs.o ABSOLUTE
    curve_b                                  0x0040aff4   Data           0  symdefs.o ABSOLUTE
    curve_G                                  0x0040b014   Data           0  symdefs.o ABSOLUTE
    curve_n                                  0x0040b054   Data           0  symdefs.o ABSOLUTE
    curve_nb                                 0x0040b074   Data           0  symdefs.o ABSOLUTE
    g_taTracerIntTaskInfoBody                0x0040b098   Data           0  symdefs.o ABSOLUTE
    g_taTracerExtTaskInfoBody                0x0040b318   Data           0  symdefs.o ABSOLUTE
    mbedtls_cipher_supported                 0x0040b598   Data           0  symdefs.o ABSOLUTE
    g_dhcp_retry_mode                        0x0040b6a0   Data           0  symdefs.o ABSOLUTE
    g_lwip_dhcp_autoip_coop_tries            0x0040b6a4   Data           0  symdefs.o ABSOLUTE
    g_dhcp_retry_interval                    0x0040b6a8   Data           0  symdefs.o ABSOLUTE
    pbuf_free_ooseq_pending                  0x0040b6bc   Data           0  symdefs.o ABSOLUTE
    g_sLwipHostName                          0x0040b6d0   Data           0  symdefs.o ABSOLUTE
    tid_SetupIFTask                          0x0040b6f8   Data           0  symdefs.o ABSOLUTE
    g_icmp_pkt                               0x0040b704   Data           0  symdefs.o ABSOLUTE
    lwip_debug_log                           0x0040b70c   Data           0  symdefs.o ABSOLUTE
    lwip_debug_flags                         0x0040b710   Data           0  symdefs.o ABSOLUTE
    lwip_cli                                 0x0040b828   Data           0  symdefs.o ABSOLUTE
    lwip_socket_cli                          0x0040b8f8   Data           0  symdefs.o ABSOLUTE
    lwip_debug_cli                           0x0040b948   Data           0  symdefs.o ABSOLUTE
    g_sta_retry_count                        0x0040b98c   Data           0  symdefs.o ABSOLUTE
    g_dot11ShortRetryLimit                   0x0040b990   Data           0  symdefs.o ABSOLUTE
    g_dot11LongRetryLimit                    0x0040b994   Data           0  symdefs.o ABSOLUTE
    g_dot11RTSThreshold                      0x0040b998   Data           0  symdefs.o ABSOLUTE
    g_cw_exp_min                             0x0040b99c   Data           0  symdefs.o ABSOLUTE
    g_cw_exp_max                             0x0040b99d   Data           0  symdefs.o ABSOLUTE
    g_tx_frame_info                          0x0040b9a0   Data           0  symdefs.o ABSOLUTE
    g_msq_tx_queue_entry                     0x0040b9a4   Data           0  symdefs.o ABSOLUTE
    g_aps_tx_queue_entry                     0x0040b9a8   Data           0  symdefs.o ABSOLUTE
    dbg_spi_late_t2r_count                   0x0040b9ac   Data           0  symdefs.o ABSOLUTE
    dbg_spi_late_t2r_max                     0x0040b9b0   Data           0  symdefs.o ABSOLUTE
    dbg_spi_late_r2t_count                   0x0040b9b4   Data           0  symdefs.o ABSOLUTE
    dbg_spi_late_r2t_max                     0x0040b9bc   Data           0  symdefs.o ABSOLUTE
    dbg_spi_late_t2r_time                    0x0040b9c4   Data           0  symdefs.o ABSOLUTE
    error_tx_tout                            0x0040b9c8   Data           0  symdefs.o ABSOLUTE
    error_tx_underflow                       0x0040b9cc   Data           0  symdefs.o ABSOLUTE
    error_rx_overflow                        0x0040b9d0   Data           0  symdefs.o ABSOLUTE
    g_cw_exp                                 0x0040b9d4   Data           0  symdefs.o ABSOLUTE
    bss_addr                                 0x0040b9d8   Data           0  symdefs.o ABSOLUTE
    own_mac_addr                             0x0040b9de   Data           0  symdefs.o ABSOLUTE
    ps_StaInfo                               0x0040b9e4   Data           0  symdefs.o ABSOLUTE
    tsf_rxdelay                              0x0040b9e8   Data           0  symdefs.o ABSOLUTE
    p_bss_info                               0x0040b9ec   Data           0  symdefs.o ABSOLUTE
    g_wifi_mac_msq_rx_entry_current          0x0040b9f0   Data           0  symdefs.o ABSOLUTE
    g_wifi_mac_aps_rx_entry_current          0x0040b9f4   Data           0  symdefs.o ABSOLUTE
    send_beacon_flag                         0x0040b9f8   Data           0  symdefs.o ABSOLUTE
    g_eapol_frame_en                         0x0040b9fc   Data           0  symdefs.o ABSOLUTE
    g_tRxDataReasmTmr                        0x0040ba00   Data           0  symdefs.o ABSOLUTE
    g_u8TkipMicErr                           0x0040ba04   Data           0  symdefs.o ABSOLUTE
    wifi_debug_level                         0x0040ba08   Data           0  symdefs.o ABSOLUTE
    wifi_debug_show_keys                     0x0040ba0c   Data           0  symdefs.o ABSOLUTE
    wifi_wpa_debug_timestamp                 0x0040ba10   Data           0  symdefs.o ABSOLUTE
    g_cmd_rec                                0x0040ba14   Data           0  symdefs.o ABSOLUTE
    g_wifi_ctrl_st                           0x0040ba15   Data           0  symdefs.o ABSOLUTE
    g_wifi_reconnection_times                0x0040ba16   Data           0  symdefs.o ABSOLUTE
    g_wifi_reconnection_counter              0x0040ba17   Data           0  symdefs.o ABSOLUTE
    wifi_cmd_tout_timer                      0x0040ba18   Data           0  symdefs.o ABSOLUTE
    g_tCtrlWifiPsTimer                       0x0040ba1c   Data           0  symdefs.o ABSOLUTE
    g_cmd_retry                              0x0040ba20   Data           0  symdefs.o ABSOLUTE
    g_mac_tx_data_rate                       0x0040ba24   Data           0  symdefs.o ABSOLUTE
    gScanReport                              0x0040ba2c   Data           0  symdefs.o ABSOLUTE
    g_set_wpa_mode                           0x0040ba34   Data           0  symdefs.o ABSOLUTE
    g_u8AutoConnFimLoadMsk                   0x0040ba3c   Data           0  symdefs.o ABSOLUTE
    g_u8AutoConnMode                         0x0040ba3d   Data           0  symdefs.o ABSOLUTE
    g_u8AutoConnApNum                        0x0040ba3e   Data           0  symdefs.o ABSOLUTE
    g_u8StaInfoFimLoadMsk                    0x0040ba3f   Data           0  symdefs.o ABSOLUTE
    g_tAutoConnCfg                           0x0040ba40   Data           0  symdefs.o ABSOLUTE
    pbkdf2_sha1_f                            0x0040ba48   Data           0  symdefs.o ABSOLUTE
    pbkdf2_sha1                              0x0040ba4c   Data           0  symdefs.o ABSOLUTE
    wpa_msg_cb                               0x0040ba50   Data           0  symdefs.o ABSOLUTE
    g_u8WpasMicErrIdx                        0x0040ba54   Data           0  symdefs.o ABSOLUTE
    g_wifi_certification                     0x0040ba58   Data           0  symdefs.o ABSOLUTE
    gConnectedSem                            0x0040ba60   Data           0  symdefs.o ABSOLUTE
    memp_memory_PBUF_POOL_base               0x0040ba9c   Data           0  symdefs.o ABSOLUTE
    g_tcp_arg                                0x00411a70   Data           0  symdefs.o ABSOLUTE
    g_ping_arg                               0x00411a88   Data           0  symdefs.o ABSOLUTE
    g_tRxDataReasmCb                         0x00411aac   Data           0  symdefs.o ABSOLUTE
    wifi_key                                 0x00411ab8   Data           0  symdefs.o ABSOLUTE
    frame_tx_buf                             0x00411ae8   Data           0  symdefs.o ABSOLUTE
    frame_rx_buf                             0x00412128   Data           0  symdefs.o ABSOLUTE
    scan_result                              0x00412768   Data           0  symdefs.o ABSOLUTE
    g_tWifiScanCfg                           0x00414de8   Data           0  symdefs.o ABSOLUTE
    wifi_config                              0x00414e20   Data           0  symdefs.o ABSOLUTE
    g_u8aStaInfoManufName                    0x00414f10   Data           0  symdefs.o ABSOLUTE
    g_taWpasMicErrCB                         0x00414f54   Data           0  symdefs.o ABSOLUTE
    g_u32PrivKeyId                           0x00414f84   Data           0  symdefs.o ABSOLUTE
    g_isLeTestEnable                         0x00414f88   Data           0  symdefs.o ABSOLUTE
    g_AckCnt                                 0x00414f8c   Data           0  symdefs.o ABSOLUTE
    g_u32aPubKey                             0x00414fc0   Data           0  symdefs.o ABSOLUTE
    g_u32aPrivKey                            0x00415000   Data           0  symdefs.o ABSOLUTE
    g_LeCfg                                  0x00415020   Data           0  symdefs.o ABSOLUTE
    gAtCmdTbl_Sys                            0x00415328   Data           0  symdefs.o ABSOLUTE
    g_skip_dtim                              0x004154a8   Data           0  symdefs.o ABSOLUTE
    g_wifi_init_mode                         0x004154ac   Data           0  symdefs.o ABSOLUTE
    g_wifi_argc                              0x004154b0   Data           0  symdefs.o ABSOLUTE
    gAtCmdTbl_Wifi                           0x004154b4   Data           0  symdefs.o ABSOLUTE
    gAtCmdTbl_Tcpip                          0x00415734   Data           0  symdefs.o ABSOLUTE
    g_u8RfCmdRun                             0x00415854   Data           0  symdefs.o ABSOLUTE
    gAtCmdTbl_Rf                             0x00415858   Data           0  symdefs.o ABSOLUTE
    gAtCmdTbl_Pip                            0x00415948   Data           0  symdefs.o ABSOLUTE
    gAtCmdTbl_Others                         0x00415a08   Data           0  symdefs.o ABSOLUTE
    g_tSwitchuartSem                         0x00415a98   Data           0  symdefs.o ABSOLUTE
    at_state                                 0x00415a9c   Data           0  symdefs.o ABSOLUTE
    g_eIO01UartMode                          0x00415a9d   Data           0  symdefs.o ABSOLUTE
    pDataLine                                0x00415aa4   Data           0  symdefs.o ABSOLUTE
    at_wifi_status                           0x00415ac4   Data           0  symdefs.o ABSOLUTE
    at_wifi_reason                           0x00415ac8   Data           0  symdefs.o ABSOLUTE
    at_app_task_id                           0x00415acc   Data           0  symdefs.o ABSOLUTE
    at_wifi_auto_reconnect_flag              0x00415ad0   Data           0  symdefs.o ABSOLUTE
    gAtCmdTbl_property                       0x00415ad4   Data           0  symdefs.o ABSOLUTE
    g_wifi_argv                              0x00415af8   Data           0  symdefs.o ABSOLUTE
    g_tRfCmd                                 0x00415b20   Data           0  symdefs.o ABSOLUTE
    at_data_line                             0x00415b50   Data           0  symdefs.o ABSOLUTE
    cmd_info_buf                             0x00416350   Data           0  symdefs.o ABSOLUTE
    at_cmd_info                              0x00416450   Data           0  symdefs.o ABSOLUTE
    __heap_base                              0x00416480   Data           0  symdefs.o ABSOLUTE
    __Patch_EntryPoint                       0x004164a1   Thumb Code    46  main_patch.o(ENTRY_POINT)
    __heap_limit                             0x004164a0   Data           0  symdefs.o ABSOLUTE
    CmdProcess_patch                         0x004164f9   Thumb Code   338  diag_task_patch.o(i.CmdProcess_patch)
    Diag_PatchInit                           0x00416705   Thumb Code    14  diag_task_patch.o(i.Diag_PatchInit)
    Hal_Aux_AdcUpdateCtrlReg                 0x00416725   Thumb Code    74  hal_auxadc_patch.o(i.Hal_Aux_AdcUpdateCtrlReg)
    Hal_Aux_AdcValueGet_patch                0x00416775   Thumb Code   298  hal_auxadc_patch.o(i.Hal_Aux_AdcValueGet_patch)
    Hal_Aux_PatchInit                        0x004168b5   Thumb Code     8  hal_auxadc_patch.o(i.Hal_Aux_PatchInit)
    Hal_DbgUart_BaudRateGet_patch            0x004168c5   Thumb Code    22  hal_dbg_uart_patch.o(i.Hal_DbgUart_BaudRateGet_patch)
    Hal_DbgUart_BaudRateSet_patch            0x004168e1   Thumb Code    58  hal_dbg_uart_patch.o(i.Hal_DbgUart_BaudRateSet_patch)
    Hal_DbgUart_DividerUpdate                0x00416929   Thumb Code     8  hal_dbg_uart_patch.o(i.Hal_DbgUart_DividerUpdate)
    Hal_DbgUart_PatchInit                    0x00416935   Thumb Code    14  hal_dbg_uart_patch.o(i.Hal_DbgUart_PatchInit)
    Hal_Gpio_Init                            0x00416955   Thumb Code    24  hal_gpio.o(i.Hal_Gpio_Init)
    Hal_Gpio_SleepIoAutoCtrlSet              0x00416975   Thumb Code    54  hal_gpio.o(i.Hal_Gpio_SleepIoAutoCtrlSet)
    Hal_Pin_ConfigSet_patch                  0x004169b1   Thumb Code    26  hal_pin_patch.o(i.Hal_Pin_ConfigSet_patch)
    Hal_Pin_PatchInit                        0x004169cd   Thumb Code     8  hal_pin_patch.o(i.Hal_Pin_PatchInit)
    Hal_Pin_SetAutoControl                   0x004169dd   Thumb Code    66  hal_pin_patch.o(i.Hal_Pin_SetAutoControl)
    Hal_Spi_BaudRateGet_patch                0x00416a25   Thumb Code    28  hal_spi_patch.o(i.Hal_Spi_BaudRateGet_patch)
    Hal_Spi_BaudRateSet_patch                0x00416a45   Thumb Code    86  hal_spi_patch.o(i.Hal_Spi_BaudRateSet_patch)
    Hal_Spi_DividerUpdate                    0x00416aa5   Thumb Code    24  hal_spi_patch.o(i.Hal_Spi_DividerUpdate)
    Hal_Spi_PatchInit                        0x00416ac1   Thumb Code    14  hal_spi_patch.o(i.Hal_Spi_PatchInit)
    Hal_SysPinMuxAppInit_patch               0x00416ae1   Thumb Code   248  hal_system_patch.o(i.Hal_SysPinMuxAppInit_patch)
    Hal_Sys_ApsClkChangeApply_patch          0x00416bdd   Thumb Code   128  hal_system_patch.o(i.Hal_Sys_ApsClkChangeApply_patch)
    Hal_Sys_ApsPclkGet                       0x00416c6d   Thumb Code    28  hal_system_patch.o(i.Hal_Sys_ApsPclkGet)
    Hal_Sys_PatchInit                        0x00416c8d   Thumb Code    20  hal_system_patch.o(i.Hal_Sys_PatchInit)
    Hal_Sys_RetRamTurnOff_patch              0x00416cb9   Thumb Code    40  hal_system_patch.o(i.Hal_Sys_RetRamTurnOff_patch)
    Hal_Uart_BaudRateSet_patch               0x00416ce9   Thumb Code    80  hal_uart_patch.o(i.Hal_Uart_BaudRateSet_patch)
    Hal_Uart_PatchInit                       0x00416d45   Thumb Code     8  hal_uart_patch.o(i.Hal_Uart_PatchInit)
    Hal_Vic_GpioPinmux_patch                 0x00416d55   Thumb Code    30  hal_vic_patch.o(i.Hal_Vic_GpioPinmux_patch)
    Hal_Vic_PatchInit                        0x00416d75   Thumb Code     8  hal_vic_patch.o(i.Hal_Vic_PatchInit)
    Ipc_PreInit_patch                        0x00416d85   Thumb Code   196  ipc_patch.o(i.Ipc_PreInit_patch)
    LeCmdAppCmdPatch_Init                    0x00416ed9   Thumb Code    84  ble_cmd_app_cmd_patch.o(i.LeCmdAppCmdPatch_Init)
    LeCmdAppDbPatch_Init                     0x00416f41   Thumb Code    20  ble_cmd_app_db_patch.o(i.LeCmdAppDbPatch_Init)
    LeCmdAppEnableAutoTest2                  0x00416f5d   Thumb Code     8  ble_cmd_app_patch.o(i.LeCmdAppEnableAutoTest2)
    LeCmdAppPatch_Init                       0x00417019   Thumb Code    34  ble_cmd_app_patch.o(i.LeCmdAppPatch_Init)
    LeGapDisconnectWithReason                0x004172b5   Thumb Code     6  ble_gap_if_patch.o(i.LeGapDisconnectWithReason)
    LeGapIfPatch_Init                        0x004172c1   Thumb Code    14  ble_gap_if_patch.o(i.LeGapIfPatch_Init)
    LeHostPatchAssign                        0x004174d5   Thumb Code    52  ble_host_patch_init.o(i.LeHostPatchAssign)
    LeHostPatchVarGet                        0x00417509   Thumb Code    20  ble_host_patch_var.o(i.LeHostPatchVarGet)
    LeHostPatchVarPatch_Init                 0x00417521   Thumb Code     8  ble_host_patch_var.o(i.LeHostPatchVarPatch_Init)
    LeHostPatchVarSet                        0x0041752d   Thumb Code    18  ble_host_patch_var.o(i.LeHostPatchVarSet)
    LeHostSetVarFn                           0x00417db1   Thumb Code     6  ble_host_patch_var.o(i.LeHostSetVarFn)
    LeHostTestCmdPatch_Init                  0x00417dbd   Thumb Code    76  ble_host_test_cmd_patch.o(i.LeHostTestCmdPatch_Init)
    LePtsAppCmdPatch_Init                    0x0041836d   Thumb Code    92  ble_pts_app_cmd_patch.o(i.LePtsAppCmdPatch_Init)
    LePtsAppDbPatch_Init                     0x004183d9   Thumb Code    44  ble_pts_app_db_patch.o(i.LePtsAppDbPatch_Init)
    LePtsAppGattPatch_Init                   0x00418419   Thumb Code    36  ble_pts_app_gatt_patch.o(i.LePtsAppGattPatch_Init)
    LeSmpHandlerPatch_Init                   0x0041884d   Thumb Code    14  ble_smp_handler_patch.o(i.LeSmpHandlerPatch_Init)
    MwFim_PreInit_patch                      0x00419271   Thumb Code     8  mw_fim_patch.o(i.MwFim_PreInit_patch)
    ShowRevisionCommand                      0x0041931d   Thumb Code    32  diag_task_patch.o(i.ShowRevisionCommand)
    SysInit_EntryPoint                       0x00419391   Thumb Code   146  sys_init_patch.o(i.SysInit_EntryPoint)
    Sys_DriverInit_patch                     0x00419455   Thumb Code   348  sys_init_patch.o(i.Sys_DriverInit_patch)
    Sys_PostInit_patch                       0x00419639   Thumb Code    16  sys_init_patch.o(i.Sys_PostInit_patch)
    Sys_RomVersion_patch                     0x00419649   Thumb Code    12  sys_init_patch.o(i.Sys_RomVersion_patch)
    Sys_ServiceInit_patch                    0x0041966d   Thumb Code    16  sys_init_patch.o(i.Sys_ServiceInit_patch)
    Sys_SetUnsuedSramEndBound                0x00419681   Thumb Code     6  sys_init_patch.o(i.Sys_SetUnsuedSramEndBound)
    Sys_SwitchOffUnusedSram                  0x0041968d   Thumb Code    78  sys_init_patch.o(i.Sys_SwitchOffUnusedSram)
    Test_ForSwPatch_patch                    0x004196e9   Thumb Code     2  sys_init_patch.o(i.Test_ForSwPatch_patch)
    __0snprintf                              0x004196ed   Thumb Code    44  printfa.o(i.__0snprintf)
    __1snprintf                              0x004196ed   Thumb Code     0  printfa.o(i.__0snprintf)
    __2snprintf                              0x004196ed   Thumb Code     0  printfa.o(i.__0snprintf)
    __c89snprintf                            0x004196ed   Thumb Code     0  printfa.o(i.__0snprintf)
    snprintf                                 0x004196ed   Thumb Code     0  printfa.o(i.__0snprintf)
    __0vsnprintf                             0x0041971d   Thumb Code    40  printfa.o(i.__0vsnprintf)
    __1vsnprintf                             0x0041971d   Thumb Code     0  printfa.o(i.__0vsnprintf)
    __2vsnprintf                             0x0041971d   Thumb Code     0  printfa.o(i.__0vsnprintf)
    __c89vsnprintf                           0x0041971d   Thumb Code     0  printfa.o(i.__0vsnprintf)
    vsnprintf                                0x0041971d   Thumb Code     0  printfa.o(i.__0vsnprintf)
    agent_data_handle_reg_patch              0x0041a011   Thumb Code     8  agent_patch.o(i.agent_data_handle_reg_patch)
    agent_init_patch                         0x0041a01d   Thumb Code   150  agent_patch.o(i.agent_init_patch)
    agent_msg_send_patch                     0x0041a149   Thumb Code   188  agent_patch.o(i.agent_msg_send_patch)
    agent_pre_init_patch                     0x0041a281   Thumb Code    44  agent_patch.o(i.agent_pre_init_patch)
    agent_task_main_patch                    0x0041a2d9   Thumb Code   204  agent_patch.o(i.agent_task_main_patch)
    at_blewifi_auto_trans_init_patch         0x0041a43d   Thumb Code   102  at_cmd_task_patch.o(i.at_blewifi_auto_trans_init_patch)
    at_cmd_app_func_preinit_patch            0x0041a4e1   Thumb Code    14  at_cmd_app_patch.o(i.at_cmd_app_func_preinit_patch)
    at_cmd_common_func_init_patch            0x0041a501   Thumb Code    14  at_cmd_common_patch.o(i.at_cmd_common_func_init_patch)
    at_cmd_crlf_term_get_patch               0x0041a521   Thumb Code     6  at_cmd_task_patch.o(i.at_cmd_crlf_term_get_patch)
    at_cmd_crlf_term_set_patch               0x0041a52d   Thumb Code    12  at_cmd_task_patch.o(i.at_cmd_crlf_term_set_patch)
    at_cmd_ext_crlf_term                     0x0041a53d   Thumb Code   108  at_cmd_ext_patch.o(i.at_cmd_ext_crlf_term)
    at_cmd_ext_le_info                       0x0041a5d9   Thumb Code    92  at_cmd_ext_patch.o(i.at_cmd_ext_le_info)
    at_cmd_func_init_patch                   0x0041a649   Thumb Code     8  at_cmd_patch.o(i.at_cmd_func_init_patch)
    at_cmd_handler_patch                     0x0041a659   Thumb Code    10  at_cmd_patch.o(i.at_cmd_handler_patch)
    at_cmd_mp_ble_addr_patch                 0x0041a665   Thumb Code   168  at_cmd_ble_patch.o(i.at_cmd_mp_ble_addr_patch)
    at_cmd_ping_callback_patch               0x0041a74d   Thumb Code    34  at_cmd_tcpip_patch.o(i.at_cmd_ping_callback_patch)
    at_cmd_sys_func_init_patch               0x0041a77d   Thumb Code    48  at_cmd_sys_patch.o(i.at_cmd_sys_func_init_patch)
    at_cmd_sys_fwver_patch                   0x0041a7d5   Thumb Code    80  at_cmd_sys_patch.o(i.at_cmd_sys_fwver_patch)
    at_cmd_sys_gmr_patch                     0x0041a879   Thumb Code    50  at_cmd_sys_patch.o(i.at_cmd_sys_gmr_patch)
    at_cmd_sys_gslp_patch                    0x0041a919   Thumb Code   116  at_cmd_sys_patch.o(i.at_cmd_sys_gslp_patch)
    at_cmd_sys_sleep_patch                   0x0041a9b1   Thumb Code   230  at_cmd_sys_patch.o(i.at_cmd_sys_sleep_patch)
    at_cmd_tcpip_api_preinit_patch           0x0041aabd   Thumb Code    54  at_cmd_tcpip_patch.o(i.at_cmd_tcpip_api_preinit_patch)
    at_cmd_tcpip_cipserver_patch             0x0041ab31   Thumb Code    24  at_cmd_tcpip_patch.o(i.at_cmd_tcpip_cipserver_patch)
    at_cmd_tcpip_cipstart_patch              0x0041ab51   Thumb Code   114  at_cmd_tcpip_patch.o(i.at_cmd_tcpip_cipstart_patch)
    at_cmd_tcpip_ping_patch                  0x0041abd1   Thumb Code   258  at_cmd_tcpip_patch.o(i.at_cmd_tcpip_ping_patch)
    at_cmd_tcpip_savetranslink_patch         0x0041ad2d   Thumb Code   114  at_cmd_tcpip_patch.o(i.at_cmd_tcpip_savetranslink_patch)
    at_cmd_wifi_cwmode_patch                 0x0041b021   Thumb Code    22  at_cmd_wifi_patch.o(i.at_cmd_wifi_cwmode_patch)
    at_cmd_wifi_func_init_patch              0x0041b03d   Thumb Code    68  at_cmd_wifi_patch.o(i.at_cmd_wifi_func_init_patch)
    at_cmd_wifi_hook_patch                   0x0041b099   Thumb Code    36  at_cmd_app_patch.o(i.at_cmd_wifi_hook_patch)
    at_create_tcpip_tx_task_patch            0x0041b0c5   Thumb Code    14  at_cmd_tcpip_patch.o(i.at_create_tcpip_tx_task_patch)
    at_func_init_patch                       0x0041b0d9   Thumb Code    46  at_cmd_func_patch.o(i.at_func_init_patch)
    at_module_init_patch                     0x0041b111   Thumb Code   194  at_cmd_task_patch.o(i.at_module_init_patch)
    at_msg_ext_init_patch                    0x0041b2a9   Thumb Code     2  at_cmd_msg_ext_patch.o(i.at_msg_ext_init_patch)
    at_task_func_init_patch                  0x0041b45d   Thumb Code    34  at_cmd_task_patch.o(i.at_task_func_init_patch)
    at_task_patch                            0x0041b4a9   Thumb Code   292  at_cmd_task_patch.o(i.at_task_patch)
    at_term_char_remove_patch                0x0041b655   Thumb Code    36  at_cmd_task_patch.o(i.at_term_char_remove_patch)
    at_trans_client_init_patch               0x0041b679   Thumb Code    22  at_cmd_tcpip_patch.o(i.at_trans_client_init_patch)
    at_wifi_event_handler_cb_patch           0x0041b695   Thumb Code   312  at_cmd_app_patch.o(i.at_wifi_event_handler_cb_patch)
    controller_task_create_patch             0x0041b899   Thumb Code   152  controller_task_patch.o(i.controller_task_create_patch)
    controller_task_func_init_patch          0x0041ba51   Thumb Code     8  controller_task_patch.o(i.controller_task_func_init_patch)
    controller_task_patch                    0x0041ba61   Thumb Code   196  controller_task_patch.o(i.controller_task_patch)
    ctrl_wifi_evt_cfg_patch                  0x0041bd29   Thumb Code   136  controller_wifi_patch.o(i.ctrl_wifi_evt_cfg_patch)
    data_process_ble_patch                   0x0041bded   Thumb Code    54  at_cmd_data_process_patch.o(i.data_process_ble_patch)
    data_process_handler_patch               0x0041be41   Thumb Code   230  at_cmd_data_process_patch.o(i.data_process_handler_patch)
    data_process_others_patch                0x0041bf59   Thumb Code    70  at_cmd_data_process_patch.o(i.data_process_others_patch)
    data_process_property_patch              0x0041bfa9   Thumb Code    56  at_cmd_data_process_patch.o(i.data_process_property_patch)
    data_process_rf_patch                    0x0041bfe9   Thumb Code    56  at_cmd_data_process_patch.o(i.data_process_rf_patch)
    data_process_sys_patch                   0x0041c029   Thumb Code    56  at_cmd_data_process_patch.o(i.data_process_sys_patch)
    data_process_tcpip_patch                 0x0041c069   Thumb Code    56  at_cmd_data_process_patch.o(i.data_process_tcpip_patch)
    data_process_wifi_patch                  0x0041c0a9   Thumb Code    56  at_cmd_data_process_patch.o(i.data_process_wifi_patch)
    diag_task_patch                          0x0041c0e9   Thumb Code   118  diag_task_patch.o(i.diag_task_patch)
    ipc_m0_msg_handle_patch                  0x0041c1cd   Thumb Code    26  data_flow_patch.o(i.ipc_m0_msg_handle_patch)
    ipc_rb_init_patch                        0x0041c1ed   Thumb Code    96  ipc_patch.o(i.ipc_rb_init_patch)
    ipc_rb_write_patch                       0x0041c24d   Thumb Code    76  ipc_patch.o(i.ipc_rb_write_patch)
    ipc_rf_at_process_M0ToM3_patch           0x0041c2c1   Thumb Code   142  data_flow_patch.o(i.ipc_rf_at_process_M0ToM3_patch)
    ipc_wifi_cmd_send_patch                  0x0041c409   Thumb Code    98  ipc_patch.o(i.ipc_wifi_cmd_send_patch)
    le_ctrl_hci_proc_rx_event_patch          0x0041c4ad   Thumb Code    26  le_ctrl_hci_patch.o(i.le_ctrl_hci_proc_rx_event_patch)
    le_ctrl_init_patch                       0x0041c4c9   Thumb Code   276  le_ctrl_hci_patch.o(i.le_ctrl_init_patch)
    le_ctrl_packet_info_display              0x0041c69d   Thumb Code    98  le_ctrl_cmd_patch.o(i.le_ctrl_packet_info_display)
    le_ctrl_pkt_info_display_timer           0x0041c719   Thumb Code    20  le_ctrl_cmd_patch.o(i.le_ctrl_pkt_info_display_timer)
    le_ctrl_pre_patch_init                   0x0041c735   Thumb Code    14  le_ctrl_func_map_patch.o(i.le_ctrl_pre_patch_init)
    lwip_load_interface_lwip_helper_patch    0x0041c801   Thumb Code     8  lwip_helper_patch.o(i.lwip_load_interface_lwip_helper_patch)
    lwip_load_interface_tcp_patch            0x0041c811   Thumb Code    26  tcp_patch.o(i.lwip_load_interface_tcp_patch)
    lwip_load_interface_tcpip_patch          0x0041c849   Thumb Code    20  tcpip_patch.o(i.lwip_load_interface_tcpip_patch)
    lwip_load_interface_wlannetif_patch      0x0041c875   Thumb Code     8  wlannetif_patch.o(i.lwip_load_interface_wlannetif_patch)
    lwip_module_interface_init_patch         0x0041c885   Thumb Code    22  lwip_jmptbl_patch.o(i.lwip_module_interface_init_patch)
    lwip_tcpip_init_patch                    0x0041c89d   Thumb Code   184  lwip_helper_patch.o(i.lwip_tcpip_init_patch)
    opulinks_dummy                           0x0041ca0d   Thumb Code     2  opulinks_wrapper.o(i.opulinks_dummy)
    ps_enable_timer_sleep_patch              0x0041ca11   Thumb Code    26  ps_patch.o(i.ps_enable_timer_sleep_patch)
    ps_patch_init                            0x0041ca35   Thumb Code    14  ps_func_map_patch.o(i.ps_patch_init)
    ps_sleep_patch                           0x0041ca55   Thumb Code   102  ps_patch.o(i.ps_sleep_patch)
    ps_timer_sleep                           0x0041cad5   Thumb Code     6  ps_wrap_patch.o(i.ps_timer_sleep)
    sys_cfg_init_patch                       0x0041cae1   Thumb Code    90  sys_cfg_patch.o(i.sys_cfg_init_patch)
    sys_cfg_pre_init_patch                   0x0041cb75   Thumb Code    14  sys_cfg_patch.o(i.sys_cfg_pre_init_patch)
    sys_cfg_rf_init_patch                    0x0041cb95   Thumb Code   110  sys_cfg_patch.o(i.sys_cfg_rf_init_patch)
    sys_cfg_rf_set_patch                     0x0041cc49   Thumb Code   128  sys_cfg_patch.o(i.sys_cfg_rf_set_patch)
    tcp_alloc_patch                          0x0041cd45   Thumb Code   500  tcp_patch.o(i.tcp_alloc_patch)
    tcp_slowtmr_patch                        0x0041d1c5   Thumb Code  2126  tcp_patch.o(i.tcp_slowtmr_patch)
    uart1_rx_int_at_data_receive_app_patch   0x0041dbad   Thumb Code    80  at_cmd_common_patch.o(i.uart1_rx_int_at_data_receive_app_patch)
    uart1_rx_int_do_at_patch                 0x0041dc11   Thumb Code   204  at_cmd_common_patch.o(i.uart1_rx_int_do_at_patch)
    uartdbg_rx_int_handler_patch             0x0041dcfd   Thumb Code   128  diag_task_patch.o(i.uartdbg_rx_int_handler_patch)
    vendor_specific_get_packet_info_statistics_event_handler 0x0041dd89   Thumb Code    72  le_ctrl_hci_handler_patch.o(i.vendor_specific_get_packet_info_statistics_event_handler)
    wifi_api_func_init_patch                 0x0041ddd9   Thumb Code    32  wifi_api_patch.o(i.wifi_api_func_init_patch)
    wifi_ctrl_init_patch                     0x0041e1a1   Thumb Code    80  controller_wifi_patch.o(i.wifi_ctrl_init_patch)
    wifi_install_default_event_handlers_ex   0x0041e2dd   Thumb Code     8  wifi_event_handler_patch.o(i.wifi_install_default_event_handlers_ex)
    wifi_service_func_init_patch             0x0041e6d1   Thumb Code     4  wifi_service_func_init_patch.o(i.wifi_service_func_init_patch)
    wifi_set_sta_cfg_req_patch               0x0041e6d5   Thumb Code    80  controller_wifi_patch.o(i.wifi_set_sta_cfg_req_patch)
    wifi_sta_info_init_fn_impl               0x0041e735   Thumb Code   216  controller_wifi_patch.o(i.wifi_sta_info_init_fn_impl)
    wifi_sta_info_init_patch                 0x0041e875   Thumb Code     2  controller_wifi_patch.o(i.wifi_sta_info_init_patch)
    wifi_station_connect_failed_event_handler 0x0041e879   Thumb Code    46  lwip_helper_patch.o(i.wifi_station_connect_failed_event_handler)
    wpa_cli_func_init_patch                  0x0041e8dd   Thumb Code     8  wpa_cli.o(i.wpa_cli_func_init_patch)
    wpa_driver_func_init_patch               0x0041e965   Thumb Code    14  driver_netlink_patch.o(i.wpa_driver_func_init_patch)
    wpa_driver_netlink_scan_by_cfg_patch     0x0041e985   Thumb Code    98  driver_netlink_patch.o(i.wpa_driver_netlink_scan_by_cfg_patch)
    wpa_driver_netlink_scan_patch            0x0041ea39   Thumb Code    94  driver_netlink_patch.o(i.wpa_driver_netlink_scan_patch)
    sramEndBound                             0x0041f354   Data           4  sys_init_patch.o(misc)
    g_fpAgentDataHandle                      0x0041f358   Data           4  agent_patch.o(misc)
    g_pAgentDataParam                        0x0041f35c   Data           4  agent_patch.o(misc)
    g_u32IpcSleepIoCfgAddr                   0x0041f360   Data           4  ipc_patch.o(misc)
    ipc_wifi_cmd_retry_def                   0x0041f364   Data           4  controller_wifi_patch.o(misc)
    wifi_cfg_tout_timer                      0x0041f368   Data           4  controller_wifi_patch.o(misc)
    wifi_cmd_scan_timer                      0x0041f36c   Data           4  controller_wifi_patch.o(misc)
    g_psHal_Gpio_SleepIoCfg                  0x0041f374   Data           4  hal_gpio.o(misc)
    g_Spi_psaSpiReg                          0x0041f378   Data          12  hal_spi_patch.o(misc)
    g_Uart_psaUartReg                        0x0041f384   Data           8  hal_uart_patch.o(misc)
    g_u8AtCrLfTerm                           0x0041f38c   Data           1  at_cmd_task_patch.o(misc)
    g_sAtPendBuf                             0x0041f390   Data           4  at_cmd_task_patch.o(misc)
    gATLapOpt                                0x0041f394   Data           4  at_cmd_wifi_patch.o(misc)
    gAtCmdTbl_Ext                            0x0041f398   Data          36  at_cmd_ext_patch.o(misc)
    g_memp_num_tcp_pcb                       0x0041f3bc   Data           1  tcp_patch.o(misc)
    g_u32AtAppDataMax                        0x0041f3c4   Data           4  at_cmd_data_process_patch.o(misc)
    g_u32AtAppDataCurr                       0x0041f3c8   Data           4  at_cmd_data_process_patch.o(misc)
    g_u32AtAppDataOffset                     0x0041f3cc   Data           4  at_cmd_data_process_patch.o(misc)
    Image$$RW_IRAM1$$ZI$$Base                0x0041f3d0   Number         0  anon$$obj.o ABSOLUTE
    agent_data_handle_reg                    0x0041f3d0   Data           4  agent_patch.o(RET_REGION)
    gLePtsGattSecLevel                       0x0041f424   Data           1  ble_pts_app_cmd_patch.o(RET_REGION)
    gLePtsGattWrToDb                         0x0041f425   Data           1  ble_pts_app_cmd_patch.o(RET_REGION)
    at_cmd_crlf_term_set                     0x0041f42c   Data           4  at_cmd_task_patch.o(RET_REGION)
    at_cmd_crlf_term_get                     0x0041f430   Data           4  at_cmd_task_patch.o(RET_REGION)
    at_term_char_remove                      0x0041f434   Data           4  at_cmd_task_patch.o(RET_REGION)
    uart1_rx_int_at_data_receive_app         0x0041f438   Data           4  at_cmd_common_patch.o(RET_REGION)
    gATScanCfg                               0x0041f43c   Data          56  at_cmd_wifi_patch.o(misc)
    __initial_sp                             0x00450000   Data           0  symdefs.o ABSOLUTE
    g_u32aMsqRfModeTable                     0x20604150   Data           0  symdefs.o ABSOLUTE



==============================================================================

Memory Map of the image

  Image Entry point : 0x004164a1

  Load Region LR_IROM1 (Base: 0x004164a0, Size: 0x00008f30, Max: 0x00029b60, ABSOLUTE)

    Execution Region RW_IRAM1_EntryPoint (Exec base: 0x004164a0, Load base: 0x004164a0, Size: 0x00000058, Max: 0xffffffff, ABSOLUTE)

    Exec Addr    Load Addr    Size         Type   Attr      Idx    E Section Name        Object

    0x004164a0   0x004164a0   0x00000058   Code   RO            1  * ENTRY_POINT         main_patch.o


    Execution Region RW_IRAM1 (Exec base: 0x004164f8, Load base: 0x004164f8, Size: 0x00008f7c, Max: 0xffffffff, ABSOLUTE)

    Exec Addr    Load Addr    Size         Type   Attr      Idx    E Section Name        Object

    0x004164f8   0x004164f8   0x0000020c   Code   RO          642    i.CmdProcess_patch  opl1000_patch_m3.lib(diag_task_patch.o)
    0x00416704   0x00416704   0x00000020   Code   RO          643    i.Diag_PatchInit    opl1000_patch_m3.lib(diag_task_patch.o)
    0x00416724   0x00416724   0x00000050   Code   RO         1363    i.Hal_Aux_AdcUpdateCtrlReg  opl1000_sdk_m3.lib(hal_auxadc_patch.o)
    0x00416774   0x00416774   0x00000140   Code   RO         1364    i.Hal_Aux_AdcValueGet_patch  opl1000_sdk_m3.lib(hal_auxadc_patch.o)
    0x004168b4   0x004168b4   0x00000010   Code   RO         1365    i.Hal_Aux_PatchInit  opl1000_sdk_m3.lib(hal_auxadc_patch.o)
    0x004168c4   0x004168c4   0x0000001c   Code   RO         1310    i.Hal_DbgUart_BaudRateGet_patch  opl1000_sdk_m3.lib(hal_dbg_uart_patch.o)
    0x004168e0   0x004168e0   0x00000048   Code   RO         1311    i.Hal_DbgUart_BaudRateSet_patch  opl1000_sdk_m3.lib(hal_dbg_uart_patch.o)
    0x00416928   0x00416928   0x0000000c   Code   RO         1312    i.Hal_DbgUart_DividerUpdate  opl1000_sdk_m3.lib(hal_dbg_uart_patch.o)
    0x00416934   0x00416934   0x00000020   Code   RO         1313    i.Hal_DbgUart_PatchInit  opl1000_sdk_m3.lib(hal_dbg_uart_patch.o)
    0x00416954   0x00416954   0x00000020   Code   RO         1195    i.Hal_Gpio_Init     opl1000_sdk_m3.lib(hal_gpio.o)
    0x00416974   0x00416974   0x0000003c   Code   RO         1197    i.Hal_Gpio_SleepIoAutoCtrlSet  opl1000_sdk_m3.lib(hal_gpio.o)
    0x004169b0   0x004169b0   0x0000001a   Code   RO         1234    i.Hal_Pin_ConfigSet_patch  opl1000_sdk_m3.lib(hal_pin_patch.o)
    0x004169ca   0x004169ca   0x00000002   PAD
    0x004169cc   0x004169cc   0x00000010   Code   RO         1235    i.Hal_Pin_PatchInit  opl1000_sdk_m3.lib(hal_pin_patch.o)
    0x004169dc   0x004169dc   0x00000048   Code   RO         1236    i.Hal_Pin_SetAutoControl  opl1000_sdk_m3.lib(hal_pin_patch.o)
    0x00416a24   0x00416a24   0x00000020   Code   RO         1276    i.Hal_Spi_BaudRateGet_patch  opl1000_sdk_m3.lib(hal_spi_patch.o)
    0x00416a44   0x00416a44   0x00000060   Code   RO         1277    i.Hal_Spi_BaudRateSet_patch  opl1000_sdk_m3.lib(hal_spi_patch.o)
    0x00416aa4   0x00416aa4   0x0000001c   Code   RO         1278    i.Hal_Spi_DividerUpdate  opl1000_sdk_m3.lib(hal_spi_patch.o)
    0x00416ac0   0x00416ac0   0x00000020   Code   RO         1279    i.Hal_Spi_PatchInit  opl1000_sdk_m3.lib(hal_spi_patch.o)
    0x00416ae0   0x00416ae0   0x000000fc   Code   RO         1152    i.Hal_SysPinMuxAppInit_patch  opl1000_sdk_m3.lib(hal_system_patch.o)
    0x00416bdc   0x00416bdc   0x00000090   Code   RO         1153    i.Hal_Sys_ApsClkChangeApply_patch  opl1000_sdk_m3.lib(hal_system_patch.o)
    0x00416c6c   0x00416c6c   0x00000020   Code   RO         1154    i.Hal_Sys_ApsPclkGet  opl1000_sdk_m3.lib(hal_system_patch.o)
    0x00416c8c   0x00416c8c   0x0000002c   Code   RO         1155    i.Hal_Sys_PatchInit  opl1000_sdk_m3.lib(hal_system_patch.o)
    0x00416cb8   0x00416cb8   0x00000030   Code   RO         1156    i.Hal_Sys_RetRamTurnOff_patch  opl1000_sdk_m3.lib(hal_system_patch.o)
    0x00416ce8   0x00416ce8   0x0000005c   Code   RO         1341    i.Hal_Uart_BaudRateSet_patch  opl1000_sdk_m3.lib(hal_uart_patch.o)
    0x00416d44   0x00416d44   0x00000010   Code   RO         1342    i.Hal_Uart_PatchInit  opl1000_sdk_m3.lib(hal_uart_patch.o)
    0x00416d54   0x00416d54   0x0000001e   Code   RO         1258    i.Hal_Vic_GpioPinmux_patch  opl1000_sdk_m3.lib(hal_vic_patch.o)
    0x00416d72   0x00416d72   0x00000002   PAD
    0x00416d74   0x00416d74   0x00000010   Code   RO         1259    i.Hal_Vic_PatchInit  opl1000_sdk_m3.lib(hal_vic_patch.o)
    0x00416d84   0x00416d84   0x00000154   Code   RO          863    i.Ipc_PreInit_patch  opl1000_patch_m3.lib(ipc_patch.o)
    0x00416ed8   0x00416ed8   0x00000068   Code   RO         2166    i.LeCmdAppCmdPatch_Init  opl1000_patch_m3.lib(ble_cmd_app_cmd_patch.o)
    0x00416f40   0x00416f40   0x0000001c   Code   RO         2254    i.LeCmdAppDbPatch_Init  opl1000_patch_m3.lib(ble_cmd_app_db_patch.o)
    0x00416f5c   0x00416f5c   0x0000000c   Code   RO         2229    i.LeCmdAppEnableAutoTest2  opl1000_patch_m3.lib(ble_cmd_app_patch.o)
    0x00416f68   0x00416f68   0x000000b0   Code   RO         2230    i.LeCmdAppHandleCmInitCompleteCfm_Patch  opl1000_patch_m3.lib(ble_cmd_app_patch.o)
    0x00417018   0x00417018   0x00000030   Code   RO         2231    i.LeCmdAppPatch_Init  opl1000_patch_m3.lib(ble_cmd_app_patch.o)
    0x00417048   0x00417048   0x000001c0   Code   RO         1966    i.LeGapAddToResolvingList_Patch  opl1000_patch_m3.lib(ble_gap_if_patch.o)
    0x00417208   0x00417208   0x000000ac   Code   RO         1967    i.LeGapCheckAdvParameter_Patch  opl1000_patch_m3.lib(ble_gap_if_patch.o)
    0x004172b4   0x004172b4   0x0000000c   Code   RO         1968    i.LeGapDisconnectWithReason  opl1000_patch_m3.lib(ble_gap_if_patch.o)
    0x004172c0   0x004172c0   0x00000020   Code   RO         1969    i.LeGapIfPatch_Init  opl1000_patch_m3.lib(ble_gap_if_patch.o)
    0x004172e0   0x004172e0   0x000000fa   Code   RO         2255    i.LeGattDbBuildSvcAttr_Patch  opl1000_patch_m3.lib(ble_cmd_app_db_patch.o)
    0x004173da   0x004173da   0x00000002   PAD
    0x004173dc   0x004173dc   0x00000040   Code   RO         2045    i.LeHostAtCmdConfig_Patch  opl1000_patch_m3.lib(ble_host_test_cmd_patch.o)
    0x0041741c   0x0041741c   0x000000ac   Code   RO         2046    i.LeHostCheckCmdGroup_Patch  opl1000_patch_m3.lib(ble_host_test_cmd_patch.o)
    0x004174c8   0x004174c8   0x0000000c   Code   RO         2047    i.LeHostGetCmdGroupId_Patch  opl1000_patch_m3.lib(ble_host_test_cmd_patch.o)
    0x004174d4   0x004174d4   0x00000034   Code   RO         1134    i.LeHostPatchAssign  opl1000_patch_m3.lib(ble_host_patch_init.o)
    0x00417508   0x00417508   0x00000018   Code   RO         1934    i.LeHostPatchVarGet  opl1000_patch_m3.lib(ble_host_patch_var.o)
    0x00417520   0x00417520   0x0000000c   Code   RO         1935    i.LeHostPatchVarPatch_Init  opl1000_patch_m3.lib(ble_host_patch_var.o)
    0x0041752c   0x0041752c   0x00000018   Code   RO         1936    i.LeHostPatchVarSet  opl1000_patch_m3.lib(ble_host_patch_var.o)
    0x00417544   0x00417544   0x00000068   Code   RO         2271    i.LeHostPerformCmd2  opl1000_patch_m3.lib(ble_pts_app_cmd_patch.o)
    0x004175ac   0x004175ac   0x000000b4   Code   RO         2272    i.LeHostPerformCmdExceptCase6  opl1000_patch_m3.lib(ble_pts_app_cmd_patch.o)
    0x00417660   0x00417660   0x00000098   Code   RO         2273    i.LeHostPerformCmdGattExceptCmd  opl1000_patch_m3.lib(ble_pts_app_cmd_patch.o)
    0x004176f8   0x004176f8   0x00000088   Code   RO         2274    i.LeHostPerformCmdGattSignWrNoRsp  opl1000_patch_m3.lib(ble_pts_app_cmd_patch.o)
    0x00417780   0x00417780   0x0000017c   Code   RO         2275    i.LeHostPerformCmdPtsExceptCase  opl1000_patch_m3.lib(ble_pts_app_cmd_patch.o)
    0x004178fc   0x004178fc   0x00000060   Code   RO         2048    i.LeHostPtsCmdConfig_Patch  opl1000_patch_m3.lib(ble_host_test_cmd_patch.o)
    0x0041795c   0x0041795c   0x0000000c   Code   RO         2049    i.LeHostRegisterCmdHandler_Patch  opl1000_patch_m3.lib(ble_host_test_cmd_patch.o)
    0x00417968   0x00417968   0x000001f8   Code   RO         2167    i.LeHostRunAtCmdBleAdvParam_Patch  opl1000_patch_m3.lib(ble_cmd_app_cmd_patch.o)
    0x00417b60   0x00417b60   0x000000a4   Code   RO         2168    i.LeHostRunAtCmdBleAutoTest_Patch  opl1000_patch_m3.lib(ble_cmd_app_cmd_patch.o)
    0x00417c04   0x00417c04   0x00000190   Code   RO         2169    i.LeHostRunAtCmdBleConnParam_Patch  opl1000_patch_m3.lib(ble_cmd_app_cmd_patch.o)
    0x00417d94   0x00417d94   0x0000001c   Code   RO         2050    i.LeHostSetCmdGroupId_Patch  opl1000_patch_m3.lib(ble_host_test_cmd_patch.o)
    0x00417db0   0x00417db0   0x0000000c   Code   RO         1937    i.LeHostSetVarFn    opl1000_patch_m3.lib(ble_host_patch_var.o)
    0x00417dbc   0x00417dbc   0x000000a4   Code   RO         2051    i.LeHostTestCmdPatch_Init  opl1000_patch_m3.lib(ble_host_test_cmd_patch.o)
    0x00417e60   0x00417e60   0x00000068   Code   RO         2052    i.LeHostUtilShowLog_Patch  opl1000_patch_m3.lib(ble_host_test_cmd_patch.o)
    0x00417ec8   0x00417ec8   0x0000005c   Code   RO         2053    i.LeHtcUtilSendCmdAck_Patch  opl1000_patch_m3.lib(ble_host_test_cmd_patch.o)
    0x00417f24   0x00417f24   0x00000044   Code   RO         2054    i.LeHtcUtilSendCmdRsp_Patch  opl1000_patch_m3.lib(ble_host_test_cmd_patch.o)
    0x00417f68   0x00417f68   0x00000068   Code   RO         2055    i.LeHtcUtilShowMsg_Patch  opl1000_patch_m3.lib(ble_host_test_cmd_patch.o)
    0x00417fd0   0x00417fd0   0x000001c0   Code   RO         2337    i.LePtsAppBuildGapSvcTbl_Patch  opl1000_patch_m3.lib(ble_pts_app_db_patch.o)
    0x00418190   0x00418190   0x000000e0   Code   RO         2338    i.LePtsAppBuildGattSvcTbl_Patch  opl1000_patch_m3.lib(ble_pts_app_db_patch.o)
    0x00418270   0x00418270   0x000000fa   Code   RO         2339    i.LePtsAppBuildSvcAttr_Patch  opl1000_patch_m3.lib(ble_pts_app_db_patch.o)
    0x0041836a   0x0041836a   0x00000002   PAD
    0x0041836c   0x0041836c   0x0000006c   Code   RO         2276    i.LePtsAppCmdPatch_Init  opl1000_patch_m3.lib(ble_pts_app_cmd_patch.o)
    0x004183d8   0x004183d8   0x00000040   Code   RO         2340    i.LePtsAppDbPatch_Init  opl1000_patch_m3.lib(ble_pts_app_db_patch.o)
    0x00418418   0x00418418   0x00000034   Code   RO         2381    i.LePtsAppGattPatch_Init  opl1000_patch_m3.lib(ble_pts_app_gatt_patch.o)
    0x0041844c   0x0041844c   0x00000158   Code   RO         2382    i.LePtsAppHandleGapServiceWrite_Patch  opl1000_patch_m3.lib(ble_pts_app_gatt_patch.o)
    0x004185a4   0x004185a4   0x000000ec   Code   RO         2383    i.LePtsAppHandleGattServiceRead_Patch  opl1000_patch_m3.lib(ble_pts_app_gatt_patch.o)
    0x00418690   0x00418690   0x000000e0   Code   RO         2384    i.LePtsAppHandleGattServiceWrite_Patch  opl1000_patch_m3.lib(ble_pts_app_gatt_patch.o)
    0x00418770   0x00418770   0x0000003c   Code   RO         2277    i.LePtsAppProcessCliCmd_Patch  opl1000_patch_m3.lib(ble_pts_app_cmd_patch.o)
    0x004187ac   0x004187ac   0x000000a0   Code   RO         2124    i.LeSmpHandleIdentityAddrInfo_Patch  opl1000_patch_m3.lib(ble_smp_handler_patch.o)
    0x0041884c   0x0041884c   0x00000020   Code   RO         2125    i.LeSmpHandlerPatch_Init  opl1000_patch_m3.lib(ble_smp_handler_patch.o)
    0x0041886c   0x0041886c   0x00000510   Code   RO         2126    i.LeSmpKeyExchangeSuccess_Patch  opl1000_patch_m3.lib(ble_smp_handler_patch.o)
    0x00418d7c   0x00418d7c   0x000001dc   Code   RO            2    i.Main_AppInit_patch  main_patch.o
    0x00418f58   0x00418f58   0x00000040   Code   RO            3    i.Main_AppThread_1  main_patch.o
    0x00418f98   0x00418f98   0x00000058   Code   RO            4    i.Main_AppThread_2  main_patch.o
    0x00418ff0   0x00418ff0   0x00000014   Code   RO            5    i.Main_AppTimer     main_patch.o
    0x00419004   0x00419004   0x00000030   Code   RO            6    i.Main_ApsUartRxDectecCb  main_patch.o
    0x00419034   0x00419034   0x0000008c   Code   RO            7    i.Main_ApsUartRxDectecConfig  main_patch.o
    0x004190c0   0x004190c0   0x00000084   Code   RO            8    i.Main_AtUartDbgUartSwitch  main_patch.o
    0x00419144   0x00419144   0x00000002   Code   RO            9    i.Main_FlashLayoutUpdate  main_patch.o
    0x00419146   0x00419146   0x00000002   PAD
    0x00419148   0x00419148   0x00000020   Code   RO           10    i.Main_MiscDriverConfigSetup  main_patch.o
    0x00419168   0x00419168   0x00000108   Code   RO           11    i.Main_PinMuxUpdate  main_patch.o
    0x00419270   0x00419270   0x00000010   Code   RO         1720    i.MwFim_PreInit_patch  opl1000_sdk_m3.lib(mw_fim_patch.o)
    0x00419280   0x00419280   0x0000009c   Code   RO         2278    i.ParseLePtsTestCommand_Patch  opl1000_patch_m3.lib(ble_pts_app_cmd_patch.o)
    0x0041931c   0x0041931c   0x00000074   Code   RO          644    i.ShowRevisionCommand  opl1000_patch_m3.lib(diag_task_patch.o)
    0x00419390   0x00419390   0x000000c4   Code   RO          202    i.SysInit_EntryPoint  opl1000_sdk_m3.lib(sys_init_patch.o)
    0x00419454   0x00419454   0x000001e4   Code   RO          203    i.Sys_DriverInit_patch  opl1000_sdk_m3.lib(sys_init_patch.o)
    0x00419638   0x00419638   0x00000010   Code   RO          204    i.Sys_PostInit_patch  opl1000_sdk_m3.lib(sys_init_patch.o)
    0x00419648   0x00419648   0x00000024   Code   RO          205    i.Sys_RomVersion_patch  opl1000_sdk_m3.lib(sys_init_patch.o)
    0x0041966c   0x0041966c   0x00000014   Code   RO          206    i.Sys_ServiceInit_patch  opl1000_sdk_m3.lib(sys_init_patch.o)
    0x00419680   0x00419680   0x0000000c   Code   RO          207    i.Sys_SetUnsuedSramEndBound  opl1000_sdk_m3.lib(sys_init_patch.o)
    0x0041968c   0x0041968c   0x0000005c   Code   RO          208    i.Sys_SwitchOffUnusedSram  opl1000_sdk_m3.lib(sys_init_patch.o)
    0x004196e8   0x004196e8   0x00000002   Code   RO          210    i.Test_ForSwPatch_patch  opl1000_sdk_m3.lib(sys_init_patch.o)
    0x004196ea   0x004196ea   0x00000002   PAD
    0x004196ec   0x004196ec   0x00000030   Code   RO         3663    i.__0snprintf       mc_w.l(printfa.o)
    0x0041971c   0x0041971c   0x0000002c   Code   RO         3667    i.__0vsnprintf      mc_w.l(printfa.o)
    0x00419748   0x00419748   0x00000184   Code   RO         3669    i._fp_digits        mc_w.l(printfa.o)
    0x004198cc   0x004198cc   0x000006dc   Code   RO         3670    i._printf_core      mc_w.l(printfa.o)
    0x00419fa8   0x00419fa8   0x00000024   Code   RO         3671    i._printf_post_padding  mc_w.l(printfa.o)
    0x00419fcc   0x00419fcc   0x0000002e   Code   RO         3672    i._printf_pre_padding  mc_w.l(printfa.o)
    0x00419ffa   0x00419ffa   0x00000016   Code   RO         3673    i._snputc           mc_w.l(printfa.o)
    0x0041a010   0x0041a010   0x0000000c   Code   RO          790    i.agent_data_handle_reg_patch  opl1000_patch_m3.lib(agent_patch.o)
    0x0041a01c   0x0041a01c   0x0000012c   Code   RO          791    i.agent_init_patch  opl1000_patch_m3.lib(agent_patch.o)
    0x0041a148   0x0041a148   0x00000138   Code   RO          792    i.agent_msg_send_patch  opl1000_patch_m3.lib(agent_patch.o)
    0x0041a280   0x0041a280   0x00000058   Code   RO          793    i.agent_pre_init_patch  opl1000_patch_m3.lib(agent_patch.o)
    0x0041a2d8   0x0041a2d8   0x00000164   Code   RO          794    i.agent_task_main_patch  opl1000_patch_m3.lib(agent_patch.o)
    0x0041a43c   0x0041a43c   0x000000a4   Code   RO         2501    i.at_blewifi_auto_trans_init_patch  opl1000_sdk_m3.lib(at_cmd_task_patch.o)
    0x0041a4e0   0x0041a4e0   0x00000020   Code   RO         2568    i.at_cmd_app_func_preinit_patch  opl1000_sdk_m3.lib(at_cmd_app_patch.o)
    0x0041a500   0x0041a500   0x00000020   Code   RO         2840    i.at_cmd_common_func_init_patch  opl1000_sdk_m3.lib(at_cmd_common_patch.o)
    0x0041a520   0x0041a520   0x0000000c   Code   RO         2502    i.at_cmd_crlf_term_get_patch  opl1000_sdk_m3.lib(at_cmd_task_patch.o)
    0x0041a52c   0x0041a52c   0x00000010   Code   RO         2503    i.at_cmd_crlf_term_set_patch  opl1000_sdk_m3.lib(at_cmd_task_patch.o)
    0x0041a53c   0x0041a53c   0x0000009c   Code   RO         2940    i.at_cmd_ext_crlf_term  opl1000_sdk_m3.lib(at_cmd_ext_patch.o)
    0x0041a5d8   0x0041a5d8   0x00000070   Code   RO         2941    i.at_cmd_ext_le_info  opl1000_sdk_m3.lib(at_cmd_ext_patch.o)
    0x0041a648   0x0041a648   0x00000010   Code   RO         2965    i.at_cmd_func_init_patch  opl1000_sdk_m3.lib(at_cmd_patch.o)
    0x0041a658   0x0041a658   0x0000000a   Code   RO         2966    i.at_cmd_handler_patch  opl1000_sdk_m3.lib(at_cmd_patch.o)
    0x0041a662   0x0041a662   0x00000002   PAD
    0x0041a664   0x0041a664   0x000000e8   Code   RO         3400    i.at_cmd_mp_ble_addr_patch  opl1000_sdk_m3.lib(at_cmd_ble_patch.o)
    0x0041a74c   0x0041a74c   0x00000030   Code   RO         2701    i.at_cmd_ping_callback_patch  opl1000_sdk_m3.lib(at_cmd_tcpip_patch.o)
    0x0041a77c   0x0041a77c   0x00000058   Code   RO         2443    i.at_cmd_sys_func_init_patch  opl1000_sdk_m3.lib(at_cmd_sys_patch.o)
    0x0041a7d4   0x0041a7d4   0x000000a4   Code   RO         2444    i.at_cmd_sys_fwver_patch  opl1000_sdk_m3.lib(at_cmd_sys_patch.o)
    0x0041a878   0x0041a878   0x000000a0   Code   RO         2445    i.at_cmd_sys_gmr_patch  opl1000_sdk_m3.lib(at_cmd_sys_patch.o)
    0x0041a918   0x0041a918   0x00000098   Code   RO         2446    i.at_cmd_sys_gslp_patch  opl1000_sdk_m3.lib(at_cmd_sys_patch.o)
    0x0041a9b0   0x0041a9b0   0x0000010c   Code   RO         2447    i.at_cmd_sys_sleep_patch  opl1000_sdk_m3.lib(at_cmd_sys_patch.o)
    0x0041aabc   0x0041aabc   0x00000074   Code   RO         2702    i.at_cmd_tcpip_api_preinit_patch  opl1000_sdk_m3.lib(at_cmd_tcpip_patch.o)
    0x0041ab30   0x0041ab30   0x00000020   Code   RO         2703    i.at_cmd_tcpip_cipserver_patch  opl1000_sdk_m3.lib(at_cmd_tcpip_patch.o)
    0x0041ab50   0x0041ab50   0x00000080   Code   RO         2704    i.at_cmd_tcpip_cipstart_patch  opl1000_sdk_m3.lib(at_cmd_tcpip_patch.o)
    0x0041abd0   0x0041abd0   0x0000015c   Code   RO         2705    i.at_cmd_tcpip_ping_patch  opl1000_sdk_m3.lib(at_cmd_tcpip_patch.o)
    0x0041ad2c   0x0041ad2c   0x00000078   Code   RO         2706    i.at_cmd_tcpip_savetranslink_patch  opl1000_sdk_m3.lib(at_cmd_tcpip_patch.o)
    0x0041ada4   0x0041ada4   0x00000148   Code   RO         2787    i.at_cmd_wifi_cwlap_patch  opl1000_sdk_m3.lib(at_cmd_wifi_patch.o)
    0x0041aeec   0x0041aeec   0x00000134   Code   RO         2788    i.at_cmd_wifi_cwlapopt_patch  opl1000_sdk_m3.lib(at_cmd_wifi_patch.o)
    0x0041b020   0x0041b020   0x0000001c   Code   RO         2789    i.at_cmd_wifi_cwmode_patch  opl1000_sdk_m3.lib(at_cmd_wifi_patch.o)
    0x0041b03c   0x0041b03c   0x0000005c   Code   RO         2790    i.at_cmd_wifi_func_init_patch  opl1000_sdk_m3.lib(at_cmd_wifi_patch.o)
    0x0041b098   0x0041b098   0x0000002c   Code   RO         2569    i.at_cmd_wifi_hook_patch  opl1000_sdk_m3.lib(at_cmd_app_patch.o)
    0x0041b0c4   0x0041b0c4   0x00000014   Code   RO         2707    i.at_create_tcpip_tx_task_patch  opl1000_sdk_m3.lib(at_cmd_tcpip_patch.o)
    0x0041b0d8   0x0041b0d8   0x00000038   Code   RO         1412    i.at_func_init_patch  opl1000_sdk_m3.lib(at_cmd_func_patch.o)
    0x0041b110   0x0041b110   0x00000198   Code   RO         2504    i.at_module_init_patch  opl1000_sdk_m3.lib(at_cmd_task_patch.o)
    0x0041b2a8   0x0041b2a8   0x00000002   Code   RO         2987    i.at_msg_ext_init_patch  opl1000_sdk_m3.lib(at_cmd_msg_ext_patch.o)
    0x0041b2aa   0x0041b2aa   0x00000002   PAD
    0x0041b2ac   0x0041b2ac   0x000000a8   Code   RO         2708    i.at_server_timeout_handler_patch  opl1000_sdk_m3.lib(at_cmd_tcpip_patch.o)
    0x0041b354   0x0041b354   0x00000108   Code   RO         2709    i.at_socket_process_task_patch  opl1000_sdk_m3.lib(at_cmd_tcpip_patch.o)
    0x0041b45c   0x0041b45c   0x0000004c   Code   RO         2505    i.at_task_func_init_patch  opl1000_sdk_m3.lib(at_cmd_task_patch.o)
    0x0041b4a8   0x0041b4a8   0x000001ac   Code   RO         2506    i.at_task_patch     opl1000_sdk_m3.lib(at_cmd_task_patch.o)
    0x0041b654   0x0041b654   0x00000024   Code   RO         2507    i.at_term_char_remove_patch  opl1000_sdk_m3.lib(at_cmd_task_patch.o)
    0x0041b678   0x0041b678   0x0000001c   Code   RO         2710    i.at_trans_client_init_patch  opl1000_sdk_m3.lib(at_cmd_tcpip_patch.o)
    0x0041b694   0x0041b694   0x00000204   Code   RO         2570    i.at_wifi_event_handler_cb_patch  opl1000_sdk_m3.lib(at_cmd_app_patch.o)
    0x0041b898   0x0041b898   0x000001b8   Code   RO          760    i.controller_task_create_patch  opl1000_patch_m3.lib(controller_task_patch.o)
    0x0041ba50   0x0041ba50   0x00000010   Code   RO          761    i.controller_task_func_init_patch  opl1000_patch_m3.lib(controller_task_patch.o)
    0x0041ba60   0x0041ba60   0x00000188   Code   RO          762    i.controller_task_patch  opl1000_patch_m3.lib(controller_task_patch.o)
    0x0041bbe8   0x0041bbe8   0x000000c0   Code   RO          976    i.controller_wifi_cmd_handler_patch  opl1000_patch_m3.lib(controller_wifi_patch.o)
    0x0041bca8   0x0041bca8   0x00000080   Code   RO          977    i.controller_wifi_init_patch  opl1000_patch_m3.lib(controller_wifi_patch.o)
    0x0041bd28   0x0041bd28   0x000000c4   Code   RO          978    i.ctrl_wifi_evt_cfg_patch  opl1000_patch_m3.lib(controller_wifi_patch.o)
    0x0041bdec   0x0041bdec   0x00000054   Code   RO         3330    i.data_process_ble_patch  opl1000_sdk_m3.lib(at_cmd_data_process_patch.o)
    0x0041be40   0x0041be40   0x00000118   Code   RO         3331    i.data_process_handler_patch  opl1000_sdk_m3.lib(at_cmd_data_process_patch.o)
    0x0041bf58   0x0041bf58   0x00000050   Code   RO         3333    i.data_process_others_patch  opl1000_sdk_m3.lib(at_cmd_data_process_patch.o)
    0x0041bfa8   0x0041bfa8   0x00000040   Code   RO         3334    i.data_process_property_patch  opl1000_sdk_m3.lib(at_cmd_data_process_patch.o)
    0x0041bfe8   0x0041bfe8   0x00000040   Code   RO         3335    i.data_process_rf_patch  opl1000_sdk_m3.lib(at_cmd_data_process_patch.o)
    0x0041c028   0x0041c028   0x00000040   Code   RO         3336    i.data_process_sys_patch  opl1000_sdk_m3.lib(at_cmd_data_process_patch.o)
    0x0041c068   0x0041c068   0x00000040   Code   RO         3337    i.data_process_tcpip_patch  opl1000_sdk_m3.lib(at_cmd_data_process_patch.o)
    0x0041c0a8   0x0041c0a8   0x00000040   Code   RO         3338    i.data_process_wifi_patch  opl1000_sdk_m3.lib(at_cmd_data_process_patch.o)
    0x0041c0e8   0x0041c0e8   0x000000e4   Code   RO          645    i.diag_task_patch   opl1000_patch_m3.lib(diag_task_patch.o)
    0x0041c1cc   0x0041c1cc   0x00000020   Code   RO         1740    i.ipc_m0_msg_handle_patch  opl1000_patch_m3.lib(data_flow_patch.o)
    0x0041c1ec   0x0041c1ec   0x00000060   Code   RO          864    i.ipc_rb_init_patch  opl1000_patch_m3.lib(ipc_patch.o)
    0x0041c24c   0x0041c24c   0x00000074   Code   RO          865    i.ipc_rb_write_patch  opl1000_patch_m3.lib(ipc_patch.o)
    0x0041c2c0   0x0041c2c0   0x00000148   Code   RO         1741    i.ipc_rf_at_process_M0ToM3_patch  opl1000_patch_m3.lib(data_flow_patch.o)
    0x0041c408   0x0041c408   0x000000a4   Code   RO          866    i.ipc_wifi_cmd_send_patch  opl1000_patch_m3.lib(ipc_patch.o)
    0x0041c4ac   0x0041c4ac   0x0000001a   Code   RO         1766    i.le_ctrl_hci_proc_rx_event_patch  opl1000_patch_m3.lib(le_ctrl_hci_patch.o)
    0x0041c4c6   0x0041c4c6   0x00000002   PAD
    0x0041c4c8   0x0041c4c8   0x000001d4   Code   RO         1767    i.le_ctrl_init_patch  opl1000_patch_m3.lib(le_ctrl_hci_patch.o)
    0x0041c69c   0x0041c69c   0x0000007c   Code   RO         3273    i.le_ctrl_packet_info_display  opl1000_patch_m3.lib(le_ctrl_cmd_patch.o)
    0x0041c718   0x0041c718   0x0000001c   Code   RO         3274    i.le_ctrl_pkt_info_display_timer  opl1000_patch_m3.lib(le_ctrl_cmd_patch.o)
    0x0041c734   0x0041c734   0x00000020   Code   RO          940    i.le_ctrl_pre_patch_init  opl1000_patch_m3.lib(le_ctrl_func_map_patch.o)
    0x0041c754   0x0041c754   0x000000ac   Code   RO         3070    i.low_level_output_patch  opl1000_sdk_m3.lib(wlannetif_patch.o)
    0x0041c800   0x0041c800   0x00000010   Code   RO         3003    i.lwip_load_interface_lwip_helper_patch  opl1000_sdk_m3.lib(lwip_helper_patch.o)
    0x0041c810   0x0041c810   0x00000038   Code   RO         3179    i.lwip_load_interface_tcp_patch  opl1000_sdk_m3.lib(tcp_patch.o)
    0x0041c848   0x0041c848   0x0000002c   Code   RO         3141    i.lwip_load_interface_tcpip_patch  opl1000_sdk_m3.lib(tcpip_patch.o)
    0x0041c874   0x0041c874   0x00000010   Code   RO         3071    i.lwip_load_interface_wlannetif_patch  opl1000_sdk_m3.lib(wlannetif_patch.o)
    0x0041c884   0x0041c884   0x00000016   Code   RO         1653    i.lwip_module_interface_init_patch  opl1000_sdk_m3.lib(lwip_jmptbl_patch.o)
    0x0041c89a   0x0041c89a   0x00000002   PAD
    0x0041c89c   0x0041c89c   0x00000170   Code   RO         3004    i.lwip_tcpip_init_patch  opl1000_sdk_m3.lib(lwip_helper_patch.o)
    0x0041ca0c   0x0041ca0c   0x00000002   Code   RO         2410    i.opulinks_dummy    opl1000_patch_m3.lib(opulinks_wrapper.o)
    0x0041ca0e   0x0041ca0e   0x00000002   PAD
    0x0041ca10   0x0041ca10   0x00000024   Code   RO         1915    i.ps_enable_timer_sleep_patch  opl1000_patch_m3.lib(ps_patch.o)
    0x0041ca34   0x0041ca34   0x00000020   Code   RO         1118    i.ps_patch_init     opl1000_patch_m3.lib(ps_func_map_patch.o)
    0x0041ca54   0x0041ca54   0x00000080   Code   RO         1916    i.ps_sleep_patch    opl1000_patch_m3.lib(ps_patch.o)
    0x0041cad4   0x0041cad4   0x0000000c   Code   RO         3318    i.ps_timer_sleep    opl1000_patch_m3.lib(ps_wrap_patch.o)
    0x0041cae0   0x0041cae0   0x00000094   Code   RO          904    i.sys_cfg_init_patch  opl1000_patch_m3.lib(sys_cfg_patch.o)
    0x0041cb74   0x0041cb74   0x00000020   Code   RO          905    i.sys_cfg_pre_init_patch  opl1000_patch_m3.lib(sys_cfg_patch.o)
    0x0041cb94   0x0041cb94   0x000000b4   Code   RO          906    i.sys_cfg_rf_init_patch  opl1000_patch_m3.lib(sys_cfg_patch.o)
    0x0041cc48   0x0041cc48   0x000000fc   Code   RO          907    i.sys_cfg_rf_set_patch  opl1000_patch_m3.lib(sys_cfg_patch.o)
    0x0041cd44   0x0041cd44   0x00000328   Code   RO         3180    i.tcp_alloc_patch   opl1000_sdk_m3.lib(tcp_patch.o)
    0x0041d06c   0x0041d06c   0x000000ac   Code   RO         3182    i.tcp_kill_state_patch  opl1000_sdk_m3.lib(tcp_patch.o)
    0x0041d118   0x0041d118   0x000000ac   Code   RO         3183    i.tcp_pcb_num_cal   opl1000_sdk_m3.lib(tcp_patch.o)
    0x0041d1c4   0x0041d1c4   0x000009e8   Code   RO         3184    i.tcp_slowtmr_patch  opl1000_sdk_m3.lib(tcp_patch.o)
    0x0041dbac   0x0041dbac   0x00000064   Code   RO         2841    i.uart1_rx_int_at_data_receive_app_patch  opl1000_sdk_m3.lib(at_cmd_common_patch.o)
    0x0041dc10   0x0041dc10   0x000000ec   Code   RO         2842    i.uart1_rx_int_do_at_patch  opl1000_sdk_m3.lib(at_cmd_common_patch.o)
    0x0041dcfc   0x0041dcfc   0x0000008c   Code   RO          646    i.uartdbg_rx_int_handler_patch  opl1000_patch_m3.lib(diag_task_patch.o)
    0x0041dd88   0x0041dd88   0x00000050   Code   RO         3261    i.vendor_specific_get_packet_info_statistics_event_handler  opl1000_patch_m3.lib(le_ctrl_hci_handler_patch.o)
    0x0041ddd8   0x0041ddd8   0x00000048   Code   RO         1808    i.wifi_api_func_init_patch  opl1000_patch_m3.lib(wifi_api_patch.o)
    0x0041de20   0x0041de20   0x000000b4   Code   RO          979    i.wifi_cmd_tout_handle_patch  opl1000_patch_m3.lib(controller_wifi_patch.o)
    0x0041ded4   0x0041ded4   0x000000d8   Code   RO         1809    i.wifi_connection_connect_from_ac_index_patch  opl1000_patch_m3.lib(wifi_api_patch.o)
    0x0041dfac   0x0041dfac   0x00000150   Code   RO         1810    i.wifi_connection_connect_from_ac_list_patch  opl1000_patch_m3.lib(wifi_api_patch.o)
    0x0041e0fc   0x0041e0fc   0x00000060   Code   RO          980    i.wifi_ctrl_cfg_send_to_ipc  opl1000_patch_m3.lib(controller_wifi_patch.o)
    0x0041e15c   0x0041e15c   0x00000044   Code   RO          981    i.wifi_ctrl_cfg_tout_handler  opl1000_patch_m3.lib(controller_wifi_patch.o)
    0x0041e1a0   0x0041e1a0   0x000000a0   Code   RO          982    i.wifi_ctrl_init_patch  opl1000_patch_m3.lib(controller_wifi_patch.o)
    0x0041e240   0x0041e240   0x00000088   Code   RO          983    i.wifi_ctrl_send_default_cmd_to_m0  opl1000_patch_m3.lib(controller_wifi_patch.o)
    0x0041e2c8   0x0041e2c8   0x00000006   Code   RO         3293    i.wifi_event_sta_connect_failed_handler  opl1000_patch_m3.lib(wifi_event_handler_patch.o)
    0x0041e2ce   0x0041e2ce   0x0000000e   Code   RO         1811    i.wifi_init_patch   opl1000_patch_m3.lib(wifi_api_patch.o)
    0x0041e2dc   0x0041e2dc   0x0000000c   Code   RO         3294    i.wifi_install_default_event_handlers_ex  opl1000_patch_m3.lib(wifi_event_handler_patch.o)
    0x0041e2e8   0x0041e2e8   0x0000003c   Code   RO          984    i.wifi_scan_cfg_init_patch  opl1000_patch_m3.lib(controller_wifi_patch.o)
    0x0041e324   0x0041e324   0x0000020c   Code   RO          985    i.wifi_scan_req_by_cfg_patch  opl1000_patch_m3.lib(controller_wifi_patch.o)
    0x0041e530   0x0041e530   0x000000cc   Code   RO          986    i.wifi_scan_req_patch  opl1000_patch_m3.lib(controller_wifi_patch.o)
    0x0041e5fc   0x0041e5fc   0x00000078   Code   RO         1812    i.wifi_scan_start_patch  opl1000_patch_m3.lib(wifi_api_patch.o)
    0x0041e674   0x0041e674   0x0000001c   Code   RO         1813    i.wifi_scan_stop_patch  opl1000_patch_m3.lib(wifi_api_patch.o)
    0x0041e690   0x0041e690   0x00000040   Code   RO          987    i.wifi_scan_stop_req_patch  opl1000_patch_m3.lib(controller_wifi_patch.o)
    0x0041e6d0   0x0041e6d0   0x00000004   Code   RO          952    i.wifi_service_func_init_patch  opl1000_patch_m3.lib(wifi_service_func_init_patch.o)
    0x0041e6d4   0x0041e6d4   0x00000060   Code   RO          988    i.wifi_set_sta_cfg_req_patch  opl1000_patch_m3.lib(controller_wifi_patch.o)
    0x0041e734   0x0041e734   0x00000140   Code   RO          989    i.wifi_sta_info_init_fn_impl  opl1000_patch_m3.lib(controller_wifi_patch.o)
    0x0041e874   0x0041e874   0x00000002   Code   RO          990    i.wifi_sta_info_init_patch  opl1000_patch_m3.lib(controller_wifi_patch.o)
    0x0041e876   0x0041e876   0x00000002   PAD
    0x0041e878   0x0041e878   0x00000064   Code   RO         3005    i.wifi_station_connect_failed_event_handler  opl1000_sdk_m3.lib(lwip_helper_patch.o)
    0x0041e8dc   0x0041e8dc   0x00000010   Code   RO         1537    i.wpa_cli_func_init_patch  opl1000_sdk_m3.lib(wpa_cli.o)
    0x0041e8ec   0x0041e8ec   0x00000078   Code   RO         1538    i.wpa_cli_scan_by_cfg_patch  opl1000_sdk_m3.lib(wpa_cli.o)
    0x0041e964   0x0041e964   0x00000020   Code   RO         1573    i.wpa_driver_func_init_patch  opl1000_sdk_m3.lib(driver_netlink_patch.o)
    0x0041e984   0x0041e984   0x000000b4   Code   RO         1574    i.wpa_driver_netlink_scan_by_cfg_patch  opl1000_sdk_m3.lib(driver_netlink_patch.o)
    0x0041ea38   0x0041ea38   0x000000b0   Code   RO         1575    i.wpa_driver_netlink_scan_patch  opl1000_sdk_m3.lib(driver_netlink_patch.o)
    0x0041eae8   0x0041eae8   0x0000003c   Data   RO          211    .constdata          opl1000_sdk_m3.lib(sys_init_patch.o)
    0x0041eb24   0x0041eb24   0x00000030   Data   RO          763    .constdata          opl1000_patch_m3.lib(controller_task_patch.o)
    0x0041eb54   0x0041eb54   0x0000003c   Data   RO          795    .constdata          opl1000_patch_m3.lib(agent_patch.o)
    0x0041eb90   0x0041eb90   0x0000003d   Data   RO          867    .constdata          opl1000_patch_m3.lib(ipc_patch.o)
    0x0041ebcd   0x0041ebcd   0x0000003e   Data   RO          908    .constdata          opl1000_patch_m3.lib(sys_cfg_patch.o)
    0x0041ec0b   0x0041ec0b   0x00000001   PAD
    0x0041ec0c   0x0041ec0c   0x00000434   Data   RO         2341    .constdata          opl1000_patch_m3.lib(ble_pts_app_db_patch.o)
    0x0041f040   0x0041f040   0x00000008   Data   RO         2571    .constdata          opl1000_sdk_m3.lib(at_cmd_app_patch.o)
    0x0041f048   0x0041f048   0x00000040   Data   RO         3185    .constdata          opl1000_sdk_m3.lib(tcp_patch.o)
    0x0041f088   0x0041f088   0x0000000a   Data   RO          991    .conststring        opl1000_patch_m3.lib(controller_wifi_patch.o)
    0x0041f092   0x0041f092   0x00000002   PAD
    0x0041f094   0x0041f094   0x000000f3   Data   RO         2385    .conststring        opl1000_patch_m3.lib(ble_pts_app_gatt_patch.o)
    0x0041f187   0x0041f187   0x00000001   PAD
    0x0041f188   0x0041f188   0x00000045   Data   RO         2509    .conststring        opl1000_sdk_m3.lib(at_cmd_task_patch.o)
    0x0041f1cd   0x0041f1cd   0x00000003   PAD
    0x0041f1d0   0x0041f1d0   0x00000058   Data   RO         2942    .conststring        opl1000_sdk_m3.lib(at_cmd_ext_patch.o)
    0x0041f228   0x0041f228   0x00000049   Data   RO         3006    .conststring        opl1000_sdk_m3.lib(lwip_helper_patch.o)
    0x0041f271   0x0041f271   0x00000003   PAD
    0x0041f274   0x0041f274   0x000000c7   Data   RO         3186    .conststring        opl1000_sdk_m3.lib(tcp_patch.o)
    0x0041f33b   0x0041f33b   0x00000001   PAD
    0x0041f33c   0x0041f33c   0x00000018   Data   RW           12    misc                main_patch.o
    0x0041f354   0x0041f354   0x00000004   Data   RW          212    misc                opl1000_sdk_m3.lib(sys_init_patch.o)
    0x0041f358   0x0041f358   0x00000008   Data   RW          797    misc                opl1000_patch_m3.lib(agent_patch.o)
    0x0041f360   0x0041f360   0x00000004   Data   RW          868    misc                opl1000_patch_m3.lib(ipc_patch.o)
    0x0041f364   0x0041f364   0x00000010   Data   RW          992    misc                opl1000_patch_m3.lib(controller_wifi_patch.o)
    0x0041f374   0x0041f374   0x00000004   Data   RW         1200    misc                opl1000_sdk_m3.lib(hal_gpio.o)
    0x0041f378   0x0041f378   0x0000000c   Data   RW         1280    misc                opl1000_sdk_m3.lib(hal_spi_patch.o)
    0x0041f384   0x0041f384   0x00000008   Data   RW         1343    misc                opl1000_sdk_m3.lib(hal_uart_patch.o)
    0x0041f38c   0x0041f38c   0x00000008   Data   RW         2511    misc                opl1000_sdk_m3.lib(at_cmd_task_patch.o)
    0x0041f394   0x0041f394   0x00000004   Data   RW         2792    misc                opl1000_sdk_m3.lib(at_cmd_wifi_patch.o)
    0x0041f398   0x0041f398   0x00000024   Data   RW         2943    misc                opl1000_sdk_m3.lib(at_cmd_ext_patch.o)
    0x0041f3bc   0x0041f3bc   0x00000001   Data   RW         3187    misc                opl1000_sdk_m3.lib(tcp_patch.o)
    0x0041f3bd   0x0041f3bd   0x00000003   PAD
    0x0041f3c0   0x0041f3c0   0x00000004   Data   RW         3275    misc                opl1000_patch_m3.lib(le_ctrl_cmd_patch.o)
    0x0041f3c4   0x0041f3c4   0x0000000c   Data   RW         3339    misc                opl1000_sdk_m3.lib(at_cmd_data_process_patch.o)
    0x0041f3d0        -       0x00000004   Zero   RW          796    RET_REGION          opl1000_patch_m3.lib(agent_patch.o)
    0x0041f3d4        -       0x00000004   Zero   RW         1938    RET_REGION          opl1000_patch_m3.lib(ble_host_patch_var.o)
    0x0041f3d8        -       0x00000008   Zero   RW         2056    RET_REGION          opl1000_patch_m3.lib(ble_host_test_cmd_patch.o)
    0x0041f3e0        -       0x00000014   Zero   RW         2170    RET_REGION          opl1000_patch_m3.lib(ble_cmd_app_cmd_patch.o)
    0x0041f3f4        -       0x00000005   Zero   RW         2232    RET_REGION          opl1000_patch_m3.lib(ble_cmd_app_patch.o)
    0x0041f3f9   0x0041f3d0   0x00000003   PAD
    0x0041f3fc        -       0x0000002a   Zero   RW         2279    RET_REGION          opl1000_patch_m3.lib(ble_pts_app_cmd_patch.o)
    0x0041f426   0x0041f3d0   0x00000002   PAD
    0x0041f428        -       0x00000004   Zero   RW         2342    RET_REGION          opl1000_patch_m3.lib(ble_pts_app_db_patch.o)
    0x0041f42c        -       0x0000000c   Zero   RW         2510    RET_REGION          opl1000_sdk_m3.lib(at_cmd_task_patch.o)
    0x0041f438        -       0x00000004   Zero   RW         2843    RET_REGION          opl1000_sdk_m3.lib(at_cmd_common_patch.o)
    0x0041f43c        -       0x00000038   Zero   RW         2791    misc                opl1000_sdk_m3.lib(at_cmd_wifi_patch.o)


==============================================================================

Image component sizes


      Code (inc. data)   RO Data    RW Data    ZI Data      Debug   Object Name

      1354        472          0         24          0      41494   main_patch.o

    ----------------------------------------------------------------------
      1356        472          0         24          0      41494   Object Totals
         0          0          0          0          0          0   (incl. Generated)
         2          0          0          0          0          0   (incl. Padding)

    ----------------------------------------------------------------------

      Code (inc. data)   RO Data    RW Data    ZI Data      Debug   Library Member Name

      2340         88          0          0          0        600   printfa.o
      1068        474         60          8          4       8162   agent_patch.o
      1172        184          0          0         20      15804   ble_cmd_app_cmd_patch.o
       278          8          0          0          0       2639   ble_cmd_app_db_patch.o
       236         68          0          0          5       3127   ble_cmd_app_patch.o
       664        164          0          0          0      41555   ble_gap_if_patch.o
        52          0          0          0          0        640   ble_host_patch_init.o
        72         20          0          0          4       3368   ble_host_patch_var.o
       916        334          0          0          8      11641   ble_host_test_cmd_patch.o
      1276        296          0          0         42      17546   ble_pts_app_cmd_patch.o
       986        132       1076          0          4      21752   ble_pts_app_db_patch.o
       856        280        243          0          0       4610   ble_pts_app_gatt_patch.o
      1488        376          0          0          0       3641   ble_smp_handler_patch.o
       848        492         48          0          0       3890   controller_task_patch.o
      2426        950         10         16          0      17816   controller_wifi_patch.o
       360        192          0          0          0       3482   data_flow_patch.o
      1040        410          0          0          0      29722   diag_task_patch.o
       716        250         61          4          0       7392   ipc_patch.o
       152         34          0          4          0       2591   le_ctrl_cmd_patch.o
        32         18          0          0          0        597   le_ctrl_func_map_patch.o
        80          8          0          0          0       1603   le_ctrl_hci_handler_patch.o
       494        192          0          0          0       2501   le_ctrl_hci_patch.o
         2          0          0          0          0        509   opulinks_wrapper.o
        32         18          0          0          0        532   ps_func_map_patch.o
       164         36          0          0          0       2464   ps_patch.o
        12          6          0          0          0        565   ps_wrap_patch.o
       612        270         62          0          0       4545   sys_cfg_patch.o
       786        274          0          0          0      23024   wifi_api_patch.o
        18          4          0          0          0       2089   wifi_event_handler_patch.o
         4          0          0          0          0       6179   wifi_service_func_init_patch.o
       592        238          8          0          0      23693   at_cmd_app_patch.o
       232         64          0          0          0       1119   at_cmd_ble_patch.o
       368         70          0          0          4      47012   at_cmd_common_patch.o
       764        130          0         12          0       9096   at_cmd_data_process_patch.o
       268         68         88         36          0       3008   at_cmd_ext_patch.o
        56         10          0          0          0      28118   at_cmd_func_patch.o
         2          0          0          0          0        536   at_cmd_msg_ext_patch.o
        26          8          0          0          0       1212   at_cmd_patch.o
       832        308          0          0          0       5967   at_cmd_sys_patch.o
      1140        464         69          8         12       7217   at_cmd_task_patch.o
      1272        374          0          0          0      31099   at_cmd_tcpip_patch.o
       756        130          0          4         56       8662   at_cmd_wifi_patch.o
       388        182          0          0          0       4816   driver_netlink_patch.o
       416         36          0          0          0       6464   hal_auxadc_patch.o
       144         42          0          0          0       2600   hal_dbg_uart_patch.o
        92         14          0          4          0       2132   hal_gpio.o
       114         54          0          0          0       1959   hal_pin_patch.o
       188         36          0         12          0       4960   hal_spi_patch.o
       520         56          0          0          0      12949   hal_system_patch.o
       108         20          0          8          0       3665   hal_uart_patch.o
        46          8          0          0          0       1279   hal_vic_patch.o
       484        246         73          0          0       9173   lwip_helper_patch.o
        22          0          0          0          0      14089   lwip_jmptbl_patch.o
        16          8          0          0          0        530   mw_fim_patch.o
       858        234         60          4          0     104583   sys_init_patch.o
      3744       1408        263          1          0      17630   tcp_patch.o
        44         24          0          0          0        598   tcpip_patch.o
       188         60          0          0          0       7113   wlannetif_patch.o
       136         14          0          0          0      18843   wpa_cli.o

    ----------------------------------------------------------------------
     33020       9884       2132        124        164     624708   Library Totals
        22          0         11          3          5          0   (incl. Padding)

    ----------------------------------------------------------------------

      Code (inc. data)   RO Data    RW Data    ZI Data      Debug   Library Name

      2340         88          0          0          0        600   mc_w.l
     16842       5490       1560         32         87     243986   opl1000_patch_m3.lib
     13816       4306        561         89         72     380122   opl1000_sdk_m3.lib

    ----------------------------------------------------------------------
     33020       9884       2132        124        164     624708   Library Totals

    ----------------------------------------------------------------------

==============================================================================


      Code (inc. data)   RO Data    RW Data    ZI Data      Debug   

     34376      10356       2132        148        164     654970   Grand Totals
     34376      10356       2132        148        164     654970   ELF Image Totals
     34376      10356       2132        148          0          0   ROM Totals

==============================================================================

    Total RO  Size (Code + RO Data)                36508 (  35.65kB)
    Total RW  Size (RW Data + ZI Data)               312 (   0.30kB)
    Total ROM Size (Code + RO Data + RW Data)      36656 (  35.80kB)

==============================================================================

