<!doctype html public "-//w3c//dtd html 4.0 transitional//en">
<html><head>
<title>Static Call Graph - [.\Output\Objects\opl1000_app_m3.axf]</title></head>
<body><HR>
<H1>Static Call Graph for image .\Output\Objects\opl1000_app_m3.axf</H1><HR>
<BR><P>#&#060CALLGRAPH&#062# ARM Linker, 5060750: Last Updated: Fri Jan 31 11:11:01 2020
<BR><P>
<H3>Maximum Stack Usage =       1040 bytes + Unknown(Untraceable Function Pointers)</H3><H3>
Call chain for Maximum Stack Depth:</H3>
LePtsAppBuildGapSvcTbl_Patch
<P>
<H3>
Function Pointers
</H3><UL>
 <LI><a href="#[5]">CmdProcess_patch</a> from diag_task_patch.o(i.CmdProcess_patch) referenced from diag_task_patch.o(i.Diag_PatchInit)
 <LI><a href="#[6a]">CtrlWifi_PsTout</a> from symdefs.o(ABSOLUTE) referenced from controller_wifi_patch.o(i.controller_wifi_init_patch)
 <LI><a href="#[7]">Hal_Aux_AdcValueGet_patch</a> from hal_auxadc_patch.o(i.Hal_Aux_AdcValueGet_patch) referenced from hal_auxadc_patch.o(i.Hal_Aux_PatchInit)
 <LI><a href="#[9]">Hal_DbgUart_BaudRateGet_patch</a> from hal_dbg_uart_patch.o(i.Hal_DbgUart_BaudRateGet_patch) referenced from hal_dbg_uart_patch.o(i.Hal_DbgUart_PatchInit)
 <LI><a href="#[8]">Hal_DbgUart_BaudRateSet_patch</a> from hal_dbg_uart_patch.o(i.Hal_DbgUart_BaudRateSet_patch) referenced from hal_dbg_uart_patch.o(i.Hal_DbgUart_PatchInit)
 <LI><a href="#[a]">Hal_Pin_ConfigSet_patch</a> from hal_pin_patch.o(i.Hal_Pin_ConfigSet_patch) referenced from hal_pin_patch.o(i.Hal_Pin_PatchInit)
 <LI><a href="#[c]">Hal_Spi_BaudRateGet_patch</a> from hal_spi_patch.o(i.Hal_Spi_BaudRateGet_patch) referenced from hal_spi_patch.o(i.Hal_Spi_PatchInit)
 <LI><a href="#[b]">Hal_Spi_BaudRateSet_patch</a> from hal_spi_patch.o(i.Hal_Spi_BaudRateSet_patch) referenced from hal_spi_patch.o(i.Hal_Spi_PatchInit)
 <LI><a href="#[e]">Hal_SysPinMuxAppInit_patch</a> from hal_system_patch.o(i.Hal_SysPinMuxAppInit_patch) referenced from hal_system_patch.o(i.Hal_Sys_PatchInit)
 <LI><a href="#[d]">Hal_Sys_ApsClkChangeApply_patch</a> from hal_system_patch.o(i.Hal_Sys_ApsClkChangeApply_patch) referenced from hal_system_patch.o(i.Hal_Sys_PatchInit)
 <LI><a href="#[f]">Hal_Sys_RetRamTurnOff_patch</a> from hal_system_patch.o(i.Hal_Sys_RetRamTurnOff_patch) referenced from hal_system_patch.o(i.Hal_Sys_PatchInit)
 <LI><a href="#[10]">Hal_Uart_BaudRateSet_patch</a> from hal_uart_patch.o(i.Hal_Uart_BaudRateSet_patch) referenced from hal_uart_patch.o(i.Hal_Uart_PatchInit)
 <LI><a href="#[11]">Hal_Vic_GpioPinmux_patch</a> from hal_vic_patch.o(i.Hal_Vic_GpioPinmux_patch) referenced from hal_vic_patch.o(i.Hal_Vic_PatchInit)
 <LI><a href="#[17]">LeCmdAppCmdVarGet</a> from symdefs.o(ABSOLUTE) referenced from ble_cmd_app_cmd_patch.o(i.LeCmdAppCmdPatch_Init)
 <LI><a href="#[1b]">LeCmdAppDbVarGet</a> from symdefs.o(ABSOLUTE) referenced from ble_cmd_app_db_patch.o(i.LeCmdAppDbPatch_Init)
 <LI><a href="#[1e]">LeCmdAppHandleCmInitCompleteCfm_Patch</a> from ble_cmd_app_patch.o(i.LeCmdAppHandleCmInitCompleteCfm_Patch) referenced from ble_cmd_app_patch.o(i.LeCmdAppPatch_Init)
 <LI><a href="#[1d]">LeCmdAppVarGet</a> from symdefs.o(ABSOLUTE) referenced from ble_cmd_app_patch.o(i.LeCmdAppPatch_Init)
 <LI><a href="#[20]">LeGapAddToResolvingList_Patch</a> from ble_gap_if_patch.o(i.LeGapAddToResolvingList_Patch) referenced from ble_gap_if_patch.o(i.LeGapIfPatch_Init)
 <LI><a href="#[1f]">LeGapCheckAdvParameter_Patch</a> from ble_gap_if_patch.o(i.LeGapCheckAdvParameter_Patch) referenced from ble_gap_if_patch.o(i.LeGapIfPatch_Init)
 <LI><a href="#[1c]">LeGattDbBuildSvcAttr_Patch</a> from ble_cmd_app_db_patch.o(i.LeGattDbBuildSvcAttr_Patch) referenced from ble_cmd_app_db_patch.o(i.LeCmdAppDbPatch_Init)
 <LI><a href="#[26]">LeHostAtCmdConfig_Patch</a> from ble_host_test_cmd_patch.o(i.LeHostAtCmdConfig_Patch) referenced from ble_host_test_cmd_patch.o(i.LeHostTestCmdPatch_Init)
 <LI><a href="#[2a]">LeHostCheckCmdGroup_Patch</a> from ble_host_test_cmd_patch.o(i.LeHostCheckCmdGroup_Patch) referenced from ble_host_test_cmd_patch.o(i.LeHostTestCmdPatch_Init)
 <LI><a href="#[28]">LeHostGetCmdGroupId_Patch</a> from ble_host_test_cmd_patch.o(i.LeHostGetCmdGroupId_Patch) referenced from ble_host_test_cmd_patch.o(i.LeHostTestCmdPatch_Init)
 <LI><a href="#[27]">LeHostPtsCmdConfig_Patch</a> from ble_host_test_cmd_patch.o(i.LeHostPtsCmdConfig_Patch) referenced from ble_host_test_cmd_patch.o(i.LeHostTestCmdPatch_Init)
 <LI><a href="#[21]">LeHostRegisterCmdHandler_Patch</a> from ble_host_test_cmd_patch.o(i.LeHostRegisterCmdHandler_Patch) referenced from ble_host_test_cmd_patch.o(i.LeHostTestCmdPatch_Init)
 <LI><a href="#[18]">LeHostRunAtCmdBleAdvParam_Patch</a> from ble_cmd_app_cmd_patch.o(i.LeHostRunAtCmdBleAdvParam_Patch) referenced from ble_cmd_app_cmd_patch.o(i.LeCmdAppCmdPatch_Init)
 <LI><a href="#[1a]">LeHostRunAtCmdBleAutoTest_Patch</a> from ble_cmd_app_cmd_patch.o(i.LeHostRunAtCmdBleAutoTest_Patch) referenced from ble_cmd_app_cmd_patch.o(i.LeCmdAppCmdPatch_Init)
 <LI><a href="#[19]">LeHostRunAtCmdBleConnParam_Patch</a> from ble_cmd_app_cmd_patch.o(i.LeHostRunAtCmdBleConnParam_Patch) referenced from ble_cmd_app_cmd_patch.o(i.LeCmdAppCmdPatch_Init)
 <LI><a href="#[29]">LeHostSetCmdGroupId_Patch</a> from ble_host_test_cmd_patch.o(i.LeHostSetCmdGroupId_Patch) referenced from ble_host_test_cmd_patch.o(i.LeHostTestCmdPatch_Init)
 <LI><a href="#[22]">LeHostUtilShowLog_Patch</a> from ble_host_test_cmd_patch.o(i.LeHostUtilShowLog_Patch) referenced from ble_host_test_cmd_patch.o(i.LeHostTestCmdPatch_Init)
 <LI><a href="#[23]">LeHtcUtilSendCmdAck_Patch</a> from ble_host_test_cmd_patch.o(i.LeHtcUtilSendCmdAck_Patch) referenced from ble_host_test_cmd_patch.o(i.LeHostTestCmdPatch_Init)
 <LI><a href="#[24]">LeHtcUtilSendCmdRsp_Patch</a> from ble_host_test_cmd_patch.o(i.LeHtcUtilSendCmdRsp_Patch) referenced from ble_host_test_cmd_patch.o(i.LeHostTestCmdPatch_Init)
 <LI><a href="#[25]">LeHtcUtilShowMsg_Patch</a> from ble_host_test_cmd_patch.o(i.LeHtcUtilShowMsg_Patch) referenced from ble_host_test_cmd_patch.o(i.LeHostTestCmdPatch_Init)
 <LI><a href="#[30]">LePtsAppBuildGapSvcTbl_Patch</a> from ble_pts_app_db_patch.o(i.LePtsAppBuildGapSvcTbl_Patch) referenced from ble_pts_app_db_patch.o(i.LePtsAppDbPatch_Init)
 <LI><a href="#[31]">LePtsAppBuildGattSvcTbl_Patch</a> from ble_pts_app_db_patch.o(i.LePtsAppBuildGattSvcTbl_Patch) referenced from ble_pts_app_db_patch.o(i.LePtsAppDbPatch_Init)
 <LI><a href="#[2f]">LePtsAppBuildSvcAttr_Patch</a> from ble_pts_app_db_patch.o(i.LePtsAppBuildSvcAttr_Patch) referenced from ble_pts_app_db_patch.o(i.LePtsAppDbPatch_Init)
 <LI><a href="#[2b]">LePtsAppCmdVarGet</a> from symdefs.o(ABSOLUTE) referenced from ble_pts_app_cmd_patch.o(i.LePtsAppCmdPatch_Init)
 <LI><a href="#[2e]">LePtsAppDbVarGet</a> from symdefs.o(ABSOLUTE) referenced from ble_pts_app_db_patch.o(i.LePtsAppDbPatch_Init)
 <LI><a href="#[32]">LePtsAppGattVarGet</a> from symdefs.o(ABSOLUTE) referenced from ble_pts_app_gatt_patch.o(i.LePtsAppGattPatch_Init)
 <LI><a href="#[33]">LePtsAppHandleGapServiceWrite_Patch</a> from ble_pts_app_gatt_patch.o(i.LePtsAppHandleGapServiceWrite_Patch) referenced from ble_pts_app_gatt_patch.o(i.LePtsAppGattPatch_Init)
 <LI><a href="#[34]">LePtsAppHandleGattServiceRead_Patch</a> from ble_pts_app_gatt_patch.o(i.LePtsAppHandleGattServiceRead_Patch) referenced from ble_pts_app_gatt_patch.o(i.LePtsAppGattPatch_Init)
 <LI><a href="#[35]">LePtsAppHandleGattServiceWrite_Patch</a> from ble_pts_app_gatt_patch.o(i.LePtsAppHandleGattServiceWrite_Patch) referenced from ble_pts_app_gatt_patch.o(i.LePtsAppGattPatch_Init)
 <LI><a href="#[2c]">LePtsAppProcessCliCmd_Patch</a> from ble_pts_app_cmd_patch.o(i.LePtsAppProcessCliCmd_Patch) referenced from ble_pts_app_cmd_patch.o(i.LePtsAppCmdPatch_Init)
 <LI><a href="#[37]">LeSmpHandleIdentityAddrInfo_Patch</a> from ble_smp_handler_patch.o(i.LeSmpHandleIdentityAddrInfo_Patch) referenced from ble_smp_handler_patch.o(i.LeSmpHandlerPatch_Init)
 <LI><a href="#[36]">LeSmpKeyExchangeSuccess_Patch</a> from ble_smp_handler_patch.o(i.LeSmpKeyExchangeSuccess_Patch) referenced from ble_smp_handler_patch.o(i.LeSmpHandlerPatch_Init)
 <LI><a href="#[4]">Main_AppInit_patch</a> from main_patch.o(i.Main_AppInit_patch) referenced from main_patch.o(ENTRY_POINT)
 <LI><a href="#[38]">Main_AppThread_1</a> from main_patch.o(i.Main_AppThread_1) referenced from main_patch.o(i.Main_AppInit_patch)
 <LI><a href="#[39]">Main_AppThread_2</a> from main_patch.o(i.Main_AppThread_2) referenced from main_patch.o(i.Main_AppInit_patch)
 <LI><a href="#[3a]">Main_AppTimer</a> from main_patch.o(i.Main_AppTimer) referenced from main_patch.o(i.Main_AppInit_patch)
 <LI><a href="#[3b]">Main_ApsUartRxDectecCb</a> from main_patch.o(i.Main_ApsUartRxDectecCb) referenced from main_patch.o(i.Main_ApsUartRxDectecConfig)
 <LI><a href="#[3]">Main_AtUartDbgUartSwitch</a> from main_patch.o(i.Main_AtUartDbgUartSwitch) referenced from main_patch.o(ENTRY_POINT)
 <LI><a href="#[1]">Main_FlashLayoutUpdate</a> from main_patch.o(i.Main_FlashLayoutUpdate) referenced from main_patch.o(ENTRY_POINT)
 <LI><a href="#[2]">Main_MiscDriverConfigSetup</a> from main_patch.o(i.Main_MiscDriverConfigSetup) referenced from main_patch.o(ENTRY_POINT)
 <LI><a href="#[0]">Main_PinMuxUpdate</a> from main_patch.o(i.Main_PinMuxUpdate) referenced from main_patch.o(ENTRY_POINT)
 <LI><a href="#[3c]">MwFim_FileDataDefaultFill_impl</a> from symdefs.o(ABSOLUTE) referenced from mw_fim_patch.o(i.MwFim_PreInit_patch)
 <LI><a href="#[2d]">ParseLePtsTestCommand_Patch</a> from ble_pts_app_cmd_patch.o(i.ParseLePtsTestCommand_Patch) referenced from ble_pts_app_cmd_patch.o(i.LePtsAppCmdPatch_Init)
 <LI><a href="#[3e]">Sys_DriverInit_patch</a> from sys_init_patch.o(i.Sys_DriverInit_patch) referenced from sys_init_patch.o(i.SysInit_EntryPoint)
 <LI><a href="#[41]">Sys_PostInit_patch</a> from sys_init_patch.o(i.Sys_PostInit_patch) referenced from sys_init_patch.o(i.SysInit_EntryPoint)
 <LI><a href="#[3f]">Sys_RomVersion_patch</a> from sys_init_patch.o(i.Sys_RomVersion_patch) referenced from sys_init_patch.o(i.SysInit_EntryPoint)
 <LI><a href="#[40]">Sys_ServiceInit_patch</a> from sys_init_patch.o(i.Sys_ServiceInit_patch) referenced from sys_init_patch.o(i.SysInit_EntryPoint)
 <LI><a href="#[3d]">Test_ForSwPatch_patch</a> from sys_init_patch.o(i.Test_ForSwPatch_patch) referenced from sys_init_patch.o(i.SysInit_EntryPoint)
 <LI><a href="#[43]">_snputc</a> from printfa.o(i._snputc) referenced from printfa.o(i.__0snprintf)
 <LI><a href="#[43]">_snputc</a> from printfa.o(i._snputc) referenced from printfa.o(i.__0vsnprintf)
 <LI><a href="#[47]">agent_data_handle_reg_patch</a> from agent_patch.o(i.agent_data_handle_reg_patch) referenced from agent_patch.o(i.agent_pre_init_patch)
 <LI><a href="#[45]">agent_init_patch</a> from agent_patch.o(i.agent_init_patch) referenced from agent_patch.o(i.agent_pre_init_patch)
 <LI><a href="#[46]">agent_msg_send_patch</a> from agent_patch.o(i.agent_msg_send_patch) referenced from agent_patch.o(i.agent_pre_init_patch)
 <LI><a href="#[44]">agent_task_main_patch</a> from agent_patch.o(i.agent_task_main_patch) referenced from agent_patch.o(i.agent_pre_init_patch)
 <LI><a href="#[60]">at_blewifi_auto_trans_init_patch</a> from at_cmd_task_patch.o(i.at_blewifi_auto_trans_init_patch) referenced from at_cmd_task_patch.o(i.at_task_func_init_patch)
 <LI><a href="#[64]">at_cmd_crlf_term_get_patch</a> from at_cmd_task_patch.o(i.at_cmd_crlf_term_get_patch) referenced from at_cmd_task_patch.o(i.at_task_func_init_patch)
 <LI><a href="#[63]">at_cmd_crlf_term_set_patch</a> from at_cmd_task_patch.o(i.at_cmd_crlf_term_set_patch) referenced from at_cmd_task_patch.o(i.at_task_func_init_patch)
 <LI><a href="#[90]">at_cmd_ext_crlf_term</a> from at_cmd_ext_patch.o(i.at_cmd_ext_crlf_term) referenced from at_cmd_ext_patch.o(misc)
 <LI><a href="#[91]">at_cmd_ext_le_info</a> from at_cmd_ext_patch.o(i.at_cmd_ext_le_info) referenced from at_cmd_ext_patch.o(misc)
 <LI><a href="#[4c]">at_cmd_handler_patch</a> from at_cmd_patch.o(i.at_cmd_handler_patch) referenced from at_cmd_patch.o(i.at_cmd_func_init_patch)
 <LI><a href="#[57]">at_cmd_ping_callback_patch</a> from at_cmd_tcpip_patch.o(i.at_cmd_ping_callback_patch) referenced from at_cmd_tcpip_patch.o(i.at_cmd_tcpip_api_preinit_patch)
 <LI><a href="#[50]">at_cmd_sys_fwver_patch</a> from at_cmd_sys_patch.o(i.at_cmd_sys_fwver_patch) referenced from at_cmd_sys_patch.o(i.at_cmd_sys_func_init_patch)
 <LI><a href="#[4d]">at_cmd_sys_gmr_patch</a> from at_cmd_sys_patch.o(i.at_cmd_sys_gmr_patch) referenced from at_cmd_sys_patch.o(i.at_cmd_sys_func_init_patch)
 <LI><a href="#[51]">at_cmd_sys_gslp_io_callback</a> from symdefs.o(ABSOLUTE) referenced from at_cmd_sys_patch.o(i.at_cmd_sys_gslp_patch)
 <LI><a href="#[51]">at_cmd_sys_gslp_io_callback</a> from symdefs.o(ABSOLUTE) referenced from at_cmd_sys_patch.o(i.at_cmd_sys_sleep_patch)
 <LI><a href="#[4e]">at_cmd_sys_gslp_patch</a> from at_cmd_sys_patch.o(i.at_cmd_sys_gslp_patch) referenced from at_cmd_sys_patch.o(i.at_cmd_sys_func_init_patch)
 <LI><a href="#[52]">at_cmd_sys_gslp_wakeup_callback</a> from symdefs.o(ABSOLUTE) referenced from at_cmd_sys_patch.o(i.at_cmd_sys_gslp_patch)
 <LI><a href="#[52]">at_cmd_sys_gslp_wakeup_callback</a> from symdefs.o(ABSOLUTE) referenced from at_cmd_sys_patch.o(i.at_cmd_sys_sleep_patch)
 <LI><a href="#[4f]">at_cmd_sys_sleep_patch</a> from at_cmd_sys_patch.o(i.at_cmd_sys_sleep_patch) referenced from at_cmd_sys_patch.o(i.at_cmd_sys_func_init_patch)
 <LI><a href="#[59]">at_cmd_tcpip_cipserver_patch</a> from at_cmd_tcpip_patch.o(i.at_cmd_tcpip_cipserver_patch) referenced from at_cmd_tcpip_patch.o(i.at_cmd_tcpip_api_preinit_patch)
 <LI><a href="#[58]">at_cmd_tcpip_cipstart_patch</a> from at_cmd_tcpip_patch.o(i.at_cmd_tcpip_cipstart_patch) referenced from at_cmd_tcpip_patch.o(i.at_cmd_tcpip_api_preinit_patch)
 <LI><a href="#[5b]">at_cmd_tcpip_ping_patch</a> from at_cmd_tcpip_patch.o(i.at_cmd_tcpip_ping_patch) referenced from at_cmd_tcpip_patch.o(i.at_cmd_tcpip_api_preinit_patch)
 <LI><a href="#[5a]">at_cmd_tcpip_savetranslink_patch</a> from at_cmd_tcpip_patch.o(i.at_cmd_tcpip_savetranslink_patch) referenced from at_cmd_tcpip_patch.o(i.at_cmd_tcpip_api_preinit_patch)
 <LI><a href="#[5e]">at_cmd_wifi_cwlap_patch</a> from at_cmd_wifi_patch.o(i.at_cmd_wifi_cwlap_patch) referenced from at_cmd_wifi_patch.o(i.at_cmd_wifi_func_init_patch)
 <LI><a href="#[5d]">at_cmd_wifi_cwlapopt_patch</a> from at_cmd_wifi_patch.o(i.at_cmd_wifi_cwlapopt_patch) referenced from at_cmd_wifi_patch.o(i.at_cmd_wifi_func_init_patch)
 <LI><a href="#[5c]">at_cmd_wifi_cwmode_patch</a> from at_cmd_wifi_patch.o(i.at_cmd_wifi_cwmode_patch) referenced from at_cmd_wifi_patch.o(i.at_cmd_wifi_func_init_patch)
 <LI><a href="#[48]">at_cmd_wifi_hook_patch</a> from at_cmd_app_patch.o(i.at_cmd_wifi_hook_patch) referenced from at_cmd_app_patch.o(i.at_cmd_app_func_preinit_patch)
 <LI><a href="#[54]">at_create_tcpip_tx_task_patch</a> from at_cmd_tcpip_patch.o(i.at_create_tcpip_tx_task_patch) referenced from at_cmd_tcpip_patch.o(i.at_cmd_tcpip_api_preinit_patch)
 <LI><a href="#[61]">at_module_init_patch</a> from at_cmd_task_patch.o(i.at_module_init_patch) referenced from at_cmd_task_patch.o(i.at_task_func_init_patch)
 <LI><a href="#[55]">at_server_timeout_handler_patch</a> from at_cmd_tcpip_patch.o(i.at_server_timeout_handler_patch) referenced from at_cmd_tcpip_patch.o(i.at_cmd_tcpip_api_preinit_patch)
 <LI><a href="#[56]">at_socket_process_task_patch</a> from at_cmd_tcpip_patch.o(i.at_socket_process_task_patch) referenced from at_cmd_tcpip_patch.o(i.at_cmd_tcpip_api_preinit_patch)
 <LI><a href="#[62]">at_task_patch</a> from at_cmd_task_patch.o(i.at_task_patch) referenced from at_cmd_task_patch.o(i.at_task_func_init_patch)
 <LI><a href="#[65]">at_term_char_remove_patch</a> from at_cmd_task_patch.o(i.at_term_char_remove_patch) referenced from at_cmd_task_patch.o(i.at_task_func_init_patch)
 <LI><a href="#[53]">at_trans_client_init_patch</a> from at_cmd_tcpip_patch.o(i.at_trans_client_init_patch) referenced from at_cmd_tcpip_patch.o(i.at_cmd_tcpip_api_preinit_patch)
 <LI><a href="#[5f]">at_wifi_event_handler_cb</a> from symdefs.o(ABSOLUTE) referenced from at_cmd_app_patch.o(.constdata)
 <LI><a href="#[5f]">at_wifi_event_handler_cb</a> from symdefs.o(ABSOLUTE) referenced from at_cmd_app_patch.o(i.at_cmd_wifi_hook_patch)
 <LI><a href="#[49]">at_wifi_event_handler_cb_patch</a> from at_cmd_app_patch.o(i.at_wifi_event_handler_cb_patch) referenced from at_cmd_app_patch.o(i.at_cmd_app_func_preinit_patch)
 <LI><a href="#[67]">controller_task_create_patch</a> from controller_task_patch.o(i.controller_task_create_patch) referenced from controller_task_patch.o(i.controller_task_func_init_patch)
 <LI><a href="#[66]">controller_task_patch</a> from controller_task_patch.o(i.controller_task_patch) referenced from controller_task_patch.o(i.controller_task_create_patch)
 <LI><a href="#[8b]">controller_wifi_cmd_handler_patch</a> from controller_wifi_patch.o(i.controller_wifi_cmd_handler_patch) referenced from controller_wifi_patch.o(i.wifi_ctrl_init_patch)
 <LI><a href="#[8a]">controller_wifi_init_patch</a> from controller_wifi_patch.o(i.controller_wifi_init_patch) referenced from controller_wifi_patch.o(i.wifi_ctrl_init_patch)
 <LI><a href="#[6]">diag_task_patch</a> from diag_task_patch.o(i.diag_task_patch) referenced from diag_task_patch.o(i.Diag_PatchInit)
 <LI><a href="#[78]">ethernetif_init</a> from symdefs.o(ABSOLUTE) referenced from lwip_helper_patch.o(i.lwip_tcpip_init_patch)
 <LI><a href="#[13]">ipc_m0_msg_handle_patch</a> from data_flow_patch.o(i.ipc_m0_msg_handle_patch) referenced from ipc_patch.o(i.Ipc_PreInit_patch)
 <LI><a href="#[14]">ipc_rb_init_patch</a> from ipc_patch.o(i.ipc_rb_init_patch) referenced from ipc_patch.o(i.Ipc_PreInit_patch)
 <LI><a href="#[15]">ipc_rb_write_patch</a> from ipc_patch.o(i.ipc_rb_write_patch) referenced from ipc_patch.o(i.Ipc_PreInit_patch)
 <LI><a href="#[12]">ipc_rf_at_process_M0ToM3_patch</a> from data_flow_patch.o(i.ipc_rf_at_process_M0ToM3_patch) referenced from ipc_patch.o(i.Ipc_PreInit_patch)
 <LI><a href="#[16]">ipc_wifi_cmd_send_patch</a> from ipc_patch.o(i.ipc_wifi_cmd_send_patch) referenced from ipc_patch.o(i.Ipc_PreInit_patch)
 <LI><a href="#[6e]">le_ctrl_hci_proc_rx_event_patch</a> from le_ctrl_hci_patch.o(i.le_ctrl_hci_proc_rx_event_patch) referenced from le_ctrl_func_map_patch.o(i.le_ctrl_pre_patch_init)
 <LI><a href="#[6d]">le_ctrl_init_patch</a> from le_ctrl_hci_patch.o(i.le_ctrl_init_patch) referenced from le_ctrl_func_map_patch.o(i.le_ctrl_pre_patch_init)
 <LI><a href="#[6c]">le_ctrl_pkt_info_display_timer</a> from le_ctrl_cmd_patch.o(i.le_ctrl_pkt_info_display_timer) referenced from le_ctrl_cmd_patch.o(i.le_ctrl_packet_info_display)
 <LI><a href="#[76]">low_level_output_patch</a> from wlannetif_patch.o(i.low_level_output_patch) referenced from wlannetif_patch.o(i.lwip_load_interface_wlannetif_patch)
 <LI><a href="#[6f]">lwip_tcpip_init_patch</a> from lwip_helper_patch.o(i.lwip_tcpip_init_patch) referenced from lwip_helper_patch.o(i.lwip_load_interface_lwip_helper_patch)
 <LI><a href="#[7a]">ps_enable_timer_sleep_patch</a> from ps_patch.o(i.ps_enable_timer_sleep_patch) referenced from ps_func_map_patch.o(i.ps_patch_init)
 <LI><a href="#[79]">ps_sleep_patch</a> from ps_patch.o(i.ps_sleep_patch) referenced from ps_func_map_patch.o(i.ps_patch_init)
 <LI><a href="#[7c]">sys_cfg_init_patch</a> from sys_cfg_patch.o(i.sys_cfg_init_patch) referenced from sys_cfg_patch.o(i.sys_cfg_pre_init_patch)
 <LI><a href="#[7b]">sys_cfg_rf_set_patch</a> from sys_cfg_patch.o(i.sys_cfg_rf_set_patch) referenced from sys_cfg_patch.o(i.sys_cfg_pre_init_patch)
 <LI><a href="#[71]">tcp_alloc_patch</a> from tcp_patch.o(i.tcp_alloc_patch) referenced from tcp_patch.o(i.lwip_load_interface_tcp_patch)
 <LI><a href="#[72]">tcp_kill_state_patch</a> from tcp_patch.o(i.tcp_kill_state_patch) referenced from tcp_patch.o(i.lwip_load_interface_tcp_patch)
 <LI><a href="#[7d]">tcp_recv_null</a> from symdefs.o(ABSOLUTE) referenced from tcp_patch.o(i.tcp_alloc_patch)
 <LI><a href="#[70]">tcp_slowtmr_patch</a> from tcp_patch.o(i.tcp_slowtmr_patch) referenced from tcp_patch.o(i.lwip_load_interface_tcp_patch)
 <LI><a href="#[74]">tcpip_activate_tcpip_timeouts_impl</a> from symdefs.o(ABSOLUTE) referenced from tcpip_patch.o(i.lwip_load_interface_tcpip_patch)
 <LI><a href="#[75]">tcpip_check_timeouts_impl</a> from symdefs.o(ABSOLUTE) referenced from tcpip_patch.o(i.lwip_load_interface_tcpip_patch)
 <LI><a href="#[73]">tcpip_deactivate_tcpip_timeouts_impl</a> from symdefs.o(ABSOLUTE) referenced from tcpip_patch.o(i.lwip_load_interface_tcpip_patch)
 <LI><a href="#[77]">tcpip_input</a> from symdefs.o(ABSOLUTE) referenced from lwip_helper_patch.o(i.lwip_tcpip_init_patch)
 <LI><a href="#[4b]">uart1_rx_int_at_data_receive_app_patch</a> from at_cmd_common_patch.o(i.uart1_rx_int_at_data_receive_app_patch) referenced from at_cmd_common_patch.o(i.at_cmd_common_func_init_patch)
 <LI><a href="#[4a]">uart1_rx_int_do_at_patch</a> from at_cmd_common_patch.o(i.uart1_rx_int_do_at_patch) referenced from at_cmd_common_patch.o(i.at_cmd_common_func_init_patch)
 <LI><a href="#[42]">uartdbg_rx_int_handler</a> from symdefs.o(ABSOLUTE) referenced from sys_init_patch.o(i.Sys_DriverInit_patch)
 <LI><a href="#[6b]">uartdbg_rx_int_handler_patch</a> from diag_task_patch.o(i.uartdbg_rx_int_handler_patch) referenced from diag_task_patch.o(i.diag_task_patch)
 <LI><a href="#[89]">wifi_cmd_tout_handle_patch</a> from controller_wifi_patch.o(i.wifi_cmd_tout_handle_patch) referenced from controller_wifi_patch.o(i.wifi_ctrl_init_patch)
 <LI><a href="#[80]">wifi_connection_connect_from_ac_index_patch</a> from wifi_api_patch.o(i.wifi_connection_connect_from_ac_index_patch) referenced from wifi_api_patch.o(i.wifi_api_func_init_patch)
 <LI><a href="#[7f]">wifi_connection_connect_from_ac_list_patch</a> from wifi_api_patch.o(i.wifi_connection_connect_from_ac_list_patch) referenced from wifi_api_patch.o(i.wifi_api_func_init_patch)
 <LI><a href="#[69]">wifi_ctrl_cfg_tout_handler</a> from controller_wifi_patch.o(i.wifi_ctrl_cfg_tout_handler) referenced from controller_wifi_patch.o(i.controller_wifi_init_patch)
 <LI><a href="#[68]">wifi_ctrl_cmd_tout</a> from symdefs.o(ABSOLUTE) referenced from controller_wifi_patch.o(i.controller_wifi_init_patch)
 <LI><a href="#[8c]">wifi_event_sta_connect_failed_handler</a> from wifi_event_handler_patch.o(i.wifi_event_sta_connect_failed_handler) referenced from wifi_event_handler_patch.o(i.wifi_install_default_event_handlers_ex)
 <LI><a href="#[7e]">wifi_init_patch</a> from wifi_api_patch.o(i.wifi_init_patch) referenced from wifi_api_patch.o(i.wifi_api_func_init_patch)
 <LI><a href="#[88]">wifi_scan_cfg_init_patch</a> from controller_wifi_patch.o(i.wifi_scan_cfg_init_patch) referenced from controller_wifi_patch.o(i.wifi_ctrl_init_patch)
 <LI><a href="#[86]">wifi_scan_req_by_cfg_patch</a> from controller_wifi_patch.o(i.wifi_scan_req_by_cfg_patch) referenced from controller_wifi_patch.o(i.wifi_ctrl_init_patch)
 <LI><a href="#[85]">wifi_scan_req_patch</a> from controller_wifi_patch.o(i.wifi_scan_req_patch) referenced from controller_wifi_patch.o(i.wifi_ctrl_init_patch)
 <LI><a href="#[81]">wifi_scan_start_patch</a> from wifi_api_patch.o(i.wifi_scan_start_patch) referenced from wifi_api_patch.o(i.wifi_api_func_init_patch)
 <LI><a href="#[82]">wifi_scan_stop_patch</a> from wifi_api_patch.o(i.wifi_scan_stop_patch) referenced from wifi_api_patch.o(i.wifi_api_func_init_patch)
 <LI><a href="#[87]">wifi_scan_stop_req_patch</a> from controller_wifi_patch.o(i.wifi_scan_stop_req_patch) referenced from controller_wifi_patch.o(i.wifi_ctrl_init_patch)
 <LI><a href="#[84]">wifi_set_sta_cfg_req_patch</a> from controller_wifi_patch.o(i.wifi_set_sta_cfg_req_patch) referenced from controller_wifi_patch.o(i.wifi_ctrl_init_patch)
 <LI><a href="#[83]">wifi_sta_info_init_patch</a> from controller_wifi_patch.o(i.wifi_sta_info_init_patch) referenced from controller_wifi_patch.o(i.wifi_ctrl_init_patch)
 <LI><a href="#[8d]">wpa_cli_scan_by_cfg_patch</a> from wpa_cli.o(i.wpa_cli_scan_by_cfg_patch) referenced from wpa_cli.o(i.wpa_cli_func_init_patch)
 <LI><a href="#[8f]">wpa_driver_netlink_scan_by_cfg_patch</a> from driver_netlink_patch.o(i.wpa_driver_netlink_scan_by_cfg_patch) referenced from driver_netlink_patch.o(i.wpa_driver_func_init_patch)
 <LI><a href="#[8e]">wpa_driver_netlink_scan_patch</a> from driver_netlink_patch.o(i.wpa_driver_netlink_scan_patch) referenced from driver_netlink_patch.o(i.wpa_driver_func_init_patch)
</UL>
<P>
<H3>
Global Symbols
</H3>
<P><STRONG><a name="[ff]"></a>__aeabi_uldivmod</STRONG> (Thumb, 0 bytes, Stack size 0 bytes, symdefs.o(ABSOLUTE), UNUSED)
<BR><BR>[Called By]<UL><LI><a href="#[f7]">&gt;&gt;</a>&nbsp;&nbsp;&nbsp;_printf_core
<LI><a href="#[f9]">&gt;&gt;</a>&nbsp;&nbsp;&nbsp;_fp_digits
</UL>

<P><STRONG><a name="[104]"></a>__aeabi_memcpy</STRONG> (Thumb, 0 bytes, Stack size 0 bytes, symdefs.o(ABSOLUTE))
<BR><BR>[Called By]<UL><LI><a href="#[86]">&gt;&gt;</a>&nbsp;&nbsp;&nbsp;wifi_scan_req_by_cfg_patch
<LI><a href="#[16]">&gt;&gt;</a>&nbsp;&nbsp;&nbsp;ipc_wifi_cmd_send_patch
<LI><a href="#[46]">&gt;&gt;</a>&nbsp;&nbsp;&nbsp;agent_msg_send_patch
<LI><a href="#[81]">&gt;&gt;</a>&nbsp;&nbsp;&nbsp;wifi_scan_start_patch
<LI><a href="#[10c]">&gt;&gt;</a>&nbsp;&nbsp;&nbsp;data_process_handler_patch
<LI><a href="#[5e]">&gt;&gt;</a>&nbsp;&nbsp;&nbsp;at_cmd_wifi_cwlap_patch
<LI><a href="#[5a]">&gt;&gt;</a>&nbsp;&nbsp;&nbsp;at_cmd_tcpip_savetranslink_patch
<LI><a href="#[58]">&gt;&gt;</a>&nbsp;&nbsp;&nbsp;at_cmd_tcpip_cipstart_patch
<LI><a href="#[62]">&gt;&gt;</a>&nbsp;&nbsp;&nbsp;at_task_patch
<LI><a href="#[10d]">&gt;&gt;</a>&nbsp;&nbsp;&nbsp;at_cmd_mp_ble_addr_patch
</UL>

<P><STRONG><a name="[c3]"></a>__aeabi_memcpy4</STRONG> (Thumb, 0 bytes, Stack size 0 bytes, symdefs.o(ABSOLUTE))
<BR><BR>[Called By]<UL><LI><a href="#[f2]">&gt;&gt;</a>&nbsp;&nbsp;&nbsp;Sys_SwitchOffUnusedSram
<LI><a href="#[5e]">&gt;&gt;</a>&nbsp;&nbsp;&nbsp;at_cmd_wifi_cwlap_patch
<LI><a href="#[57]">&gt;&gt;</a>&nbsp;&nbsp;&nbsp;at_cmd_ping_callback_patch
<LI><a href="#[34]">&gt;&gt;</a>&nbsp;&nbsp;&nbsp;LePtsAppHandleGattServiceRead_Patch
<LI><a href="#[31]">&gt;&gt;</a>&nbsp;&nbsp;&nbsp;LePtsAppBuildGattSvcTbl_Patch
<LI><a href="#[30]">&gt;&gt;</a>&nbsp;&nbsp;&nbsp;LePtsAppBuildGapSvcTbl_Patch
<LI><a href="#[c0]">&gt;&gt;</a>&nbsp;&nbsp;&nbsp;LeHostPerformCmdPtsExceptCase
<LI><a href="#[c2]">&gt;&gt;</a>&nbsp;&nbsp;&nbsp;LeHostPerformCmdExceptCase6
</UL>

<P><STRONG><a name="[db]"></a>__aeabi_memclr</STRONG> (Thumb, 0 bytes, Stack size 0 bytes, symdefs.o(ABSOLUTE))
<BR><BR>[Called By]<UL><LI><a href="#[da]">&gt;&gt;</a>&nbsp;&nbsp;&nbsp;SysInit_EntryPoint
<LI><a href="#[88]">&gt;&gt;</a>&nbsp;&nbsp;&nbsp;wifi_scan_cfg_init_patch
<LI><a href="#[6d]">&gt;&gt;</a>&nbsp;&nbsp;&nbsp;le_ctrl_init_patch
<LI><a href="#[123]">&gt;&gt;</a>&nbsp;&nbsp;&nbsp;at_cmd_wifi_func_init_patch
<LI><a href="#[10c]">&gt;&gt;</a>&nbsp;&nbsp;&nbsp;data_process_handler_patch
</UL>

<P><STRONG><a name="[ad]"></a>__aeabi_memclr4</STRONG> (Thumb, 0 bytes, Stack size 0 bytes, symdefs.o(ABSOLUTE))
<BR><BR>[Called By]<UL><LI><a href="#[6d]">&gt;&gt;</a>&nbsp;&nbsp;&nbsp;le_ctrl_init_patch
<LI><a href="#[45]">&gt;&gt;</a>&nbsp;&nbsp;&nbsp;agent_init_patch
<LI><a href="#[136]">&gt;&gt;</a>&nbsp;&nbsp;&nbsp;wifi_sta_info_init_fn_impl
<LI><a href="#[67]">&gt;&gt;</a>&nbsp;&nbsp;&nbsp;controller_task_create_patch
<LI><a href="#[20]">&gt;&gt;</a>&nbsp;&nbsp;&nbsp;LeGapAddToResolvingList_Patch
<LI><a href="#[81]">&gt;&gt;</a>&nbsp;&nbsp;&nbsp;wifi_scan_start_patch
<LI><a href="#[7f]">&gt;&gt;</a>&nbsp;&nbsp;&nbsp;wifi_connection_connect_from_ac_list_patch
<LI><a href="#[80]">&gt;&gt;</a>&nbsp;&nbsp;&nbsp;wifi_connection_connect_from_ac_index_patch
<LI><a href="#[91]">&gt;&gt;</a>&nbsp;&nbsp;&nbsp;at_cmd_ext_le_info
<LI><a href="#[90]">&gt;&gt;</a>&nbsp;&nbsp;&nbsp;at_cmd_ext_crlf_term
<LI><a href="#[5d]">&gt;&gt;</a>&nbsp;&nbsp;&nbsp;at_cmd_wifi_cwlapopt_patch
<LI><a href="#[5e]">&gt;&gt;</a>&nbsp;&nbsp;&nbsp;at_cmd_wifi_cwlap_patch
<LI><a href="#[5a]">&gt;&gt;</a>&nbsp;&nbsp;&nbsp;at_cmd_tcpip_savetranslink_patch
<LI><a href="#[5b]">&gt;&gt;</a>&nbsp;&nbsp;&nbsp;at_cmd_tcpip_ping_patch
<LI><a href="#[58]">&gt;&gt;</a>&nbsp;&nbsp;&nbsp;at_cmd_tcpip_cipstart_patch
<LI><a href="#[4f]">&gt;&gt;</a>&nbsp;&nbsp;&nbsp;at_cmd_sys_sleep_patch
<LI><a href="#[4e]">&gt;&gt;</a>&nbsp;&nbsp;&nbsp;at_cmd_sys_gslp_patch
<LI><a href="#[31]">&gt;&gt;</a>&nbsp;&nbsp;&nbsp;LePtsAppBuildGattSvcTbl_Patch
<LI><a href="#[30]">&gt;&gt;</a>&nbsp;&nbsp;&nbsp;LePtsAppBuildGapSvcTbl_Patch
<LI><a href="#[c1]">&gt;&gt;</a>&nbsp;&nbsp;&nbsp;LeHostPerformCmdGattExceptCmd
<LI><a href="#[1e]">&gt;&gt;</a>&nbsp;&nbsp;&nbsp;LeCmdAppHandleCmInitCompleteCfm_Patch
<LI><a href="#[10d]">&gt;&gt;</a>&nbsp;&nbsp;&nbsp;at_cmd_mp_ble_addr_patch
<LI><a href="#[71]">&gt;&gt;</a>&nbsp;&nbsp;&nbsp;tcp_alloc_patch
</UL>

<P><STRONG><a name="[13d]"></a>strstr</STRONG> (Thumb, 0 bytes, Stack size 0 bytes, symdefs.o(ABSOLUTE))
<BR><BR>[Called By]<UL><LI><a href="#[10c]">&gt;&gt;</a>&nbsp;&nbsp;&nbsp;data_process_handler_patch
</UL>

<P><STRONG><a name="[11e]"></a>strlen</STRONG> (Thumb, 0 bytes, Stack size 0 bytes, symdefs.o(ABSOLUTE))
<BR><BR>[Called By]<UL><LI><a href="#[86]">&gt;&gt;</a>&nbsp;&nbsp;&nbsp;wifi_scan_req_by_cfg_patch
<LI><a href="#[6]">&gt;&gt;</a>&nbsp;&nbsp;&nbsp;diag_task_patch
<LI><a href="#[81]">&gt;&gt;</a>&nbsp;&nbsp;&nbsp;wifi_scan_start_patch
<LI><a href="#[14a]">&gt;&gt;</a>&nbsp;&nbsp;&nbsp;vendor_specific_get_packet_info_statistics_event_handler
<LI><a href="#[5e]">&gt;&gt;</a>&nbsp;&nbsp;&nbsp;at_cmd_wifi_cwlap_patch
<LI><a href="#[65]">&gt;&gt;</a>&nbsp;&nbsp;&nbsp;at_term_char_remove_patch
<LI><a href="#[62]">&gt;&gt;</a>&nbsp;&nbsp;&nbsp;at_task_patch
</UL>

<P><STRONG><a name="[15a]"></a>memcmp</STRONG> (Thumb, 0 bytes, Stack size 0 bytes, symdefs.o(ABSOLUTE))
<BR><BR>[Called By]<UL><LI><a href="#[f3]">&gt;&gt;</a>&nbsp;&nbsp;&nbsp;sys_cfg_rf_init_patch
<LI><a href="#[7b]">&gt;&gt;</a>&nbsp;&nbsp;&nbsp;sys_cfg_rf_set_patch
<LI><a href="#[7f]">&gt;&gt;</a>&nbsp;&nbsp;&nbsp;wifi_connection_connect_from_ac_list_patch
</UL>

<P><STRONG><a name="[116]"></a>strcpy</STRONG> (Thumb, 0 bytes, Stack size 0 bytes, symdefs.o(ABSOLUTE))
<BR><BR>[Called By]<UL><LI><a href="#[5b]">&gt;&gt;</a>&nbsp;&nbsp;&nbsp;at_cmd_tcpip_ping_patch
</UL>

<P><STRONG><a name="[94]"></a>strncmp</STRONG> (Thumb, 0 bytes, Stack size 0 bytes, symdefs.o(ABSOLUTE))
<BR><BR>[Called By]<UL><LI><a href="#[5]">&gt;&gt;</a>&nbsp;&nbsp;&nbsp;CmdProcess_patch
<LI><a href="#[10d]">&gt;&gt;</a>&nbsp;&nbsp;&nbsp;at_cmd_mp_ble_addr_patch
</UL>

<P><STRONG><a name="[145]"></a>strcasecmp</STRONG> (Thumb, 0 bytes, Stack size 0 bytes, symdefs.o(ABSOLUTE))
<BR><BR>[Called By]<UL><LI><a href="#[13e]">&gt;&gt;</a>&nbsp;&nbsp;&nbsp;data_process_wifi_patch
<LI><a href="#[13f]">&gt;&gt;</a>&nbsp;&nbsp;&nbsp;data_process_tcpip_patch
<LI><a href="#[140]">&gt;&gt;</a>&nbsp;&nbsp;&nbsp;data_process_sys_patch
<LI><a href="#[141]">&gt;&gt;</a>&nbsp;&nbsp;&nbsp;data_process_rf_patch
<LI><a href="#[143]">&gt;&gt;</a>&nbsp;&nbsp;&nbsp;data_process_property_patch
<LI><a href="#[144]">&gt;&gt;</a>&nbsp;&nbsp;&nbsp;data_process_others_patch
</UL>

<P><STRONG><a name="[95]"></a>strncasecmp</STRONG> (Thumb, 0 bytes, Stack size 0 bytes, symdefs.o(ABSOLUTE))
<BR><BR>[Called By]<UL><LI><a href="#[5]">&gt;&gt;</a>&nbsp;&nbsp;&nbsp;CmdProcess_patch
<LI><a href="#[139]">&gt;&gt;</a>&nbsp;&nbsp;&nbsp;data_process_ble_patch
</UL>

<P><STRONG><a name="[109]"></a>strtoul</STRONG> (Thumb, 0 bytes, Stack size 0 bytes, symdefs.o(ABSOLUTE))
<BR><BR>[Called By]<UL><LI><a href="#[12]">&gt;&gt;</a>&nbsp;&nbsp;&nbsp;ipc_rf_at_process_M0ToM3_patch
<LI><a href="#[90]">&gt;&gt;</a>&nbsp;&nbsp;&nbsp;at_cmd_ext_crlf_term
</UL>

<P><STRONG><a name="[10a]"></a>atoi</STRONG> (Thumb, 0 bytes, Stack size 0 bytes, symdefs.o(ABSOLUTE))
<BR><BR>[Called By]<UL><LI><a href="#[91]">&gt;&gt;</a>&nbsp;&nbsp;&nbsp;at_cmd_ext_le_info
<LI><a href="#[58]">&gt;&gt;</a>&nbsp;&nbsp;&nbsp;at_cmd_tcpip_cipstart_patch
<LI><a href="#[4f]">&gt;&gt;</a>&nbsp;&nbsp;&nbsp;at_cmd_sys_sleep_patch
<LI><a href="#[4e]">&gt;&gt;</a>&nbsp;&nbsp;&nbsp;at_cmd_sys_gslp_patch
</UL>

<P><STRONG><a name="[fa]"></a>__aeabi_dmul</STRONG> (Thumb, 0 bytes, Stack size 0 bytes, symdefs.o(ABSOLUTE), UNUSED)
<BR><BR>[Called By]<UL><LI><a href="#[f9]">&gt;&gt;</a>&nbsp;&nbsp;&nbsp;_fp_digits
</UL>

<P><STRONG><a name="[fb]"></a>__aeabi_ddiv</STRONG> (Thumb, 0 bytes, Stack size 0 bytes, symdefs.o(ABSOLUTE), UNUSED)
<BR><BR>[Called By]<UL><LI><a href="#[f9]">&gt;&gt;</a>&nbsp;&nbsp;&nbsp;_fp_digits
</UL>

<P><STRONG><a name="[102]"></a>__aeabi_uidivmod</STRONG> (Thumb, 0 bytes, Stack size 0 bytes, symdefs.o(ABSOLUTE), UNUSED)
<BR><BR>[Called By]<UL><LI><a href="#[f7]">&gt;&gt;</a>&nbsp;&nbsp;&nbsp;_printf_core
</UL>

<P><STRONG><a name="[fd]"></a>__aeabi_dadd</STRONG> (Thumb, 0 bytes, Stack size 0 bytes, symdefs.o(ABSOLUTE), UNUSED)
<BR><BR>[Called By]<UL><LI><a href="#[f9]">&gt;&gt;</a>&nbsp;&nbsp;&nbsp;_fp_digits
</UL>

<P><STRONG><a name="[fe]"></a>__aeabi_d2ulz</STRONG> (Thumb, 0 bytes, Stack size 0 bytes, symdefs.o(ABSOLUTE), UNUSED)
<BR><BR>[Called By]<UL><LI><a href="#[f9]">&gt;&gt;</a>&nbsp;&nbsp;&nbsp;_fp_digits
</UL>

<P><STRONG><a name="[fc]"></a>__aeabi_cdrcmple</STRONG> (Thumb, 0 bytes, Stack size 0 bytes, symdefs.o(ABSOLUTE), UNUSED)
<BR><BR>[Called By]<UL><LI><a href="#[f9]">&gt;&gt;</a>&nbsp;&nbsp;&nbsp;_fp_digits
</UL>

<P><STRONG><a name="[b3]"></a>AlignWord</STRONG> (Thumb, 0 bytes, Stack size 0 bytes, symdefs.o(ABSOLUTE))
<BR><BR>[Called By]<UL><LI><a href="#[2f]">&gt;&gt;</a>&nbsp;&nbsp;&nbsp;LePtsAppBuildSvcAttr_Patch
<LI><a href="#[1c]">&gt;&gt;</a>&nbsp;&nbsp;&nbsp;LeGattDbBuildSvcAttr_Patch
</UL>

<P><STRONG><a name="[d6]"></a>Boot_CheckWarmBoot</STRONG> (Thumb, 0 bytes, Stack size 0 bytes, symdefs.o(ABSOLUTE))
<BR><BR>[Called By]<UL><LI><a href="#[da]">&gt;&gt;</a>&nbsp;&nbsp;&nbsp;SysInit_EntryPoint
<LI><a href="#[2]">&gt;&gt;</a>&nbsp;&nbsp;&nbsp;Main_MiscDriverConfigSetup
<LI><a href="#[3e]">&gt;&gt;</a>&nbsp;&nbsp;&nbsp;Sys_DriverInit_patch
</UL>

<P><STRONG><a name="[6a]"></a>CtrlWifi_PsTout</STRONG> (Thumb, 0 bytes, Stack size 0 bytes, symdefs.o(ABSOLUTE), UNUSED)
<BR>[Address Reference Count : 1]<UL><LI> controller_wifi_patch.o(i.controller_wifi_init_patch)
</UL>
<P><STRONG><a name="[d5]"></a>FreeMem</STRONG> (Thumb, 0 bytes, Stack size 0 bytes, symdefs.o(ABSOLUTE))
<BR><BR>[Called By]<UL><LI><a href="#[36]">&gt;&gt;</a>&nbsp;&nbsp;&nbsp;LeSmpKeyExchangeSuccess_Patch
<LI><a href="#[2c]">&gt;&gt;</a>&nbsp;&nbsp;&nbsp;LePtsAppProcessCliCmd_Patch
</UL>

<P><STRONG><a name="[9c]"></a>Hal_Pin_ConfigSet_impl</STRONG> (Thumb, 0 bytes, Stack size 0 bytes, symdefs.o(ABSOLUTE))
<BR><BR>[Called By]<UL><LI><a href="#[a]">&gt;&gt;</a>&nbsp;&nbsp;&nbsp;Hal_Pin_ConfigSet_patch
</UL>

<P><STRONG><a name="[99]"></a>Hal_Tick_Diff</STRONG> (Thumb, 0 bytes, Stack size 0 bytes, symdefs.o(ABSOLUTE))
<BR><BR>[Called By]<UL><LI><a href="#[7]">&gt;&gt;</a>&nbsp;&nbsp;&nbsp;Hal_Aux_AdcValueGet_patch
</UL>

<P><STRONG><a name="[97]"></a>Hal_Tick_PerMilliSec</STRONG> (Thumb, 0 bytes, Stack size 0 bytes, symdefs.o(ABSOLUTE))
<BR><BR>[Called By]<UL><LI><a href="#[7]">&gt;&gt;</a>&nbsp;&nbsp;&nbsp;Hal_Aux_AdcValueGet_patch
</UL>

<P><STRONG><a name="[a1]"></a>Hal_Vic_GpioPinmux_impl</STRONG> (Thumb, 0 bytes, Stack size 0 bytes, symdefs.o(ABSOLUTE))
<BR><BR>[Called By]<UL><LI><a href="#[11]">&gt;&gt;</a>&nbsp;&nbsp;&nbsp;Hal_Vic_GpioPinmux_patch
</UL>

<P><STRONG><a name="[b2]"></a>IsEqualVal</STRONG> (Thumb, 0 bytes, Stack size 0 bytes, symdefs.o(ABSOLUTE))
<BR><BR>[Called By]<UL><LI><a href="#[36]">&gt;&gt;</a>&nbsp;&nbsp;&nbsp;LeSmpKeyExchangeSuccess_Patch
<LI><a href="#[1f]">&gt;&gt;</a>&nbsp;&nbsp;&nbsp;LeGapCheckAdvParameter_Patch
</UL>

<P><STRONG><a name="[17]"></a>LeCmdAppCmdVarGet</STRONG> (Thumb, 0 bytes, Stack size 0 bytes, symdefs.o(ABSOLUTE), UNUSED)
<BR>[Address Reference Count : 1]<UL><LI> ble_cmd_app_cmd_patch.o(i.LeCmdAppCmdPatch_Init)
</UL>
<P><STRONG><a name="[1b]"></a>LeCmdAppDbVarGet</STRONG> (Thumb, 0 bytes, Stack size 0 bytes, symdefs.o(ABSOLUTE), UNUSED)
<BR>[Address Reference Count : 1]<UL><LI> ble_cmd_app_db_patch.o(i.LeCmdAppDbPatch_Init)
</UL>
<P><STRONG><a name="[1d]"></a>LeCmdAppVarGet</STRONG> (Thumb, 0 bytes, Stack size 0 bytes, symdefs.o(ABSOLUTE), UNUSED)
<BR>[Address Reference Count : 1]<UL><LI> ble_cmd_app_patch.o(i.LeCmdAppPatch_Init)
</UL>
<P><STRONG><a name="[c9]"></a>LeGapAddToResolvingList</STRONG> (Thumb, 0 bytes, Stack size 0 bytes, symdefs.o(ABSOLUTE))
<BR><BR>[Called By]<UL><LI><a href="#[c0]">&gt;&gt;</a>&nbsp;&nbsp;&nbsp;LeHostPerformCmdPtsExceptCase
</UL>

<P><STRONG><a name="[ce]"></a>LeGapConnUpdateRequest</STRONG> (Thumb, 0 bytes, Stack size 0 bytes, symdefs.o(ABSOLUTE))
<BR><BR>[Called By]<UL><LI><a href="#[19]">&gt;&gt;</a>&nbsp;&nbsp;&nbsp;LeHostRunAtCmdBleConnParam_Patch
</UL>

<P><STRONG><a name="[c4]"></a>LeGapGetBdAddr</STRONG> (Thumb, 0 bytes, Stack size 0 bytes, symdefs.o(ABSOLUTE))
<BR><BR>[Called By]<UL><LI><a href="#[c2]">&gt;&gt;</a>&nbsp;&nbsp;&nbsp;LeHostPerformCmdExceptCase6
</UL>

<P><STRONG><a name="[ae]"></a>LeGapSetAdvData</STRONG> (Thumb, 0 bytes, Stack size 0 bytes, symdefs.o(ABSOLUTE))
<BR><BR>[Called By]<UL><LI><a href="#[c0]">&gt;&gt;</a>&nbsp;&nbsp;&nbsp;LeHostPerformCmdPtsExceptCase
<LI><a href="#[c2]">&gt;&gt;</a>&nbsp;&nbsp;&nbsp;LeHostPerformCmdExceptCase6
<LI><a href="#[1e]">&gt;&gt;</a>&nbsp;&nbsp;&nbsp;LeCmdAppHandleCmInitCompleteCfm_Patch
</UL>

<P><STRONG><a name="[cb]"></a>LeGapSetAdvParameter</STRONG> (Thumb, 0 bytes, Stack size 0 bytes, symdefs.o(ABSOLUTE))
<BR><BR>[Called By]<UL><LI><a href="#[c0]">&gt;&gt;</a>&nbsp;&nbsp;&nbsp;LeHostPerformCmdPtsExceptCase
</UL>

<P><STRONG><a name="[c8]"></a>LeGapSetRpaTimeout</STRONG> (Thumb, 0 bytes, Stack size 0 bytes, symdefs.o(ABSOLUTE))
<BR><BR>[Called By]<UL><LI><a href="#[c0]">&gt;&gt;</a>&nbsp;&nbsp;&nbsp;LeHostPerformCmdPtsExceptCase
</UL>

<P><STRONG><a name="[d3]"></a>LeGattAccessReadRsp</STRONG> (Thumb, 0 bytes, Stack size 0 bytes, symdefs.o(ABSOLUTE))
<BR><BR>[Called By]<UL><LI><a href="#[34]">&gt;&gt;</a>&nbsp;&nbsp;&nbsp;LePtsAppHandleGattServiceRead_Patch
</UL>

<P><STRONG><a name="[d2]"></a>LeGattAccessWriteRsp</STRONG> (Thumb, 0 bytes, Stack size 0 bytes, symdefs.o(ABSOLUTE))
<BR><BR>[Called By]<UL><LI><a href="#[35]">&gt;&gt;</a>&nbsp;&nbsp;&nbsp;LePtsAppHandleGattServiceWrite_Patch
<LI><a href="#[33]">&gt;&gt;</a>&nbsp;&nbsp;&nbsp;LePtsAppHandleGapServiceWrite_Patch
</UL>

<P><STRONG><a name="[d1]"></a>LeGattChangeAttrVal</STRONG> (Thumb, 0 bytes, Stack size 0 bytes, symdefs.o(ABSOLUTE))
<BR><BR>[Called By]<UL><LI><a href="#[34]">&gt;&gt;</a>&nbsp;&nbsp;&nbsp;LePtsAppHandleGattServiceRead_Patch
<LI><a href="#[33]">&gt;&gt;</a>&nbsp;&nbsp;&nbsp;LePtsAppHandleGapServiceWrite_Patch
</UL>

<P><STRONG><a name="[d0]"></a>LeGattGetAttrVal</STRONG> (Thumb, 0 bytes, Stack size 0 bytes, symdefs.o(ABSOLUTE))
<BR><BR>[Called By]<UL><LI><a href="#[33]">&gt;&gt;</a>&nbsp;&nbsp;&nbsp;LePtsAppHandleGapServiceWrite_Patch
</UL>

<P><STRONG><a name="[a7]"></a>LeGattInit</STRONG> (Thumb, 0 bytes, Stack size 0 bytes, symdefs.o(ABSOLUTE))
<BR><BR>[Called By]<UL><LI><a href="#[1e]">&gt;&gt;</a>&nbsp;&nbsp;&nbsp;LeCmdAppHandleCmInitCompleteCfm_Patch
</UL>

<P><STRONG><a name="[c7]"></a>LeGattSignedWriteNoRsp</STRONG> (Thumb, 0 bytes, Stack size 0 bytes, symdefs.o(ABSOLUTE))
<BR><BR>[Called By]<UL><LI><a href="#[c5]">&gt;&gt;</a>&nbsp;&nbsp;&nbsp;LeHostPerformCmdGattSignWrNoRsp
</UL>

<P><STRONG><a name="[b5]"></a>LeHostRegisterLoopCallBack</STRONG> (Thumb, 0 bytes, Stack size 0 bytes, symdefs.o(ABSOLUTE))
<BR><BR>[Called By]<UL><LI><a href="#[26]">&gt;&gt;</a>&nbsp;&nbsp;&nbsp;LeHostAtCmdConfig_Patch
</UL>

<P><STRONG><a name="[d9]"></a>LeHostWakeUp</STRONG> (Thumb, 0 bytes, Stack size 0 bytes, symdefs.o(ABSOLUTE))
<BR><BR>[Called By]<UL><LI><a href="#[2d]">&gt;&gt;</a>&nbsp;&nbsp;&nbsp;ParseLePtsTestCommand_Patch
</UL>

<P><STRONG><a name="[2b]"></a>LePtsAppCmdVarGet</STRONG> (Thumb, 0 bytes, Stack size 0 bytes, symdefs.o(ABSOLUTE))
<BR><BR>[Called By]<UL><LI><a href="#[bd]">&gt;&gt;</a>&nbsp;&nbsp;&nbsp;LePtsAppCmdPatch_Init
</UL>
<BR>[Address Reference Count : 1]<UL><LI> ble_pts_app_cmd_patch.o(i.LePtsAppCmdPatch_Init)
</UL>
<P><STRONG><a name="[2e]"></a>LePtsAppDbVarGet</STRONG> (Thumb, 0 bytes, Stack size 0 bytes, symdefs.o(ABSOLUTE), UNUSED)
<BR>[Address Reference Count : 1]<UL><LI> ble_pts_app_db_patch.o(i.LePtsAppDbPatch_Init)
</UL>
<P><STRONG><a name="[32]"></a>LePtsAppGattVarGet</STRONG> (Thumb, 0 bytes, Stack size 0 bytes, symdefs.o(ABSOLUTE), UNUSED)
<BR>[Address Reference Count : 1]<UL><LI> ble_pts_app_gatt_patch.o(i.LePtsAppGattPatch_Init)
</UL>
<P><STRONG><a name="[b0]"></a>LeQueueCount</STRONG> (Thumb, 0 bytes, Stack size 0 bytes, symdefs.o(ABSOLUTE))
<BR><BR>[Called By]<UL><LI><a href="#[20]">&gt;&gt;</a>&nbsp;&nbsp;&nbsp;LeGapAddToResolvingList_Patch
<LI><a href="#[2c]">&gt;&gt;</a>&nbsp;&nbsp;&nbsp;LePtsAppProcessCliCmd_Patch
</UL>

<P><STRONG><a name="[d4]"></a>LeQueuePop</STRONG> (Thumb, 0 bytes, Stack size 0 bytes, symdefs.o(ABSOLUTE))
<BR><BR>[Called By]<UL><LI><a href="#[2c]">&gt;&gt;</a>&nbsp;&nbsp;&nbsp;LePtsAppProcessCliCmd_Patch
</UL>

<P><STRONG><a name="[d8]"></a>LeQueuePush</STRONG> (Thumb, 0 bytes, Stack size 0 bytes, symdefs.o(ABSOLUTE))
<BR><BR>[Called By]<UL><LI><a href="#[2d]">&gt;&gt;</a>&nbsp;&nbsp;&nbsp;ParseLePtsTestCommand_Patch
</UL>

<P><STRONG><a name="[ac]"></a>LeSendMessageAfter</STRONG> (Thumb, 0 bytes, Stack size 0 bytes, symdefs.o(ABSOLUTE))
<BR><BR>[Called By]<UL><LI><a href="#[1e]">&gt;&gt;</a>&nbsp;&nbsp;&nbsp;LeCmdAppHandleCmInitCompleteCfm_Patch
</UL>

<P><STRONG><a name="[ab]"></a>LeSetScanRspData</STRONG> (Thumb, 0 bytes, Stack size 0 bytes, symdefs.o(ABSOLUTE))
<BR><BR>[Called By]<UL><LI><a href="#[c2]">&gt;&gt;</a>&nbsp;&nbsp;&nbsp;LeHostPerformCmdExceptCase6
<LI><a href="#[1e]">&gt;&gt;</a>&nbsp;&nbsp;&nbsp;LeCmdAppHandleCmInitCompleteCfm_Patch
</UL>

<P><STRONG><a name="[a8]"></a>LeSmpInit</STRONG> (Thumb, 0 bytes, Stack size 0 bytes, symdefs.o(ABSOLUTE))
<BR><BR>[Called By]<UL><LI><a href="#[1e]">&gt;&gt;</a>&nbsp;&nbsp;&nbsp;LeCmdAppHandleCmInitCompleteCfm_Patch
</UL>

<P><STRONG><a name="[aa]"></a>LeSmpRemoveBond</STRONG> (Thumb, 0 bytes, Stack size 0 bytes, symdefs.o(ABSOLUTE))
<BR><BR>[Called By]<UL><LI><a href="#[bf]">&gt;&gt;</a>&nbsp;&nbsp;&nbsp;LeHostPerformCmd2
<LI><a href="#[1e]">&gt;&gt;</a>&nbsp;&nbsp;&nbsp;LeCmdAppHandleCmInitCompleteCfm_Patch
</UL>

<P><STRONG><a name="[a9]"></a>LeSmpSetDefaultConfig</STRONG> (Thumb, 0 bytes, Stack size 0 bytes, symdefs.o(ABSOLUTE))
<BR><BR>[Called By]<UL><LI><a href="#[1e]">&gt;&gt;</a>&nbsp;&nbsp;&nbsp;LeCmdAppHandleCmInitCompleteCfm_Patch
</UL>

<P><STRONG><a name="[b6]"></a>MemCmp</STRONG> (Thumb, 0 bytes, Stack size 0 bytes, symdefs.o(ABSOLUTE))
<BR><BR>[Called By]<UL><LI><a href="#[2a]">&gt;&gt;</a>&nbsp;&nbsp;&nbsp;LeHostCheckCmdGroup_Patch
<LI><a href="#[2d]">&gt;&gt;</a>&nbsp;&nbsp;&nbsp;ParseLePtsTestCommand_Patch
<LI><a href="#[bf]">&gt;&gt;</a>&nbsp;&nbsp;&nbsp;LeHostPerformCmd2
</UL>

<P><STRONG><a name="[b1]"></a>MemCopy</STRONG> (Thumb, 0 bytes, Stack size 0 bytes, symdefs.o(ABSOLUTE))
<BR><BR>[Called By]<UL><LI><a href="#[18]">&gt;&gt;</a>&nbsp;&nbsp;&nbsp;LeHostRunAtCmdBleAdvParam_Patch
<LI><a href="#[36]">&gt;&gt;</a>&nbsp;&nbsp;&nbsp;LeSmpKeyExchangeSuccess_Patch
<LI><a href="#[37]">&gt;&gt;</a>&nbsp;&nbsp;&nbsp;LeSmpHandleIdentityAddrInfo_Patch
<LI><a href="#[20]">&gt;&gt;</a>&nbsp;&nbsp;&nbsp;LeGapAddToResolvingList_Patch
<LI><a href="#[35]">&gt;&gt;</a>&nbsp;&nbsp;&nbsp;LePtsAppHandleGattServiceWrite_Patch
<LI><a href="#[33]">&gt;&gt;</a>&nbsp;&nbsp;&nbsp;LePtsAppHandleGapServiceWrite_Patch
<LI><a href="#[2f]">&gt;&gt;</a>&nbsp;&nbsp;&nbsp;LePtsAppBuildSvcAttr_Patch
<LI><a href="#[2d]">&gt;&gt;</a>&nbsp;&nbsp;&nbsp;ParseLePtsTestCommand_Patch
<LI><a href="#[c0]">&gt;&gt;</a>&nbsp;&nbsp;&nbsp;LeHostPerformCmdPtsExceptCase
<LI><a href="#[c2]">&gt;&gt;</a>&nbsp;&nbsp;&nbsp;LeHostPerformCmdExceptCase6
<LI><a href="#[1c]">&gt;&gt;</a>&nbsp;&nbsp;&nbsp;LeGattDbBuildSvcAttr_Patch
</UL>

<P><STRONG><a name="[ca]"></a>MemSet</STRONG> (Thumb, 0 bytes, Stack size 0 bytes, symdefs.o(ABSOLUTE))
<BR><BR>[Called By]<UL><LI><a href="#[bd]">&gt;&gt;</a>&nbsp;&nbsp;&nbsp;LePtsAppCmdPatch_Init
<LI><a href="#[c0]">&gt;&gt;</a>&nbsp;&nbsp;&nbsp;LeHostPerformCmdPtsExceptCase
</UL>

<P><STRONG><a name="[3c]"></a>MwFim_FileDataDefaultFill_impl</STRONG> (Thumb, 0 bytes, Stack size 0 bytes, symdefs.o(ABSOLUTE), UNUSED)
<BR>[Address Reference Count : 1]<UL><LI> mw_fim_patch.o(i.MwFim_PreInit_patch)
</UL>
<P><STRONG><a name="[b4]"></a>PanicUnlessMalloc</STRONG> (Thumb, 0 bytes, Stack size 0 bytes, symdefs.o(ABSOLUTE))
<BR><BR>[Called By]<UL><LI><a href="#[2f]">&gt;&gt;</a>&nbsp;&nbsp;&nbsp;LePtsAppBuildSvcAttr_Patch
<LI><a href="#[2d]">&gt;&gt;</a>&nbsp;&nbsp;&nbsp;ParseLePtsTestCommand_Patch
<LI><a href="#[1c]">&gt;&gt;</a>&nbsp;&nbsp;&nbsp;LeGattDbBuildSvcAttr_Patch
</UL>

<P><STRONG><a name="[c6]"></a>StrLen</STRONG> (Thumb, 0 bytes, Stack size 0 bytes, symdefs.o(ABSOLUTE))
<BR><BR>[Called By]<UL><LI><a href="#[19]">&gt;&gt;</a>&nbsp;&nbsp;&nbsp;LeHostRunAtCmdBleConnParam_Patch
<LI><a href="#[1a]">&gt;&gt;</a>&nbsp;&nbsp;&nbsp;LeHostRunAtCmdBleAutoTest_Patch
<LI><a href="#[18]">&gt;&gt;</a>&nbsp;&nbsp;&nbsp;LeHostRunAtCmdBleAdvParam_Patch
<LI><a href="#[c5]">&gt;&gt;</a>&nbsp;&nbsp;&nbsp;LeHostPerformCmdGattSignWrNoRsp
</UL>

<P><STRONG><a name="[f4]"></a>Sys_PostInit_impl</STRONG> (Thumb, 0 bytes, Stack size 0 bytes, symdefs.o(ABSOLUTE))
<BR><BR>[Called By]<UL><LI><a href="#[41]">&gt;&gt;</a>&nbsp;&nbsp;&nbsp;Sys_PostInit_patch
</UL>

<P><STRONG><a name="[f5]"></a>Sys_ServiceInit_impl</STRONG> (Thumb, 0 bytes, Stack size 0 bytes, symdefs.o(ABSOLUTE))
<BR><BR>[Called By]<UL><LI><a href="#[40]">&gt;&gt;</a>&nbsp;&nbsp;&nbsp;Sys_ServiceInit_patch
</UL>

<P><STRONG><a name="[a0]"></a>SystemCoreClockGet</STRONG> (Thumb, 0 bytes, Stack size 0 bytes, symdefs.o(ABSOLUTE))
<BR><BR>[Called By]<UL><LI><a href="#[3e]">&gt;&gt;</a>&nbsp;&nbsp;&nbsp;Sys_DriverInit_patch
<LI><a href="#[9a]">&gt;&gt;</a>&nbsp;&nbsp;&nbsp;Hal_Sys_ApsPclkGet
<LI><a href="#[d]">&gt;&gt;</a>&nbsp;&nbsp;&nbsp;Hal_Sys_ApsClkChangeApply_patch
</UL>

<P><STRONG><a name="[155]"></a>assert_loop</STRONG> (Thumb, 0 bytes, Stack size 0 bytes, symdefs.o(ABSOLUTE))
<BR><BR>[Called By]<UL><LI><a href="#[70]">&gt;&gt;</a>&nbsp;&nbsp;&nbsp;tcp_slowtmr_patch
<LI><a href="#[6f]">&gt;&gt;</a>&nbsp;&nbsp;&nbsp;lwip_tcpip_init_patch
</UL>

<P><STRONG><a name="[106]"></a>at_blewifi_init</STRONG> (Thumb, 0 bytes, Stack size 0 bytes, symdefs.o(ABSOLUTE))
<BR><BR>[Called By]<UL><LI><a href="#[60]">&gt;&gt;</a>&nbsp;&nbsp;&nbsp;at_blewifi_auto_trans_init_patch
</UL>

<P><STRONG><a name="[108]"></a>at_cmd_buf_to_argc_argv</STRONG> (Thumb, 0 bytes, Stack size 0 bytes, symdefs.o(ABSOLUTE))
<BR><BR>[Called By]<UL><LI><a href="#[91]">&gt;&gt;</a>&nbsp;&nbsp;&nbsp;at_cmd_ext_le_info
<LI><a href="#[90]">&gt;&gt;</a>&nbsp;&nbsp;&nbsp;at_cmd_ext_crlf_term
<LI><a href="#[5d]">&gt;&gt;</a>&nbsp;&nbsp;&nbsp;at_cmd_wifi_cwlapopt_patch
<LI><a href="#[5e]">&gt;&gt;</a>&nbsp;&nbsp;&nbsp;at_cmd_wifi_cwlap_patch
<LI><a href="#[5a]">&gt;&gt;</a>&nbsp;&nbsp;&nbsp;at_cmd_tcpip_savetranslink_patch
<LI><a href="#[5b]">&gt;&gt;</a>&nbsp;&nbsp;&nbsp;at_cmd_tcpip_ping_patch
<LI><a href="#[58]">&gt;&gt;</a>&nbsp;&nbsp;&nbsp;at_cmd_tcpip_cipstart_patch
<LI><a href="#[4f]">&gt;&gt;</a>&nbsp;&nbsp;&nbsp;at_cmd_sys_sleep_patch
<LI><a href="#[4e]">&gt;&gt;</a>&nbsp;&nbsp;&nbsp;at_cmd_sys_gslp_patch
<LI><a href="#[10d]">&gt;&gt;</a>&nbsp;&nbsp;&nbsp;at_cmd_mp_ble_addr_patch
</UL>

<P><STRONG><a name="[13c]"></a>at_cmd_info_parsing</STRONG> (Thumb, 0 bytes, Stack size 0 bytes, symdefs.o(ABSOLUTE))
<BR><BR>[Called By]<UL><LI><a href="#[10c]">&gt;&gt;</a>&nbsp;&nbsp;&nbsp;data_process_handler_patch
</UL>

<P><STRONG><a name="[10e]"></a>at_cmd_mp_ble_addr</STRONG> (Thumb, 0 bytes, Stack size 0 bytes, symdefs.o(ABSOLUTE))
<BR><BR>[Called By]<UL><LI><a href="#[10d]">&gt;&gt;</a>&nbsp;&nbsp;&nbsp;at_cmd_mp_ble_addr_patch
</UL>

<P><STRONG><a name="[11f]"></a>at_cmd_param_trim</STRONG> (Thumb, 0 bytes, Stack size 0 bytes, symdefs.o(ABSOLUTE))
<BR><BR>[Called By]<UL><LI><a href="#[5e]">&gt;&gt;</a>&nbsp;&nbsp;&nbsp;at_cmd_wifi_cwlap_patch
</UL>

<P><STRONG><a name="[51]"></a>at_cmd_sys_gslp_io_callback</STRONG> (Thumb, 0 bytes, Stack size 0 bytes, symdefs.o(ABSOLUTE), UNUSED)
<BR>[Address Reference Count : 2]<UL><LI> at_cmd_sys_patch.o(i.at_cmd_sys_gslp_patch)
<LI> at_cmd_sys_patch.o(i.at_cmd_sys_sleep_patch)
</UL>
<P><STRONG><a name="[52]"></a>at_cmd_sys_gslp_wakeup_callback</STRONG> (Thumb, 0 bytes, Stack size 0 bytes, symdefs.o(ABSOLUTE), UNUSED)
<BR>[Address Reference Count : 2]<UL><LI> at_cmd_sys_patch.o(i.at_cmd_sys_gslp_patch)
<LI> at_cmd_sys_patch.o(i.at_cmd_sys_sleep_patch)
</UL>
<P><STRONG><a name="[114]"></a>at_cmd_tcpip_cipserver</STRONG> (Thumb, 0 bytes, Stack size 0 bytes, symdefs.o(ABSOLUTE))
<BR><BR>[Called By]<UL><LI><a href="#[59]">&gt;&gt;</a>&nbsp;&nbsp;&nbsp;at_cmd_tcpip_cipserver_patch
</UL>

<P><STRONG><a name="[115]"></a>at_cmd_tcpip_cipstart</STRONG> (Thumb, 0 bytes, Stack size 0 bytes, symdefs.o(ABSOLUTE))
<BR><BR>[Called By]<UL><LI><a href="#[58]">&gt;&gt;</a>&nbsp;&nbsp;&nbsp;at_cmd_tcpip_cipstart_patch
</UL>

<P><STRONG><a name="[11d]"></a>at_cmd_tcpip_savetranslink</STRONG> (Thumb, 0 bytes, Stack size 0 bytes, symdefs.o(ABSOLUTE))
<BR><BR>[Called By]<UL><LI><a href="#[5a]">&gt;&gt;</a>&nbsp;&nbsp;&nbsp;at_cmd_tcpip_savetranslink_patch
</UL>

<P><STRONG><a name="[122]"></a>at_cmd_wifi_cwmode</STRONG> (Thumb, 0 bytes, Stack size 0 bytes, symdefs.o(ABSOLUTE))
<BR><BR>[Called By]<UL><LI><a href="#[5c]">&gt;&gt;</a>&nbsp;&nbsp;&nbsp;at_cmd_wifi_cwmode_patch
</UL>

<P><STRONG><a name="[127]"></a>at_create_tcpip_tx_task_impl</STRONG> (Thumb, 0 bytes, Stack size 0 bytes, symdefs.o(ABSOLUTE))
<BR><BR>[Called By]<UL><LI><a href="#[54]">&gt;&gt;</a>&nbsp;&nbsp;&nbsp;at_create_tcpip_tx_task_patch
</UL>

<P><STRONG><a name="[11c]"></a>at_response_result</STRONG> (Thumb, 0 bytes, Stack size 0 bytes, symdefs.o(ABSOLUTE))
<BR><BR>[Called By]<UL><LI><a href="#[10c]">&gt;&gt;</a>&nbsp;&nbsp;&nbsp;data_process_handler_patch
<LI><a href="#[5a]">&gt;&gt;</a>&nbsp;&nbsp;&nbsp;at_cmd_tcpip_savetranslink_patch
</UL>

<P><STRONG><a name="[131]"></a>at_trans_client_init_impl</STRONG> (Thumb, 0 bytes, Stack size 0 bytes, symdefs.o(ABSOLUTE))
<BR><BR>[Called By]<UL><LI><a href="#[53]">&gt;&gt;</a>&nbsp;&nbsp;&nbsp;at_trans_client_init_patch
</UL>

<P><STRONG><a name="[107]"></a>at_trans_save_link_task_create</STRONG> (Thumb, 0 bytes, Stack size 0 bytes, symdefs.o(ABSOLUTE))
<BR><BR>[Called By]<UL><LI><a href="#[48]">&gt;&gt;</a>&nbsp;&nbsp;&nbsp;at_cmd_wifi_hook_patch
<LI><a href="#[60]">&gt;&gt;</a>&nbsp;&nbsp;&nbsp;at_blewifi_auto_trans_init_patch
</UL>

<P><STRONG><a name="[134]"></a>at_uart1_printf</STRONG> (Thumb, 0 bytes, Stack size 0 bytes, symdefs.o(ABSOLUTE))
<BR><BR>[Called By]<UL><LI><a href="#[49]">&gt;&gt;</a>&nbsp;&nbsp;&nbsp;at_wifi_event_handler_cb_patch
</UL>

<P><STRONG><a name="[5f]"></a>at_wifi_event_handler_cb</STRONG> (Thumb, 0 bytes, Stack size 0 bytes, symdefs.o(ABSOLUTE), UNUSED)
<BR>[Address Reference Count : 2]<UL><LI> at_cmd_app_patch.o(i.at_cmd_wifi_hook_patch)
<LI> at_cmd_app_patch.o(.constdata)
</UL>
<P><STRONG><a name="[135]"></a>at_wifi_trans_do_scan_impl</STRONG> (Thumb, 0 bytes, Stack size 0 bytes, symdefs.o(ABSOLUTE))
<BR><BR>[Called By]<UL><LI><a href="#[49]">&gt;&gt;</a>&nbsp;&nbsp;&nbsp;at_wifi_event_handler_cb_patch
</UL>

<P><STRONG><a name="[133]"></a>at_wifi_trans_reconnect_impl</STRONG> (Thumb, 0 bytes, Stack size 0 bytes, symdefs.o(ABSOLUTE))
<BR><BR>[Called By]<UL><LI><a href="#[49]">&gt;&gt;</a>&nbsp;&nbsp;&nbsp;at_wifi_event_handler_cb_patch
</UL>

<P><STRONG><a name="[13a]"></a>data_process_ble</STRONG> (Thumb, 0 bytes, Stack size 0 bytes, symdefs.o(ABSOLUTE))
<BR><BR>[Called By]<UL><LI><a href="#[139]">&gt;&gt;</a>&nbsp;&nbsp;&nbsp;data_process_ble_patch
</UL>

<P><STRONG><a name="[13b]"></a>data_process_cmd_mode</STRONG> (Thumb, 0 bytes, Stack size 0 bytes, symdefs.o(ABSOLUTE))
<BR><BR>[Called By]<UL><LI><a href="#[10c]">&gt;&gt;</a>&nbsp;&nbsp;&nbsp;data_process_handler_patch
</UL>

<P><STRONG><a name="[16b]"></a>data_process_lock_get</STRONG> (Thumb, 0 bytes, Stack size 0 bytes, symdefs.o(ABSOLUTE))
<BR><BR>[Called By]<UL><LI><a href="#[4a]">&gt;&gt;</a>&nbsp;&nbsp;&nbsp;uart1_rx_int_do_at_patch
</UL>

<P><STRONG><a name="[142]"></a>data_process_pip</STRONG> (Thumb, 0 bytes, Stack size 0 bytes, symdefs.o(ABSOLUTE))
<BR><BR>[Called By]<UL><LI><a href="#[10c]">&gt;&gt;</a>&nbsp;&nbsp;&nbsp;data_process_handler_patch
</UL>

<P><STRONG><a name="[16a]"></a>data_process_unlock</STRONG> (Thumb, 0 bytes, Stack size 0 bytes, symdefs.o(ABSOLUTE))
<BR><BR>[Called By]<UL><LI><a href="#[4b]">&gt;&gt;</a>&nbsp;&nbsp;&nbsp;uart1_rx_int_at_data_receive_app_patch
</UL>

<P><STRONG><a name="[78]"></a>ethernetif_init</STRONG> (Thumb, 0 bytes, Stack size 0 bytes, symdefs.o(ABSOLUTE), UNUSED)
<BR>[Address Reference Count : 1]<UL><LI> lwip_helper_patch.o(i.lwip_tcpip_init_patch)
</UL>
<P><STRONG><a name="[93]"></a>find_str</STRONG> (Thumb, 0 bytes, Stack size 0 bytes, symdefs.o(ABSOLUTE))
<BR><BR>[Called By]<UL><LI><a href="#[5]">&gt;&gt;</a>&nbsp;&nbsp;&nbsp;CmdProcess_patch
</UL>

<P><STRONG><a name="[105]"></a>free</STRONG> (Thumb, 0 bytes, Stack size 0 bytes, symdefs.o(ABSOLUTE))
<BR><BR>[Called By]<UL><LI><a href="#[44]">&gt;&gt;</a>&nbsp;&nbsp;&nbsp;agent_task_main_patch
<LI><a href="#[46]">&gt;&gt;</a>&nbsp;&nbsp;&nbsp;agent_msg_send_patch
<LI><a href="#[6]">&gt;&gt;</a>&nbsp;&nbsp;&nbsp;diag_task_patch
<LI><a href="#[7f]">&gt;&gt;</a>&nbsp;&nbsp;&nbsp;wifi_connection_connect_from_ac_list_patch
<LI><a href="#[80]">&gt;&gt;</a>&nbsp;&nbsp;&nbsp;wifi_connection_connect_from_ac_index_patch
<LI><a href="#[5a]">&gt;&gt;</a>&nbsp;&nbsp;&nbsp;at_cmd_tcpip_savetranslink_patch
<LI><a href="#[58]">&gt;&gt;</a>&nbsp;&nbsp;&nbsp;at_cmd_tcpip_cipstart_patch
<LI><a href="#[56]">&gt;&gt;</a>&nbsp;&nbsp;&nbsp;at_socket_process_task_patch
<LI><a href="#[62]">&gt;&gt;</a>&nbsp;&nbsp;&nbsp;at_task_patch
<LI><a href="#[10d]">&gt;&gt;</a>&nbsp;&nbsp;&nbsp;at_cmd_mp_ble_addr_patch
</UL>

<P><STRONG><a name="[120]"></a>hwaddr_aton2</STRONG> (Thumb, 0 bytes, Stack size 0 bytes, symdefs.o(ABSOLUTE))
<BR><BR>[Called By]<UL><LI><a href="#[5e]">&gt;&gt;</a>&nbsp;&nbsp;&nbsp;at_cmd_wifi_cwlap_patch
</UL>

<P><STRONG><a name="[118]"></a>ip4addr_ntoa</STRONG> (Thumb, 0 bytes, Stack size 0 bytes, symdefs.o(ABSOLUTE))
<BR><BR>[Called By]<UL><LI><a href="#[5b]">&gt;&gt;</a>&nbsp;&nbsp;&nbsp;at_cmd_tcpip_ping_patch
</UL>

<P><STRONG><a name="[147]"></a>ipc_rf_at_process_M0ToM3_impl</STRONG> (Thumb, 0 bytes, Stack size 0 bytes, symdefs.o(ABSOLUTE))
<BR><BR>[Called By]<UL><LI><a href="#[12]">&gt;&gt;</a>&nbsp;&nbsp;&nbsp;ipc_rf_at_process_M0ToM3_patch
</UL>

<P><STRONG><a name="[149]"></a>le_ctrl_hci_proc_rx_event_impl</STRONG> (Thumb, 0 bytes, Stack size 0 bytes, symdefs.o(ABSOLUTE))
<BR><BR>[Called By]<UL><LI><a href="#[6e]">&gt;&gt;</a>&nbsp;&nbsp;&nbsp;le_ctrl_hci_proc_rx_event_patch
</UL>

<P><STRONG><a name="[11a]"></a>lwip_freeaddrinfo</STRONG> (Thumb, 0 bytes, Stack size 0 bytes, symdefs.o(ABSOLUTE))
<BR><BR>[Called By]<UL><LI><a href="#[5b]">&gt;&gt;</a>&nbsp;&nbsp;&nbsp;at_cmd_tcpip_ping_patch
</UL>

<P><STRONG><a name="[117]"></a>lwip_getaddrinfo</STRONG> (Thumb, 0 bytes, Stack size 0 bytes, symdefs.o(ABSOLUTE))
<BR><BR>[Called By]<UL><LI><a href="#[5b]">&gt;&gt;</a>&nbsp;&nbsp;&nbsp;at_cmd_tcpip_ping_patch
</UL>

<P><STRONG><a name="[163]"></a>lwip_htonl</STRONG> (Thumb, 0 bytes, Stack size 0 bytes, symdefs.o(ABSOLUTE))
<BR><BR>[Called By]<UL><LI><a href="#[70]">&gt;&gt;</a>&nbsp;&nbsp;&nbsp;tcp_slowtmr_patch
</UL>

<P><STRONG><a name="[103]"></a>malloc</STRONG> (Thumb, 0 bytes, Stack size 0 bytes, symdefs.o(ABSOLUTE))
<BR><BR>[Called By]<UL><LI><a href="#[46]">&gt;&gt;</a>&nbsp;&nbsp;&nbsp;agent_msg_send_patch
<LI><a href="#[7f]">&gt;&gt;</a>&nbsp;&nbsp;&nbsp;wifi_connection_connect_from_ac_list_patch
<LI><a href="#[80]">&gt;&gt;</a>&nbsp;&nbsp;&nbsp;wifi_connection_connect_from_ac_index_patch
<LI><a href="#[5a]">&gt;&gt;</a>&nbsp;&nbsp;&nbsp;at_cmd_tcpip_savetranslink_patch
<LI><a href="#[58]">&gt;&gt;</a>&nbsp;&nbsp;&nbsp;at_cmd_tcpip_cipstart_patch
<LI><a href="#[62]">&gt;&gt;</a>&nbsp;&nbsp;&nbsp;at_task_patch
<LI><a href="#[10d]">&gt;&gt;</a>&nbsp;&nbsp;&nbsp;at_cmd_mp_ble_addr_patch
</UL>

<P><STRONG><a name="[168]"></a>memp_free</STRONG> (Thumb, 0 bytes, Stack size 0 bytes, symdefs.o(ABSOLUTE))
<BR><BR>[Called By]<UL><LI><a href="#[70]">&gt;&gt;</a>&nbsp;&nbsp;&nbsp;tcp_slowtmr_patch
</UL>

<P><STRONG><a name="[15f]"></a>memp_malloc</STRONG> (Thumb, 0 bytes, Stack size 0 bytes, symdefs.o(ABSOLUTE))
<BR><BR>[Called By]<UL><LI><a href="#[71]">&gt;&gt;</a>&nbsp;&nbsp;&nbsp;tcp_alloc_patch
</UL>

<P><STRONG><a name="[154]"></a>netif_add</STRONG> (Thumb, 0 bytes, Stack size 0 bytes, symdefs.o(ABSOLUTE))
<BR><BR>[Called By]<UL><LI><a href="#[6f]">&gt;&gt;</a>&nbsp;&nbsp;&nbsp;lwip_tcpip_init_patch
</UL>

<P><STRONG><a name="[174]"></a>netif_set_addr</STRONG> (Thumb, 0 bytes, Stack size 0 bytes, symdefs.o(ABSOLUTE))
<BR><BR>[Called By]<UL><LI><a href="#[16d]">&gt;&gt;</a>&nbsp;&nbsp;&nbsp;wifi_station_connect_failed_event_handler
</UL>

<P><STRONG><a name="[156]"></a>netif_set_default</STRONG> (Thumb, 0 bytes, Stack size 0 bytes, symdefs.o(ABSOLUTE))
<BR><BR>[Called By]<UL><LI><a href="#[6f]">&gt;&gt;</a>&nbsp;&nbsp;&nbsp;lwip_tcpip_init_patch
</UL>

<P><STRONG><a name="[173]"></a>netif_set_link_down</STRONG> (Thumb, 0 bytes, Stack size 0 bytes, symdefs.o(ABSOLUTE))
<BR><BR>[Called By]<UL><LI><a href="#[16d]">&gt;&gt;</a>&nbsp;&nbsp;&nbsp;wifi_station_connect_failed_event_handler
</UL>

<P><STRONG><a name="[158]"></a>netif_set_up</STRONG> (Thumb, 0 bytes, Stack size 0 bytes, symdefs.o(ABSOLUTE))
<BR><BR>[Called By]<UL><LI><a href="#[6f]">&gt;&gt;</a>&nbsp;&nbsp;&nbsp;lwip_tcpip_init_patch
</UL>

<P><STRONG><a name="[14b]"></a>pbuf_alloc</STRONG> (Thumb, 0 bytes, Stack size 0 bytes, symdefs.o(ABSOLUTE))
<BR><BR>[Called By]<UL><LI><a href="#[76]">&gt;&gt;</a>&nbsp;&nbsp;&nbsp;low_level_output_patch
</UL>

<P><STRONG><a name="[14c]"></a>pbuf_copy</STRONG> (Thumb, 0 bytes, Stack size 0 bytes, symdefs.o(ABSOLUTE))
<BR><BR>[Called By]<UL><LI><a href="#[76]">&gt;&gt;</a>&nbsp;&nbsp;&nbsp;low_level_output_patch
</UL>

<P><STRONG><a name="[14e]"></a>pbuf_free</STRONG> (Thumb, 0 bytes, Stack size 0 bytes, symdefs.o(ABSOLUTE))
<BR><BR>[Called By]<UL><LI><a href="#[76]">&gt;&gt;</a>&nbsp;&nbsp;&nbsp;low_level_output_patch
</UL>

<P><STRONG><a name="[11b]"></a>ping_request</STRONG> (Thumb, 0 bytes, Stack size 0 bytes, symdefs.o(ABSOLUTE))
<BR><BR>[Called By]<UL><LI><a href="#[5b]">&gt;&gt;</a>&nbsp;&nbsp;&nbsp;at_cmd_tcpip_ping_patch
</UL>

<P><STRONG><a name="[113]"></a>ps_deep_sleep</STRONG> (Thumb, 0 bytes, Stack size 0 bytes, symdefs.o(ABSOLUTE))
<BR><BR>[Called By]<UL><LI><a href="#[4f]">&gt;&gt;</a>&nbsp;&nbsp;&nbsp;at_cmd_sys_sleep_patch
</UL>

<P><STRONG><a name="[110]"></a>ps_set_wakeup_cb</STRONG> (Thumb, 0 bytes, Stack size 0 bytes, symdefs.o(ABSOLUTE))
<BR><BR>[Called By]<UL><LI><a href="#[4f]">&gt;&gt;</a>&nbsp;&nbsp;&nbsp;at_cmd_sys_sleep_patch
<LI><a href="#[4e]">&gt;&gt;</a>&nbsp;&nbsp;&nbsp;at_cmd_sys_gslp_patch
</UL>

<P><STRONG><a name="[10f]"></a>ps_set_wakeup_io</STRONG> (Thumb, 0 bytes, Stack size 0 bytes, symdefs.o(ABSOLUTE))
<BR><BR>[Called By]<UL><LI><a href="#[4f]">&gt;&gt;</a>&nbsp;&nbsp;&nbsp;at_cmd_sys_sleep_patch
<LI><a href="#[4e]">&gt;&gt;</a>&nbsp;&nbsp;&nbsp;at_cmd_sys_gslp_patch
</UL>

<P><STRONG><a name="[112]"></a>ps_smart_sleep</STRONG> (Thumb, 0 bytes, Stack size 0 bytes, symdefs.o(ABSOLUTE))
<BR><BR>[Called By]<UL><LI><a href="#[4f]">&gt;&gt;</a>&nbsp;&nbsp;&nbsp;at_cmd_sys_sleep_patch
</UL>

<P><STRONG><a name="[148]"></a>rf_cmd_param_free</STRONG> (Thumb, 0 bytes, Stack size 0 bytes, symdefs.o(ABSOLUTE))
<BR><BR>[Called By]<UL><LI><a href="#[12]">&gt;&gt;</a>&nbsp;&nbsp;&nbsp;ipc_rf_at_process_M0ToM3_patch
</UL>

<P><STRONG><a name="[121]"></a>set_sorting</STRONG> (Thumb, 0 bytes, Stack size 0 bytes, symdefs.o(ABSOLUTE))
<BR><BR>[Called By]<UL><LI><a href="#[5d]">&gt;&gt;</a>&nbsp;&nbsp;&nbsp;at_cmd_wifi_cwlapopt_patch
</UL>

<P><STRONG><a name="[14d]"></a>sys_msleep</STRONG> (Thumb, 0 bytes, Stack size 0 bytes, symdefs.o(ABSOLUTE))
<BR><BR>[Called By]<UL><LI><a href="#[76]">&gt;&gt;</a>&nbsp;&nbsp;&nbsp;low_level_output_patch
<LI><a href="#[6f]">&gt;&gt;</a>&nbsp;&nbsp;&nbsp;lwip_tcpip_init_patch
</UL>

<P><STRONG><a name="[160]"></a>tcp_abandon</STRONG> (Thumb, 0 bytes, Stack size 0 bytes, symdefs.o(ABSOLUTE))
<BR><BR>[Called By]<UL><LI><a href="#[72]">&gt;&gt;</a>&nbsp;&nbsp;&nbsp;tcp_kill_state_patch
</UL>

<P><STRONG><a name="[164]"></a>tcp_keepalive</STRONG> (Thumb, 0 bytes, Stack size 0 bytes, symdefs.o(ABSOLUTE))
<BR><BR>[Called By]<UL><LI><a href="#[70]">&gt;&gt;</a>&nbsp;&nbsp;&nbsp;tcp_slowtmr_patch
</UL>

<P><STRONG><a name="[15e]"></a>tcp_kill_prio</STRONG> (Thumb, 0 bytes, Stack size 0 bytes, symdefs.o(ABSOLUTE))
<BR><BR>[Called By]<UL><LI><a href="#[71]">&gt;&gt;</a>&nbsp;&nbsp;&nbsp;tcp_alloc_patch
</UL>

<P><STRONG><a name="[15d]"></a>tcp_kill_state</STRONG> (Thumb, 0 bytes, Stack size 0 bytes, symdefs.o(ABSOLUTE))
<BR><BR>[Called By]<UL><LI><a href="#[71]">&gt;&gt;</a>&nbsp;&nbsp;&nbsp;tcp_alloc_patch
</UL>

<P><STRONG><a name="[15c]"></a>tcp_kill_timewait</STRONG> (Thumb, 0 bytes, Stack size 0 bytes, symdefs.o(ABSOLUTE))
<BR><BR>[Called By]<UL><LI><a href="#[71]">&gt;&gt;</a>&nbsp;&nbsp;&nbsp;tcp_alloc_patch
</UL>

<P><STRONG><a name="[169]"></a>tcp_output</STRONG> (Thumb, 0 bytes, Stack size 0 bytes, symdefs.o(ABSOLUTE))
<BR><BR>[Called By]<UL><LI><a href="#[70]">&gt;&gt;</a>&nbsp;&nbsp;&nbsp;tcp_slowtmr_patch
</UL>

<P><STRONG><a name="[166]"></a>tcp_pcb_purge</STRONG> (Thumb, 0 bytes, Stack size 0 bytes, symdefs.o(ABSOLUTE))
<BR><BR>[Called By]<UL><LI><a href="#[70]">&gt;&gt;</a>&nbsp;&nbsp;&nbsp;tcp_slowtmr_patch
</UL>

<P><STRONG><a name="[7d]"></a>tcp_recv_null</STRONG> (Thumb, 0 bytes, Stack size 0 bytes, symdefs.o(ABSOLUTE), UNUSED)
<BR>[Address Reference Count : 1]<UL><LI> tcp_patch.o(i.tcp_alloc_patch)
</UL>
<P><STRONG><a name="[162]"></a>tcp_rexmit_rto</STRONG> (Thumb, 0 bytes, Stack size 0 bytes, symdefs.o(ABSOLUTE))
<BR><BR>[Called By]<UL><LI><a href="#[70]">&gt;&gt;</a>&nbsp;&nbsp;&nbsp;tcp_slowtmr_patch
</UL>

<P><STRONG><a name="[167]"></a>tcp_rst</STRONG> (Thumb, 0 bytes, Stack size 0 bytes, symdefs.o(ABSOLUTE))
<BR><BR>[Called By]<UL><LI><a href="#[70]">&gt;&gt;</a>&nbsp;&nbsp;&nbsp;tcp_slowtmr_patch
</UL>

<P><STRONG><a name="[165]"></a>tcp_segs_free</STRONG> (Thumb, 0 bytes, Stack size 0 bytes, symdefs.o(ABSOLUTE))
<BR><BR>[Called By]<UL><LI><a href="#[70]">&gt;&gt;</a>&nbsp;&nbsp;&nbsp;tcp_slowtmr_patch
</UL>

<P><STRONG><a name="[161]"></a>tcp_zero_window_probe</STRONG> (Thumb, 0 bytes, Stack size 0 bytes, symdefs.o(ABSOLUTE))
<BR><BR>[Called By]<UL><LI><a href="#[70]">&gt;&gt;</a>&nbsp;&nbsp;&nbsp;tcp_slowtmr_patch
</UL>

<P><STRONG><a name="[74]"></a>tcpip_activate_tcpip_timeouts_impl</STRONG> (Thumb, 0 bytes, Stack size 0 bytes, symdefs.o(ABSOLUTE), UNUSED)
<BR>[Address Reference Count : 1]<UL><LI> tcpip_patch.o(i.lwip_load_interface_tcpip_patch)
</UL>
<P><STRONG><a name="[75]"></a>tcpip_check_timeouts_impl</STRONG> (Thumb, 0 bytes, Stack size 0 bytes, symdefs.o(ABSOLUTE), UNUSED)
<BR>[Address Reference Count : 1]<UL><LI> tcpip_patch.o(i.lwip_load_interface_tcpip_patch)
</UL>
<P><STRONG><a name="[73]"></a>tcpip_deactivate_tcpip_timeouts_impl</STRONG> (Thumb, 0 bytes, Stack size 0 bytes, symdefs.o(ABSOLUTE), UNUSED)
<BR>[Address Reference Count : 1]<UL><LI> tcpip_patch.o(i.lwip_load_interface_tcpip_patch)
</UL>
<P><STRONG><a name="[153]"></a>tcpip_init</STRONG> (Thumb, 0 bytes, Stack size 0 bytes, symdefs.o(ABSOLUTE))
<BR><BR>[Called By]<UL><LI><a href="#[6f]">&gt;&gt;</a>&nbsp;&nbsp;&nbsp;lwip_tcpip_init_patch
</UL>

<P><STRONG><a name="[77]"></a>tcpip_input</STRONG> (Thumb, 0 bytes, Stack size 0 bytes, symdefs.o(ABSOLUTE), UNUSED)
<BR>[Address Reference Count : 1]<UL><LI> lwip_helper_patch.o(i.lwip_tcpip_init_patch)
</UL>
<P><STRONG><a name="[42]"></a>uartdbg_rx_int_handler</STRONG> (Thumb, 0 bytes, Stack size 0 bytes, symdefs.o(ABSOLUTE), UNUSED)
<BR>[Address Reference Count : 1]<UL><LI> sys_init_patch.o(i.Sys_DriverInit_patch)
</UL>
<P><STRONG><a name="[130]"></a>vTaskDelay</STRONG> (Thumb, 0 bytes, Stack size 0 bytes, symdefs.o(ABSOLUTE))
<BR><BR>[Called By]<UL><LI><a href="#[56]">&gt;&gt;</a>&nbsp;&nbsp;&nbsp;at_socket_process_task_patch
</UL>

<P><STRONG><a name="[12f]"></a>vTaskDelete</STRONG> (Thumb, 0 bytes, Stack size 0 bytes, symdefs.o(ABSOLUTE))
<BR><BR>[Called By]<UL><LI><a href="#[56]">&gt;&gt;</a>&nbsp;&nbsp;&nbsp;at_socket_process_task_patch
</UL>

<P><STRONG><a name="[159]"></a>vTaskNextUnblockTime</STRONG> (Thumb, 0 bytes, Stack size 0 bytes, symdefs.o(ABSOLUTE))
<BR><BR>[Called By]<UL><LI><a href="#[79]">&gt;&gt;</a>&nbsp;&nbsp;&nbsp;ps_sleep_patch
</UL>

<P><STRONG><a name="[132]"></a>wifi_auto_connect_start</STRONG> (Thumb, 0 bytes, Stack size 0 bytes, symdefs.o(ABSOLUTE))
<BR><BR>[Called By]<UL><LI><a href="#[49]">&gt;&gt;</a>&nbsp;&nbsp;&nbsp;at_wifi_event_handler_cb_patch
</UL>

<P><STRONG><a name="[68]"></a>wifi_ctrl_cmd_tout</STRONG> (Thumb, 0 bytes, Stack size 0 bytes, symdefs.o(ABSOLUTE), UNUSED)
<BR>[Address Reference Count : 1]<UL><LI> controller_wifi_patch.o(i.controller_wifi_init_patch)
</UL>
<P><STRONG><a name="[124]"></a>wifi_event_loop_init</STRONG> (Thumb, 0 bytes, Stack size 0 bytes, symdefs.o(ABSOLUTE))
<BR><BR>[Called By]<UL><LI><a href="#[48]">&gt;&gt;</a>&nbsp;&nbsp;&nbsp;at_cmd_wifi_hook_patch
</UL>

<P><STRONG><a name="[138]"></a>wifi_event_loop_send</STRONG> (Thumb, 0 bytes, Stack size 0 bytes, symdefs.o(ABSOLUTE))
<BR><BR>[Called By]<UL><LI><a href="#[16c]">&gt;&gt;</a>&nbsp;&nbsp;&nbsp;wifi_ctrl_send_default_cmd_to_m0
<LI><a href="#[137]">&gt;&gt;</a>&nbsp;&nbsp;&nbsp;ctrl_wifi_evt_cfg_patch
</UL>

<P><STRONG><a name="[125]"></a>wifi_init</STRONG> (Thumb, 0 bytes, Stack size 0 bytes, symdefs.o(ABSOLUTE))
<BR><BR>[Called By]<UL><LI><a href="#[48]">&gt;&gt;</a>&nbsp;&nbsp;&nbsp;at_cmd_wifi_hook_patch
</UL>

<P><STRONG><a name="[16e]"></a>wifi_install_default_event_handlers</STRONG> (Thumb, 0 bytes, Stack size 0 bytes, symdefs.o(ABSOLUTE))
<BR><BR>[Called By]<UL><LI><a href="#[7e]">&gt;&gt;</a>&nbsp;&nbsp;&nbsp;wifi_init_patch
</UL>

<P><STRONG><a name="[157]"></a>wifi_mac_register_rxcb</STRONG> (Thumb, 0 bytes, Stack size 0 bytes, symdefs.o(ABSOLUTE))
<BR><BR>[Called By]<UL><LI><a href="#[6f]">&gt;&gt;</a>&nbsp;&nbsp;&nbsp;lwip_tcpip_init_patch
</UL>

<P><STRONG><a name="[170]"></a>wifi_register_event_handler</STRONG> (Thumb, 0 bytes, Stack size 0 bytes, symdefs.o(ABSOLUTE))
<BR><BR>[Called By]<UL><LI><a href="#[16f]">&gt;&gt;</a>&nbsp;&nbsp;&nbsp;wifi_install_default_event_handlers_ex
</UL>

<P><STRONG><a name="[126]"></a>wifi_start</STRONG> (Thumb, 0 bytes, Stack size 0 bytes, symdefs.o(ABSOLUTE))
<BR><BR>[Called By]<UL><LI><a href="#[48]">&gt;&gt;</a>&nbsp;&nbsp;&nbsp;at_cmd_wifi_hook_patch
</UL>

<P><STRONG><a name="[92]"></a>__Patch_EntryPoint</STRONG> (Thumb, 46 bytes, Stack size 8 bytes, main_patch.o(ENTRY_POINT))
<BR><BR>[Stack]<UL><LI>Max Depth = 40<LI>Call Chain = __Patch_EntryPoint &rArr; SysInit_EntryPoint &rArr; at_func_init_patch &rArr; at_cmd_wifi_func_init_patch
</UL>
<BR>[Calls]<UL><LI><a href="#[175]">&gt;&gt;</a>&nbsp;&nbsp;&nbsp;Sys_SetUnsuedSramEndBound
<LI><a href="#[da]">&gt;&gt;</a>&nbsp;&nbsp;&nbsp;SysInit_EntryPoint
</UL>

<P><STRONG><a name="[5]"></a>CmdProcess_patch</STRONG> (Thumb, 338 bytes, Stack size 16 bytes, diag_task_patch.o(i.CmdProcess_patch))
<BR><BR>[Stack]<UL><LI>Max Depth = 24<LI>Call Chain = CmdProcess_patch &rArr; ShowRevisionCommand
</UL>
<BR>[Calls]<UL><LI><a href="#[95]">&gt;&gt;</a>&nbsp;&nbsp;&nbsp;strncasecmp
<LI><a href="#[94]">&gt;&gt;</a>&nbsp;&nbsp;&nbsp;strncmp
<LI><a href="#[93]">&gt;&gt;</a>&nbsp;&nbsp;&nbsp;find_str
<LI><a href="#[96]">&gt;&gt;</a>&nbsp;&nbsp;&nbsp;ShowRevisionCommand
</UL>
<BR>[Address Reference Count : 1]<UL><LI> diag_task_patch.o(i.Diag_PatchInit)
</UL>
<P><STRONG><a name="[ee]"></a>Diag_PatchInit</STRONG> (Thumb, 14 bytes, Stack size 0 bytes, diag_task_patch.o(i.Diag_PatchInit))
<BR><BR>[Called By]<UL><LI><a href="#[da]">&gt;&gt;</a>&nbsp;&nbsp;&nbsp;SysInit_EntryPoint
</UL>

<P><STRONG><a name="[98]"></a>Hal_Aux_AdcUpdateCtrlReg</STRONG> (Thumb, 74 bytes, Stack size 0 bytes, hal_auxadc_patch.o(i.Hal_Aux_AdcUpdateCtrlReg))
<BR><BR>[Called By]<UL><LI><a href="#[7]">&gt;&gt;</a>&nbsp;&nbsp;&nbsp;Hal_Aux_AdcValueGet_patch
</UL>

<P><STRONG><a name="[7]"></a>Hal_Aux_AdcValueGet_patch</STRONG> (Thumb, 298 bytes, Stack size 56 bytes, hal_auxadc_patch.o(i.Hal_Aux_AdcValueGet_patch))
<BR><BR>[Stack]<UL><LI>Max Depth = 56<LI>Call Chain = Hal_Aux_AdcValueGet_patch
</UL>
<BR>[Calls]<UL><LI><a href="#[97]">&gt;&gt;</a>&nbsp;&nbsp;&nbsp;Hal_Tick_PerMilliSec
<LI><a href="#[99]">&gt;&gt;</a>&nbsp;&nbsp;&nbsp;Hal_Tick_Diff
<LI><a href="#[98]">&gt;&gt;</a>&nbsp;&nbsp;&nbsp;Hal_Aux_AdcUpdateCtrlReg
</UL>
<BR>[Address Reference Count : 1]<UL><LI> hal_auxadc_patch.o(i.Hal_Aux_PatchInit)
</UL>
<P><STRONG><a name="[ec]"></a>Hal_Aux_PatchInit</STRONG> (Thumb, 8 bytes, Stack size 0 bytes, hal_auxadc_patch.o(i.Hal_Aux_PatchInit))
<BR><BR>[Called By]<UL><LI><a href="#[da]">&gt;&gt;</a>&nbsp;&nbsp;&nbsp;SysInit_EntryPoint
</UL>

<P><STRONG><a name="[9]"></a>Hal_DbgUart_BaudRateGet_patch</STRONG> (Thumb, 22 bytes, Stack size 8 bytes, hal_dbg_uart_patch.o(i.Hal_DbgUart_BaudRateGet_patch))
<BR><BR>[Stack]<UL><LI>Max Depth = 16<LI>Call Chain = Hal_DbgUart_BaudRateGet_patch &rArr; Hal_Sys_ApsPclkGet
</UL>
<BR>[Calls]<UL><LI><a href="#[9a]">&gt;&gt;</a>&nbsp;&nbsp;&nbsp;Hal_Sys_ApsPclkGet
</UL>
<BR>[Address Reference Count : 1]<UL><LI> hal_dbg_uart_patch.o(i.Hal_DbgUart_PatchInit)
</UL>
<P><STRONG><a name="[8]"></a>Hal_DbgUart_BaudRateSet_patch</STRONG> (Thumb, 58 bytes, Stack size 8 bytes, hal_dbg_uart_patch.o(i.Hal_DbgUart_BaudRateSet_patch))
<BR><BR>[Stack]<UL><LI>Max Depth = 16<LI>Call Chain = Hal_DbgUart_BaudRateSet_patch &rArr; Hal_Sys_ApsPclkGet
</UL>
<BR>[Calls]<UL><LI><a href="#[9a]">&gt;&gt;</a>&nbsp;&nbsp;&nbsp;Hal_Sys_ApsPclkGet
</UL>
<BR>[Called By]<UL><LI><a href="#[9b]">&gt;&gt;</a>&nbsp;&nbsp;&nbsp;Hal_DbgUart_DividerUpdate
</UL>
<BR>[Address Reference Count : 1]<UL><LI> hal_dbg_uart_patch.o(i.Hal_DbgUart_PatchInit)
</UL>
<P><STRONG><a name="[9b]"></a>Hal_DbgUart_DividerUpdate</STRONG> (Thumb, 8 bytes, Stack size 0 bytes, hal_dbg_uart_patch.o(i.Hal_DbgUart_DividerUpdate))
<BR><BR>[Stack]<UL><LI>Max Depth = 16<LI>Call Chain = Hal_DbgUart_DividerUpdate &rArr; Hal_DbgUart_BaudRateSet_patch &rArr; Hal_Sys_ApsPclkGet
</UL>
<BR>[Calls]<UL><LI><a href="#[8]">&gt;&gt;</a>&nbsp;&nbsp;&nbsp;Hal_DbgUart_BaudRateSet_patch
</UL>
<BR>[Called By]<UL><LI><a href="#[d]">&gt;&gt;</a>&nbsp;&nbsp;&nbsp;Hal_Sys_ApsClkChangeApply_patch
</UL>

<P><STRONG><a name="[eb]"></a>Hal_DbgUart_PatchInit</STRONG> (Thumb, 14 bytes, Stack size 0 bytes, hal_dbg_uart_patch.o(i.Hal_DbgUart_PatchInit))
<BR><BR>[Called By]<UL><LI><a href="#[da]">&gt;&gt;</a>&nbsp;&nbsp;&nbsp;SysInit_EntryPoint
</UL>

<P><STRONG><a name="[e5]"></a>Hal_Gpio_Init</STRONG> (Thumb, 24 bytes, Stack size 0 bytes, hal_gpio.o(i.Hal_Gpio_Init))
<BR><BR>[Called By]<UL><LI><a href="#[da]">&gt;&gt;</a>&nbsp;&nbsp;&nbsp;SysInit_EntryPoint
</UL>

<P><STRONG><a name="[9e]"></a>Hal_Gpio_SleepIoAutoCtrlSet</STRONG> (Thumb, 54 bytes, Stack size 0 bytes, hal_gpio.o(i.Hal_Gpio_SleepIoAutoCtrlSet))
<BR><BR>[Called By]<UL><LI><a href="#[11]">&gt;&gt;</a>&nbsp;&nbsp;&nbsp;Hal_Vic_GpioPinmux_patch
<LI><a href="#[9d]">&gt;&gt;</a>&nbsp;&nbsp;&nbsp;Hal_Pin_SetAutoControl
</UL>

<P><STRONG><a name="[a]"></a>Hal_Pin_ConfigSet_patch</STRONG> (Thumb, 26 bytes, Stack size 16 bytes, hal_pin_patch.o(i.Hal_Pin_ConfigSet_patch))
<BR><BR>[Stack]<UL><LI>Max Depth = 16<LI>Call Chain = Hal_Pin_ConfigSet_patch
</UL>
<BR>[Calls]<UL><LI><a href="#[9c]">&gt;&gt;</a>&nbsp;&nbsp;&nbsp;Hal_Pin_ConfigSet_impl
<LI><a href="#[9d]">&gt;&gt;</a>&nbsp;&nbsp;&nbsp;Hal_Pin_SetAutoControl
</UL>
<BR>[Address Reference Count : 1]<UL><LI> hal_pin_patch.o(i.Hal_Pin_PatchInit)
</UL>
<P><STRONG><a name="[e7]"></a>Hal_Pin_PatchInit</STRONG> (Thumb, 8 bytes, Stack size 0 bytes, hal_pin_patch.o(i.Hal_Pin_PatchInit))
<BR><BR>[Called By]<UL><LI><a href="#[da]">&gt;&gt;</a>&nbsp;&nbsp;&nbsp;SysInit_EntryPoint
</UL>

<P><STRONG><a name="[9d]"></a>Hal_Pin_SetAutoControl</STRONG> (Thumb, 66 bytes, Stack size 0 bytes, hal_pin_patch.o(i.Hal_Pin_SetAutoControl))
<BR><BR>[Calls]<UL><LI><a href="#[9e]">&gt;&gt;</a>&nbsp;&nbsp;&nbsp;Hal_Gpio_SleepIoAutoCtrlSet
</UL>
<BR>[Called By]<UL><LI><a href="#[a]">&gt;&gt;</a>&nbsp;&nbsp;&nbsp;Hal_Pin_ConfigSet_patch
</UL>

<P><STRONG><a name="[c]"></a>Hal_Spi_BaudRateGet_patch</STRONG> (Thumb, 28 bytes, Stack size 8 bytes, hal_spi_patch.o(i.Hal_Spi_BaudRateGet_patch))
<BR><BR>[Stack]<UL><LI>Max Depth = 16<LI>Call Chain = Hal_Spi_BaudRateGet_patch &rArr; Hal_Sys_ApsPclkGet
</UL>
<BR>[Calls]<UL><LI><a href="#[9a]">&gt;&gt;</a>&nbsp;&nbsp;&nbsp;Hal_Sys_ApsPclkGet
</UL>
<BR>[Address Reference Count : 1]<UL><LI> hal_spi_patch.o(i.Hal_Spi_PatchInit)
</UL>
<P><STRONG><a name="[b]"></a>Hal_Spi_BaudRateSet_patch</STRONG> (Thumb, 86 bytes, Stack size 24 bytes, hal_spi_patch.o(i.Hal_Spi_BaudRateSet_patch))
<BR><BR>[Stack]<UL><LI>Max Depth = 32<LI>Call Chain = Hal_Spi_BaudRateSet_patch &rArr; Hal_Sys_ApsPclkGet
</UL>
<BR>[Calls]<UL><LI><a href="#[9a]">&gt;&gt;</a>&nbsp;&nbsp;&nbsp;Hal_Sys_ApsPclkGet
</UL>
<BR>[Called By]<UL><LI><a href="#[9f]">&gt;&gt;</a>&nbsp;&nbsp;&nbsp;Hal_Spi_DividerUpdate
</UL>
<BR>[Address Reference Count : 1]<UL><LI> hal_spi_patch.o(i.Hal_Spi_PatchInit)
</UL>
<P><STRONG><a name="[9f]"></a>Hal_Spi_DividerUpdate</STRONG> (Thumb, 24 bytes, Stack size 8 bytes, hal_spi_patch.o(i.Hal_Spi_DividerUpdate))
<BR><BR>[Stack]<UL><LI>Max Depth = 40<LI>Call Chain = Hal_Spi_DividerUpdate &rArr; Hal_Spi_BaudRateSet_patch &rArr; Hal_Sys_ApsPclkGet
</UL>
<BR>[Calls]<UL><LI><a href="#[b]">&gt;&gt;</a>&nbsp;&nbsp;&nbsp;Hal_Spi_BaudRateSet_patch
</UL>
<BR>[Called By]<UL><LI><a href="#[d]">&gt;&gt;</a>&nbsp;&nbsp;&nbsp;Hal_Sys_ApsClkChangeApply_patch
</UL>

<P><STRONG><a name="[e9]"></a>Hal_Spi_PatchInit</STRONG> (Thumb, 14 bytes, Stack size 0 bytes, hal_spi_patch.o(i.Hal_Spi_PatchInit))
<BR><BR>[Called By]<UL><LI><a href="#[da]">&gt;&gt;</a>&nbsp;&nbsp;&nbsp;SysInit_EntryPoint
</UL>

<P><STRONG><a name="[e]"></a>Hal_SysPinMuxAppInit_patch</STRONG> (Thumb, 248 bytes, Stack size 8 bytes, hal_system_patch.o(i.Hal_SysPinMuxAppInit_patch))
<BR><BR>[Stack]<UL><LI>Max Depth = 8<LI>Call Chain = Hal_SysPinMuxAppInit_patch
</UL>
<BR>[Address Reference Count : 1]<UL><LI> hal_system_patch.o(i.Hal_Sys_PatchInit)
</UL>
<P><STRONG><a name="[d]"></a>Hal_Sys_ApsClkChangeApply_patch</STRONG> (Thumb, 128 bytes, Stack size 8 bytes, hal_system_patch.o(i.Hal_Sys_ApsClkChangeApply_patch))
<BR><BR>[Stack]<UL><LI>Max Depth = 48<LI>Call Chain = Hal_Sys_ApsClkChangeApply_patch &rArr; Hal_Spi_DividerUpdate &rArr; Hal_Spi_BaudRateSet_patch &rArr; Hal_Sys_ApsPclkGet
</UL>
<BR>[Calls]<UL><LI><a href="#[a0]">&gt;&gt;</a>&nbsp;&nbsp;&nbsp;SystemCoreClockGet
<LI><a href="#[9f]">&gt;&gt;</a>&nbsp;&nbsp;&nbsp;Hal_Spi_DividerUpdate
<LI><a href="#[9b]">&gt;&gt;</a>&nbsp;&nbsp;&nbsp;Hal_DbgUart_DividerUpdate
<LI><a href="#[9a]">&gt;&gt;</a>&nbsp;&nbsp;&nbsp;Hal_Sys_ApsPclkGet
</UL>
<BR>[Address Reference Count : 1]<UL><LI> hal_system_patch.o(i.Hal_Sys_PatchInit)
</UL>
<P><STRONG><a name="[9a]"></a>Hal_Sys_ApsPclkGet</STRONG> (Thumb, 28 bytes, Stack size 8 bytes, hal_system_patch.o(i.Hal_Sys_ApsPclkGet))
<BR><BR>[Stack]<UL><LI>Max Depth = 8<LI>Call Chain = Hal_Sys_ApsPclkGet
</UL>
<BR>[Calls]<UL><LI><a href="#[a0]">&gt;&gt;</a>&nbsp;&nbsp;&nbsp;SystemCoreClockGet
</UL>
<BR>[Called By]<UL><LI><a href="#[8]">&gt;&gt;</a>&nbsp;&nbsp;&nbsp;Hal_DbgUart_BaudRateSet_patch
<LI><a href="#[9]">&gt;&gt;</a>&nbsp;&nbsp;&nbsp;Hal_DbgUart_BaudRateGet_patch
<LI><a href="#[b]">&gt;&gt;</a>&nbsp;&nbsp;&nbsp;Hal_Spi_BaudRateSet_patch
<LI><a href="#[c]">&gt;&gt;</a>&nbsp;&nbsp;&nbsp;Hal_Spi_BaudRateGet_patch
<LI><a href="#[d]">&gt;&gt;</a>&nbsp;&nbsp;&nbsp;Hal_Sys_ApsClkChangeApply_patch
</UL>

<P><STRONG><a name="[e6]"></a>Hal_Sys_PatchInit</STRONG> (Thumb, 20 bytes, Stack size 0 bytes, hal_system_patch.o(i.Hal_Sys_PatchInit))
<BR><BR>[Called By]<UL><LI><a href="#[da]">&gt;&gt;</a>&nbsp;&nbsp;&nbsp;SysInit_EntryPoint
</UL>

<P><STRONG><a name="[f]"></a>Hal_Sys_RetRamTurnOff_patch</STRONG> (Thumb, 40 bytes, Stack size 16 bytes, hal_system_patch.o(i.Hal_Sys_RetRamTurnOff_patch))
<BR><BR>[Stack]<UL><LI>Max Depth = 16<LI>Call Chain = Hal_Sys_RetRamTurnOff_patch
</UL>
<BR>[Address Reference Count : 1]<UL><LI> hal_system_patch.o(i.Hal_Sys_PatchInit)
</UL>
<P><STRONG><a name="[10]"></a>Hal_Uart_BaudRateSet_patch</STRONG> (Thumb, 80 bytes, Stack size 16 bytes, hal_uart_patch.o(i.Hal_Uart_BaudRateSet_patch))
<BR><BR>[Stack]<UL><LI>Max Depth = 16<LI>Call Chain = Hal_Uart_BaudRateSet_patch
</UL>
<BR>[Address Reference Count : 1]<UL><LI> hal_uart_patch.o(i.Hal_Uart_PatchInit)
</UL>
<P><STRONG><a name="[ea]"></a>Hal_Uart_PatchInit</STRONG> (Thumb, 8 bytes, Stack size 0 bytes, hal_uart_patch.o(i.Hal_Uart_PatchInit))
<BR><BR>[Called By]<UL><LI><a href="#[da]">&gt;&gt;</a>&nbsp;&nbsp;&nbsp;SysInit_EntryPoint
</UL>

<P><STRONG><a name="[11]"></a>Hal_Vic_GpioPinmux_patch</STRONG> (Thumb, 30 bytes, Stack size 16 bytes, hal_vic_patch.o(i.Hal_Vic_GpioPinmux_patch))
<BR><BR>[Stack]<UL><LI>Max Depth = 16<LI>Call Chain = Hal_Vic_GpioPinmux_patch
</UL>
<BR>[Calls]<UL><LI><a href="#[a1]">&gt;&gt;</a>&nbsp;&nbsp;&nbsp;Hal_Vic_GpioPinmux_impl
<LI><a href="#[9e]">&gt;&gt;</a>&nbsp;&nbsp;&nbsp;Hal_Gpio_SleepIoAutoCtrlSet
</UL>
<BR>[Address Reference Count : 1]<UL><LI> hal_vic_patch.o(i.Hal_Vic_PatchInit)
</UL>
<P><STRONG><a name="[e8]"></a>Hal_Vic_PatchInit</STRONG> (Thumb, 8 bytes, Stack size 0 bytes, hal_vic_patch.o(i.Hal_Vic_PatchInit))
<BR><BR>[Called By]<UL><LI><a href="#[da]">&gt;&gt;</a>&nbsp;&nbsp;&nbsp;SysInit_EntryPoint
</UL>

<P><STRONG><a name="[dc]"></a>Ipc_PreInit_patch</STRONG> (Thumb, 196 bytes, Stack size 24 bytes, ipc_patch.o(i.Ipc_PreInit_patch))
<BR><BR>[Stack]<UL><LI>Max Depth = 24<LI>Call Chain = Ipc_PreInit_patch
</UL>
<BR>[Called By]<UL><LI><a href="#[da]">&gt;&gt;</a>&nbsp;&nbsp;&nbsp;SysInit_EntryPoint
</UL>

<P><STRONG><a name="[a2]"></a>LeCmdAppCmdPatch_Init</STRONG> (Thumb, 84 bytes, Stack size 8 bytes, ble_cmd_app_cmd_patch.o(i.LeCmdAppCmdPatch_Init))
<BR><BR>[Stack]<UL><LI>Max Depth = 16<LI>Call Chain = LeCmdAppCmdPatch_Init &rArr; LeHostPatchVarSet
</UL>
<BR>[Calls]<UL><LI><a href="#[a3]">&gt;&gt;</a>&nbsp;&nbsp;&nbsp;LeHostSetVarFn
<LI><a href="#[a4]">&gt;&gt;</a>&nbsp;&nbsp;&nbsp;LeHostPatchVarSet
<LI><a href="#[a5]">&gt;&gt;</a>&nbsp;&nbsp;&nbsp;LeHostPatchVarGet
</UL>
<BR>[Called By]<UL><LI><a href="#[b7]">&gt;&gt;</a>&nbsp;&nbsp;&nbsp;LeHostPatchAssign
</UL>

<P><STRONG><a name="[a6]"></a>LeCmdAppDbPatch_Init</STRONG> (Thumb, 20 bytes, Stack size 8 bytes, ble_cmd_app_db_patch.o(i.LeCmdAppDbPatch_Init))
<BR><BR>[Stack]<UL><LI>Max Depth = 16<LI>Call Chain = LeCmdAppDbPatch_Init &rArr; LeHostPatchVarSet
</UL>
<BR>[Calls]<UL><LI><a href="#[a3]">&gt;&gt;</a>&nbsp;&nbsp;&nbsp;LeHostSetVarFn
<LI><a href="#[a4]">&gt;&gt;</a>&nbsp;&nbsp;&nbsp;LeHostPatchVarSet
</UL>
<BR>[Called By]<UL><LI><a href="#[b7]">&gt;&gt;</a>&nbsp;&nbsp;&nbsp;LeHostPatchAssign
</UL>

<P><STRONG><a name="[cd]"></a>LeCmdAppEnableAutoTest2</STRONG> (Thumb, 8 bytes, Stack size 0 bytes, ble_cmd_app_patch.o(i.LeCmdAppEnableAutoTest2))
[...]
<BR>[Address Reference Count : 1]<UL><LI> ble_host_test_cmd_patch.o(i.LeHostTestCmdPatch_Init)
</UL>
<P><STRONG><a name="[22]"></a>LeHostUtilShowLog_Patch</STRONG> (Thumb, 80 bytes, Stack size 32 bytes, ble_host_test_cmd_patch.o(i.LeHostUtilShowLog_Patch))
<BR><BR>[Stack]<UL><LI>Max Depth = 56<LI>Call Chain = LeHostUtilShowLog_Patch &rArr; vsnprintf
</UL>
<BR>[Calls]<UL><LI><a href="#[cf]">&gt;&gt;</a>&nbsp;&nbsp;&nbsp;vsnprintf
</UL>
<BR>[Address Reference Count : 1]<UL><LI> ble_host_test_cmd_patch.o(i.LeHostTestCmdPatch_Init)
</UL>
<P><STRONG><a name="[23]"></a>LeHtcUtilSendCmdAck_Patch</STRONG> (Thumb, 60 bytes, Stack size 8 bytes, ble_host_test_cmd_patch.o(i.LeHtcUtilSendCmdAck_Patch))
<BR><BR>[Stack]<UL><LI>Max Depth = 8<LI>Call Chain = LeHtcUtilSendCmdAck_Patch
</UL>
<BR>[Address Reference Count : 1]<UL><LI> ble_host_test_cmd_patch.o(i.LeHostTestCmdPatch_Init)
</UL>
<P><STRONG><a name="[24]"></a>LeHtcUtilSendCmdRsp_Patch</STRONG> (Thumb, 46 bytes, Stack size 8 bytes, ble_host_test_cmd_patch.o(i.LeHtcUtilSendCmdRsp_Patch))
<BR><BR>[Stack]<UL><LI>Max Depth = 8<LI>Call Chain = LeHtcUtilSendCmdRsp_Patch
</UL>
<BR>[Address Reference Count : 1]<UL><LI> ble_host_test_cmd_patch.o(i.LeHostTestCmdPatch_Init)
</UL>
<P><STRONG><a name="[25]"></a>LeHtcUtilShowMsg_Patch</STRONG> (Thumb, 80 bytes, Stack size 32 bytes, ble_host_test_cmd_patch.o(i.LeHtcUtilShowMsg_Patch))
<BR><BR>[Stack]<UL><LI>Max Depth = 56<LI>Call Chain = LeHtcUtilShowMsg_Patch &rArr; vsnprintf
</UL>
<BR>[Calls]<UL><LI><a href="#[cf]">&gt;&gt;</a>&nbsp;&nbsp;&nbsp;vsnprintf
</UL>
<BR>[Address Reference Count : 1]<UL><LI> ble_host_test_cmd_patch.o(i.LeHostTestCmdPatch_Init)
</UL>
<P><STRONG><a name="[37]"></a>LeSmpHandleIdentityAddrInfo_Patch</STRONG> (Thumb, 102 bytes, Stack size 24 bytes, ble_smp_handler_patch.o(i.LeSmpHandleIdentityAddrInfo_Patch))
<BR><BR>[Stack]<UL><LI>Max Depth = 24<LI>Call Chain = LeSmpHandleIdentityAddrInfo_Patch
</UL>
<BR>[Calls]<UL><LI><a href="#[b1]">&gt;&gt;</a>&nbsp;&nbsp;&nbsp;MemCopy
</UL>
<BR>[Address Reference Count : 1]<UL><LI> ble_smp_handler_patch.o(i.LeSmpHandlerPatch_Init)
</UL>
<P><STRONG><a name="[36]"></a>LeSmpKeyExchangeSuccess_Patch</STRONG> (Thumb, 996 bytes, Stack size 56 bytes, ble_smp_handler_patch.o(i.LeSmpKeyExchangeSuccess_Patch))
<BR><BR>[Stack]<UL><LI>Max Depth = 56<LI>Call Chain = LeSmpKeyExchangeSuccess_Patch
</UL>
<BR>[Calls]<UL><LI><a href="#[b1]">&gt;&gt;</a>&nbsp;&nbsp;&nbsp;MemCopy
<LI><a href="#[b2]">&gt;&gt;</a>&nbsp;&nbsp;&nbsp;IsEqualVal
<LI><a href="#[d5]">&gt;&gt;</a>&nbsp;&nbsp;&nbsp;FreeMem
</UL>
<BR>[Address Reference Count : 1]<UL><LI> ble_smp_handler_patch.o(i.LeSmpHandlerPatch_Init)
</UL>
<P><STRONG><a name="[18]"></a>LeHostRunAtCmdBleAdvParam_Patch</STRONG> (Thumb, 478 bytes, Stack size 64 bytes, ble_cmd_app_cmd_patch.o(i.LeHostRunAtCmdBleAdvParam_Patch))
<BR><BR>[Stack]<UL><LI>Max Depth = 64<LI>Call Chain = LeHostRunAtCmdBleAdvParam_Patch
</UL>
<BR>[Calls]<UL><LI><a href="#[b1]">&gt;&gt;</a>&nbsp;&nbsp;&nbsp;MemCopy
<LI><a href="#[c6]">&gt;&gt;</a>&nbsp;&nbsp;&nbsp;StrLen
</UL>
<BR>[Address Reference Count : 1]<UL><LI> ble_cmd_app_cmd_patch.o(i.LeCmdAppCmdPatch_Init)
</UL>
<P><STRONG><a name="[1a]"></a>LeHostRunAtCmdBleAutoTest_Patch</STRONG> (Thumb, 82 bytes, Stack size 16 bytes, ble_cmd_app_cmd_patch.o(i.LeHostRunAtCmdBleAutoTest_Patch))
<BR><BR>[Stack]<UL><LI>Max Depth = 16<LI>Call Chain = LeHostRunAtCmdBleAutoTest_Patch
</UL>
<BR>[Calls]<UL><LI><a href="#[c6]">&gt;&gt;</a>&nbsp;&nbsp;&nbsp;StrLen
<LI><a href="#[cd]">&gt;&gt;</a>&nbsp;&nbsp;&nbsp;LeCmdAppEnableAutoTest2
</UL>
<BR>[Address Reference Count : 1]<UL><LI> ble_cmd_app_cmd_patch.o(i.LeCmdAppCmdPatch_Init)
</UL>
<P><STRONG><a name="[19]"></a>LeHostRunAtCmdBleConnParam_Patch</STRONG> (Thumb, 344 bytes, Stack size 48 bytes, ble_cmd_app_cmd_patch.o(i.LeHostRunAtCmdBleConnParam_Patch))
<BR><BR>[Stack]<UL><LI>Max Depth = 48<LI>Call Chain = LeHostRunAtCmdBleConnParam_Patch
</UL>
<BR>[Calls]<UL><LI><a href="#[ce]">&gt;&gt;</a>&nbsp;&nbsp;&nbsp;LeGapConnUpdateRequest
<LI><a href="#[c6]">&gt;&gt;</a>&nbsp;&nbsp;&nbsp;StrLen
</UL>
<BR>[Address Reference Count : 1]<UL><LI> ble_cmd_app_cmd_patch.o(i.LeCmdAppCmdPatch_Init)
</UL>
<P><STRONG><a name="[1e]"></a>LeCmdAppHandleCmInitCompleteCfm_Patch</STRONG> (Thumb, 126 bytes, Stack size 48 bytes, ble_cmd_app_patch.o(i.LeCmdAppHandleCmInitCompleteCfm_Patch))
<BR><BR>[Stack]<UL><LI>Max Depth = 48<LI>Call Chain = LeCmdAppHandleCmInitCompleteCfm_Patch
</UL>
<BR>[Calls]<UL><LI><a href="#[a9]">&gt;&gt;</a>&nbsp;&nbsp;&nbsp;LeSmpSetDefaultConfig
<LI><a href="#[aa]">&gt;&gt;</a>&nbsp;&nbsp;&nbsp;LeSmpRemoveBond
<LI><a href="#[a8]">&gt;&gt;</a>&nbsp;&nbsp;&nbsp;LeSmpInit
<LI><a href="#[ab]">&gt;&gt;</a>&nbsp;&nbsp;&nbsp;LeSetScanRspData
<LI><a href="#[ac]">&gt;&gt;</a>&nbsp;&nbsp;&nbsp;LeSendMessageAfter
<LI><a href="#[a7]">&gt;&gt;</a>&nbsp;&nbsp;&nbsp;LeGattInit
<LI><a href="#[ae]">&gt;&gt;</a>&nbsp;&nbsp;&nbsp;LeGapSetAdvData
<LI><a href="#[ad]">&gt;&gt;</a>&nbsp;&nbsp;&nbsp;__aeabi_memclr4
</UL>
<BR>[Address Reference Count : 1]<UL><LI> ble_cmd_app_patch.o(i.LeCmdAppPatch_Init)
</UL>
<P><STRONG><a name="[1c]"></a>LeGattDbBuildSvcAttr_Patch</STRONG> (Thumb, 250 bytes, Stack size 48 bytes, ble_cmd_app_db_patch.o(i.LeGattDbBuildSvcAttr_Patch))
<BR><BR>[Stack]<UL><LI>Max Depth = 48<LI>Call Chain = LeGattDbBuildSvcAttr_Patch
</UL>
<BR>[Calls]<UL><LI><a href="#[b1]">&gt;&gt;</a>&nbsp;&nbsp;&nbsp;MemCopy
<LI><a href="#[b3]">&gt;&gt;</a>&nbsp;&nbsp;&nbsp;AlignWord
<LI><a href="#[b4]">&gt;&gt;</a>&nbsp;&nbsp;&nbsp;PanicUnlessMalloc
</UL>
<BR>[Address Reference Count : 1]<UL><LI> ble_cmd_app_db_patch.o(i.LeCmdAppDbPatch_Init)
</UL>
<P><STRONG><a name="[bf]"></a>LeHostPerformCmd2</STRONG> (Thumb, 88 bytes, Stack size 16 bytes, ble_pts_app_cmd_patch.o(i.LeHostPerformCmd2))
<BR><BR>[Stack]<UL><LI>Max Depth = 144<LI>Call Chain = LeHostPerformCmd2 &rArr; LeHostPerformCmdPtsExceptCase &rArr; LeHostPerformCmdExceptCase6
</UL>
<BR>[Calls]<UL><LI><a href="#[b6]">&gt;&gt;</a>&nbsp;&nbsp;&nbsp;MemCmp
<LI><a href="#[aa]">&gt;&gt;</a>&nbsp;&nbsp;&nbsp;LeSmpRemoveBond
<LI><a href="#[c0]">&gt;&gt;</a>&nbsp;&nbsp;&nbsp;LeHostPerformCmdPtsExceptCase
<LI><a href="#[c1]">&gt;&gt;</a>&nbsp;&nbsp;&nbsp;LeHostPerformCmdGattExceptCmd
</UL>
<BR>[Called By]<UL><LI><a href="#[2c]">&gt;&gt;</a>&nbsp;&nbsp;&nbsp;LePtsAppProcessCliCmd_Patch
</UL>

<P><STRONG><a name="[c2]"></a>LeHostPerformCmdExceptCase6</STRONG> (Thumb, 140 bytes, Stack size 56 bytes, ble_pts_app_cmd_patch.o(i.LeHostPerformCmdExceptCase6))
<BR><BR>[Stack]<UL><LI>Max Depth = 56<LI>Call Chain = LeHostPerformCmdExceptCase6
</UL>
<BR>[Calls]<UL><LI><a href="#[b1]">&gt;&gt;</a>&nbsp;&nbsp;&nbsp;MemCopy
<LI><a href="#[ab]">&gt;&gt;</a>&nbsp;&nbsp;&nbsp;LeSetScanRspData
<LI><a href="#[ae]">&gt;&gt;</a>&nbsp;&nbsp;&nbsp;LeGapSetAdvData
<LI><a href="#[c4]">&gt;&gt;</a>&nbsp;&nbsp;&nbsp;LeGapGetBdAddr
<LI><a href="#[c3]">&gt;&gt;</a>&nbsp;&nbsp;&nbsp;__aeabi_memcpy4
</UL>
<BR>[Called By]<UL><LI><a href="#[c0]">&gt;&gt;</a>&nbsp;&nbsp;&nbsp;LeHostPerformCmdPtsExceptCase
</UL>

<P><STRONG><a name="[c1]"></a>LeHostPerformCmdGattExceptCmd</STRONG> (Thumb, 106 bytes, Stack size 80 bytes, ble_pts_app_cmd_patch.o(i.LeHostPerformCmdGattExceptCmd))
<BR><BR>[Stack]<UL><LI>Max Depth = 104<LI>Call Chain = LeHostPerformCmdGattExceptCmd &rArr; LeHostPerformCmdGattSignWrNoRsp
</UL>
<BR>[Calls]<UL><LI><a href="#[ad]">&gt;&gt;</a>&nbsp;&nbsp;&nbsp;__aeabi_memclr4
<LI><a href="#[c5]">&gt;&gt;</a>&nbsp;&nbsp;&nbsp;LeHostPerformCmdGattSignWrNoRsp
</UL>
<BR>[Called By]<UL><LI><a href="#[bf]">&gt;&gt;</a>&nbsp;&nbsp;&nbsp;LeHostPerformCmd2
</UL>

<P><STRONG><a name="[c5]"></a>LeHostPerformCmdGattSignWrNoRsp</STRONG> (Thumb, 88 bytes, Stack size 24 bytes, ble_pts_app_cmd_patch.o(i.LeHostPerformCmdGattSignWrNoRsp))
<BR><BR>[Stack]<UL><LI>Max Depth = 24<LI>Call Chain = LeHostPerformCmdGattSignWrNoRsp
</UL>
<BR>[Calls]<UL><LI><a href="#[c7]">&gt;&gt;</a>&nbsp;&nbsp;&nbsp;LeGattSignedWriteNoRsp
<LI><a href="#[c6]">&gt;&gt;</a>&nbsp;&nbsp;&nbsp;StrLen
</UL>
<BR>[Called By]<UL><LI><a href="#[c1]">&gt;&gt;</a>&nbsp;&nbsp;&nbsp;LeHostPerformCmdGattExceptCmd
</UL>

<P><STRONG><a name="[c0]"></a>LeHostPerformCmdPtsExceptCase</STRONG> (Thumb, 288 bytes, Stack size 72 bytes, ble_pts_app_cmd_patch.o(i.LeHostPerformCmdPtsExceptCase))
<BR><BR>[Stack]<UL><LI>Max Depth = 128<LI>Call Chain = LeHostPerformCmdPtsExceptCase &rArr; LeHostPerformCmdExceptCase6
</UL>
<BR>[Calls]<UL><LI><a href="#[b1]">&gt;&gt;</a>&nbsp;&nbsp;&nbsp;MemCopy
<LI><a href="#[c8]">&gt;&gt;</a>&nbsp;&nbsp;&nbsp;LeGapSetRpaTimeout
<LI><a href="#[cb]">&gt;&gt;</a>&nbsp;&nbsp;&nbsp;LeGapSetAdvParameter
<LI><a href="#[ae]">&gt;&gt;</a>&nbsp;&nbsp;&nbsp;LeGapSetAdvData
<LI><a href="#[c9]">&gt;&gt;</a>&nbsp;&nbsp;&nbsp;LeGapAddToResolvingList
<LI><a href="#[c3]">&gt;&gt;</a>&nbsp;&nbsp;&nbsp;__aeabi_memcpy4
<LI><a href="#[ca]">&gt;&gt;</a>&nbsp;&nbsp;&nbsp;MemSet
<LI><a href="#[cc]">&gt;&gt;</a>&nbsp;&nbsp;&nbsp;LeGapDisconnectWithReason
<LI><a href="#[c2]">&gt;&gt;</a>&nbsp;&nbsp;&nbsp;LeHostPerformCmdExceptCase6
</UL>
<BR>[Called By]<UL><LI><a href="#[bf]">&gt;&gt;</a>&nbsp;&nbsp;&nbsp;LeHostPerformCmd2
</UL>

<P><STRONG><a name="[2c]"></a>LePtsAppProcessCliCmd_Patch</STRONG> (Thumb, 54 bytes, Stack size 16 bytes, ble_pts_app_cmd_patch.o(i.LePtsAppProcessCliCmd_Patch))
<BR><BR>[Stack]<UL><LI>Max Depth = 160<LI>Call Chain = LePtsAppProcessCliCmd_Patch &rArr; LeHostPerformCmd2 &rArr; LeHostPerformCmdPtsExceptCase &rArr; LeHostPerformCmdExceptCase6
</UL>
<BR>[Calls]<UL><LI><a href="#[d4]">&gt;&gt;</a>&nbsp;&nbsp;&nbsp;LeQueuePop
<LI><a href="#[b0]">&gt;&gt;</a>&nbsp;&nbsp;&nbsp;LeQueueCount
<LI><a href="#[d5]">&gt;&gt;</a>&nbsp;&nbsp;&nbsp;FreeMem
<LI><a href="#[bf]">&gt;&gt;</a>&nbsp;&nbsp;&nbsp;LeHostPerformCmd2
</UL>
<BR>[Address Reference Count : 1]<UL><LI> ble_pts_app_cmd_patch.o(i.LePtsAppCmdPatch_Init)
</UL>
<P><STRONG><a name="[2d]"></a>ParseLePtsTestCommand_Patch</STRONG> (Thumb, 132 bytes, Stack size 24 bytes, ble_pts_app_cmd_patch.o(i.ParseLePtsTestCommand_Patch))
<BR><BR>[Stack]<UL><LI>Max Depth = 24<LI>Call Chain = ParseLePtsTestCommand_Patch
</UL>
<BR>[Calls]<UL><LI><a href="#[b1]">&gt;&gt;</a>&nbsp;&nbsp;&nbsp;MemCopy
<LI><a href="#[b6]">&gt;&gt;</a>&nbsp;&nbsp;&nbsp;MemCmp
<LI><a href="#[d8]">&gt;&gt;</a>&nbsp;&nbsp;&nbsp;LeQueuePush
<LI><a href="#[d9]">&gt;&gt;</a>&nbsp;&nbsp;&nbsp;LeHostWakeUp
<LI><a href="#[b4]">&gt;&gt;</a>&nbsp;&nbsp;&nbsp;PanicUnlessMalloc
</UL>
<BR>[Address Reference Count : 1]<UL><LI> ble_pts_app_cmd_patch.o(i.LePtsAppCmdPatch_Init)
</UL>
<P><STRONG><a name="[30]"></a>LePtsAppBuildGapSvcTbl_Patch</STRONG> (Thumb, 370 bytes, Stack size 1040 bytes, ble_pts_app_db_patch.o(i.LePtsAppBuildGapSvcTbl_Patch))
<BR><BR>[Stack]<UL><LI>Max Depth = 1040<LI>Call Chain = LePtsAppBuildGapSvcTbl_Patch
</UL>
<BR>[Calls]<UL><LI><a href="#[ad]">&gt;&gt;</a>&nbsp;&nbsp;&nbsp;__aeabi_memclr4
<LI><a href="#[c3]">&gt;&gt;</a>&nbsp;&nbsp;&nbsp;__aeabi_memcpy4
</UL>
<BR>[Address Reference Count : 1]<UL><LI> ble_pts_app_db_patch.o(i.LePtsAppDbPatch_Init)
</UL>
<P><STRONG><a name="[31]"></a>LePtsAppBuildGattSvcTbl_Patch</STRONG> (Thumb, 190 bytes, Stack size 744 bytes, ble_pts_app_db_patch.o(i.LePtsAppBuildGattSvcTbl_Patch))
<BR><BR>[Stack]<UL><LI>Max Depth = 744<LI>Call Chain = LePtsAppBuildGattSvcTbl_Patch
</UL>
<BR>[Calls]<UL><LI><a href="#[ad]">&gt;&gt;</a>&nbsp;&nbsp;&nbsp;__aeabi_memclr4
<LI><a href="#[c3]">&gt;&gt;</a>&nbsp;&nbsp;&nbsp;__aeabi_memcpy4
</UL>
<BR>[Address Reference Count : 1]<UL><LI> ble_pts_app_db_patch.o(i.LePtsAppDbPatch_Init)
</UL>
<P><STRONG><a name="[2f]"></a>LePtsAppBuildSvcAttr_Patch</STRONG> (Thumb, 250 bytes, Stack size 48 bytes, ble_pts_app_db_patch.o(i.LePtsAppBuildSvcAttr_Patch))
<BR><BR>[Stack]<UL><LI>Max Depth = 48<LI>Call Chain = LePtsAppBuildSvcAttr_Patch
</UL>
<BR>[Calls]<UL><LI><a href="#[b1]">&gt;&gt;</a>&nbsp;&nbsp;&nbsp;MemCopy
<LI><a href="#[b3]">&gt;&gt;</a>&nbsp;&nbsp;&nbsp;AlignWord
<LI><a href="#[b4]">&gt;&gt;</a>&nbsp;&nbsp;&nbsp;PanicUnlessMalloc
</UL>
<BR>[Address Reference Count : 1]<UL><LI> ble_pts_app_db_patch.o(i.LePtsAppDbPatch_Init)
</UL>
<P><STRONG><a name="[33]"></a>LePtsAppHandleGapServiceWrite_Patch</STRONG> (Thumb, 264 bytes, Stack size 288 bytes, ble_pts_app_gatt_patch.o(i.LePtsAppHandleGapServiceWrite_Patch))
<BR><BR>[Stack]<UL><LI>Max Depth = 288<LI>Call Chain = LePtsAppHandleGapServiceWrite_Patch
</UL>
<BR>[Calls]<UL><LI><a href="#[b1]">&gt;&gt;</a>&nbsp;&nbsp;&nbsp;MemCopy
<LI><a href="#[d0]">&gt;&gt;</a>&nbsp;&nbsp;&nbsp;LeGattGetAttrVal
<LI><a href="#[d1]">&gt;&gt;</a>&nbsp;&nbsp;&nbsp;LeGattChangeAttrVal
<LI><a href="#[d2]">&gt;&gt;</a>&nbsp;&nbsp;&nbsp;LeGattAccessWriteRsp
</UL>
<BR>[Address Reference Count : 1]<UL><LI> ble_pts_app_gatt_patch.o(i.LePtsAppGattPatch_Init)
</UL>
<P><STRONG><a name="[34]"></a>LePtsAppHandleGattServiceRead_Patch</STRONG> (Thumb, 108 bytes, Stack size 136 bytes, ble_pts_app_gatt_patch.o(i.LePtsAppHandleGattServiceRead_Patch))
<BR><BR>[Stack]<UL><LI>Max Depth = 136<LI>Call Chain = LePtsAppHandleGattServiceRead_Patch
</UL>
<BR>[Calls]<UL><LI><a href="#[d1]">&gt;&gt;</a>&nbsp;&nbsp;&nbsp;LeGattChangeAttrVal
<LI><a href="#[d3]">&gt;&gt;</a>&nbsp;&nbsp;&nbsp;LeGattAccessReadRsp
<LI><a href="#[c3]">&gt;&gt;</a>&nbsp;&nbsp;&nbsp;__aeabi_memcpy4
</UL>
<BR>[Address Reference Count : 1]<UL><LI> ble_pts_app_gatt_patch.o(i.LePtsAppGattPatch_Init)
</UL>
<P><STRONG><a name="[35]"></a>LePtsAppHandleGattServiceWrite_Patch</STRONG> (Thumb, 168 bytes, Stack size 328 bytes, ble_pts_app_gatt_patch.o(i.LePtsAppHandleGattServiceWrite_Patch))
<BR><BR>[Stack]<UL><LI>Max Depth = 328<LI>Call Chain = LePtsAppHandleGattServiceWrite_Patch
</UL>
<BR>[Calls]<UL><LI><a href="#[b1]">&gt;&gt;</a>&nbsp;&nbsp;&nbsp;MemCopy
<LI><a href="#[d2]">&gt;&gt;</a>&nbsp;&nbsp;&nbsp;LeGattAccessWriteRsp
</UL>
<BR>[Address Reference Count : 1]<UL><LI> ble_pts_app_gatt_patch.o(i.LePtsAppGattPatch_Init)
</UL>
<P><STRONG><a name="[55]"></a>at_server_timeout_handler_patch</STRONG> (Thumb, 94 bytes, Stack size 32 bytes, at_cmd_tcpip_patch.o(i.at_server_timeout_handler_patch))
<BR><BR>[Stack]<UL><LI>Max Depth = 32<LI>Call Chain = at_server_timeout_handler_patch
</UL>
<BR>[Address Reference Count : 1]<UL><LI> at_cmd_tcpip_patch.o(i.at_cmd_tcpip_api_preinit_patch)
</UL>
<P><STRONG><a name="[56]"></a>at_socket_process_task_patch</STRONG> (Thumb, 170 bytes, Stack size 40 bytes, at_cmd_tcpip_patch.o(i.at_socket_process_task_patch))
<BR><BR>[Stack]<UL><LI>Max Depth = 40<LI>Call Chain = at_socket_process_task_patch
</UL>
<BR>[Calls]<UL><LI><a href="#[105]">&gt;&gt;</a>&nbsp;&nbsp;&nbsp;free
<LI><a href="#[12f]">&gt;&gt;</a>&nbsp;&nbsp;&nbsp;vTaskDelete
<LI><a href="#[130]">&gt;&gt;</a>&nbsp;&nbsp;&nbsp;vTaskDelay
</UL>
<BR>[Address Reference Count : 1]<UL><LI> at_cmd_tcpip_patch.o(i.at_cmd_tcpip_api_preinit_patch)
</UL>
<P><STRONG><a name="[5e]"></a>at_cmd_wifi_cwlap_patch</STRONG> (Thumb, 294 bytes, Stack size 136 bytes, at_cmd_wifi_patch.o(i.at_cmd_wifi_cwlap_patch))
<BR><BR>[Stack]<UL><LI>Max Depth = 136<LI>Call Chain = at_cmd_wifi_cwlap_patch
</UL>
<BR>[Calls]<UL><LI><a href="#[11e]">&gt;&gt;</a>&nbsp;&nbsp;&nbsp;strlen
<LI><a href="#[ad]">&gt;&gt;</a>&nbsp;&nbsp;&nbsp;__aeabi_memclr4
<LI><a href="#[c3]">&gt;&gt;</a>&nbsp;&nbsp;&nbsp;__aeabi_memcpy4
<LI><a href="#[104]">&gt;&gt;</a>&nbsp;&nbsp;&nbsp;__aeabi_memcpy
<LI><a href="#[120]">&gt;&gt;</a>&nbsp;&nbsp;&nbsp;hwaddr_aton2
<LI><a href="#[11f]">&gt;&gt;</a>&nbsp;&nbsp;&nbsp;at_cmd_param_trim
<LI><a href="#[108]">&gt;&gt;</a>&nbsp;&nbsp;&nbsp;at_cmd_buf_to_argc_argv
</UL>
<BR>[Address Reference Count : 1]<UL><LI> at_cmd_wifi_patch.o(i.at_cmd_wifi_func_init_patch)
</UL>
<P><STRONG><a name="[5d]"></a>at_cmd_wifi_cwlapopt_patch</STRONG> (Thumb, 242 bytes, Stack size 88 bytes, at_cmd_wifi_patch.o(i.at_cmd_wifi_cwlapopt_patch))
<BR><BR>[Stack]<UL><LI>Max Depth = 88<LI>Call Chain = at_cmd_wifi_cwlapopt_patch
</UL>
<BR>[Calls]<UL><LI><a href="#[ad]">&gt;&gt;</a>&nbsp;&nbsp;&nbsp;__aeabi_memclr4
<LI><a href="#[108]">&gt;&gt;</a>&nbsp;&nbsp;&nbsp;at_cmd_buf_to_argc_argv
<LI><a href="#[121]">&gt;&gt;</a>&nbsp;&nbsp;&nbsp;set_sorting
</UL>
<BR>[Address Reference Count : 1]<UL><LI> at_cmd_wifi_patch.o(i.at_cmd_wifi_func_init_patch)
</UL>
<P><STRONG><a name="[76]"></a>low_level_output_patch</STRONG> (Thumb, 120 bytes, Stack size 24 bytes, wlannetif_patch.o(i.low_level_output_patch))
<BR><BR>[Stack]<UL><LI>Max Depth = 24<LI>Call Chain = low_level_output_patch
</UL>
<BR>[Calls]<UL><LI><a href="#[14e]">&gt;&gt;</a>&nbsp;&nbsp;&nbsp;pbuf_free
<LI><a href="#[14c]">&gt;&gt;</a>&nbsp;&nbsp;&nbsp;pbuf_copy
<LI><a href="#[14b]">&gt;&gt;</a>&nbsp;&nbsp;&nbsp;pbuf_alloc
<LI><a href="#[14d]">&gt;&gt;</a>&nbsp;&nbsp;&nbsp;sys_msleep
</UL>
<BR>[Address Reference Count : 1]<UL><LI> wlannetif_patch.o(i.lwip_load_interface_wlannetif_patch)
</UL>
<P><STRONG><a name="[72]"></a>tcp_kill_state_patch</STRONG> (Thumb, 98 bytes, Stack size 24 bytes, tcp_patch.o(i.tcp_kill_state_patch))
<BR><BR>[Stack]<UL><LI>Max Depth = 24<LI>Call Chain = tcp_kill_state_patch
</UL>
<BR>[Calls]<UL><LI><a href="#[160]">&gt;&gt;</a>&nbsp;&nbsp;&nbsp;tcp_abandon
</UL>
<BR>[Address Reference Count : 1]<UL><LI> tcp_patch.o(i.lwip_load_interface_tcp_patch)
</UL>
<P><STRONG><a name="[15b]"></a>tcp_pcb_num_cal</STRONG> (Thumb, 154 bytes, Stack size 0 bytes, tcp_patch.o(i.tcp_pcb_num_cal))
<BR><BR>[Called By]<UL><LI><a href="#[71]">&gt;&gt;</a>&nbsp;&nbsp;&nbsp;tcp_alloc_patch
</UL>

<P><STRONG><a name="[8c]"></a>wifi_event_sta_connect_failed_handler</STRONG> (Thumb, 6 bytes, Stack size 0 bytes, wifi_event_handler_patch.o(i.wifi_event_sta_connect_failed_handler))
<BR><BR>[Stack]<UL><LI>Max Depth = 8<LI>Call Chain = wifi_event_sta_connect_failed_handler &rArr; wifi_station_connect_failed_event_handler
</UL>
<BR>[Calls]<UL><LI><a href="#[16d]">&gt;&gt;</a>&nbsp;&nbsp;&nbsp;wifi_station_connect_failed_event_handler
</UL>
<BR>[Address Reference Count : 1]<UL><LI> wifi_event_handler_patch.o(i.wifi_install_default_event_handlers_ex)
</UL>
<P><STRONG><a name="[f9]"></a>_fp_digits</STRONG> (Thumb, 366 bytes, Stack size 64 bytes, printfa.o(i._fp_digits), UNUSED)
<BR><BR>[Calls]<UL><LI><a href="#[fc]">&gt;&gt;</a>&nbsp;&nbsp;&nbsp;__aeabi_cdrcmple
<LI><a href="#[fe]">&gt;&gt;</a>&nbsp;&nbsp;&nbsp;__aeabi_d2ulz
<LI><a href="#[fd]">&gt;&gt;</a>&nbsp;&nbsp;&nbsp;__aeabi_dadd
<LI><a href="#[fb]">&gt;&gt;</a>&nbsp;&nbsp;&nbsp;__aeabi_ddiv
<LI><a href="#[fa]">&gt;&gt;</a>&nbsp;&nbsp;&nbsp;__aeabi_dmul
<LI><a href="#[ff]">&gt;&gt;</a>&nbsp;&nbsp;&nbsp;__aeabi_uldivmod
</UL>
<BR>[Called By]<UL><LI><a href="#[f7]">&gt;&gt;</a>&nbsp;&nbsp;&nbsp;_printf_core
</UL>

<P><STRONG><a name="[f7]"></a>_printf_core</STRONG> (Thumb, 1744 bytes, Stack size 136 bytes, printfa.o(i._printf_core), UNUSED)
<BR><BR>[Calls]<UL><LI><a href="#[102]">&gt;&gt;</a>&nbsp;&nbsp;&nbsp;__aeabi_uidivmod
<LI><a href="#[ff]">&gt;&gt;</a>&nbsp;&nbsp;&nbsp;__aeabi_uldivmod
<LI><a href="#[100]">&gt;&gt;</a>&nbsp;&nbsp;&nbsp;_printf_pre_padding
<LI><a href="#[101]">&gt;&gt;</a>&nbsp;&nbsp;&nbsp;_printf_post_padding
<LI><a href="#[f9]">&gt;&gt;</a>&nbsp;&nbsp;&nbsp;_fp_digits
</UL>
<BR>[Called By]<UL><LI><a href="#[f8]">&gt;&gt;</a>&nbsp;&nbsp;&nbsp;__0vsnprintf
<LI><a href="#[f6]">&gt;&gt;</a>&nbsp;&nbsp;&nbsp;__0snprintf
</UL>

<P><STRONG><a name="[101]"></a>_printf_post_padding</STRONG> (Thumb, 36 bytes, Stack size 24 bytes, printfa.o(i._printf_post_padding), UNUSED)
<BR><BR>[Called By]<UL><LI><a href="#[f7]">&gt;&gt;</a>&nbsp;&nbsp;&nbsp;_printf_core
</UL>

<P><STRONG><a name="[100]"></a>_printf_pre_padding</STRONG> (Thumb, 46 bytes, Stack size 24 bytes, printfa.o(i._printf_pre_padding), UNUSED)
<BR><BR>[Called By]<UL><LI><a href="#[f7]">&gt;&gt;</a>&nbsp;&nbsp;&nbsp;_printf_core
</UL>

<P><STRONG><a name="[43]"></a>_snputc</STRONG> (Thumb, 22 bytes, Stack size 0 bytes, printfa.o(i._snputc))
<BR>[Address Reference Count : 2]<UL><LI> printfa.o(i.__0snprintf)
<LI> printfa.o(i.__0vsnprintf)
</UL><P>
<H3>
Undefined Global Symbols
</H3><HR></body></html>
