<html>
<body>
<pre>
<h1>µVision Build Log</h1>
<h2>Tool Versions:</h2>
IDE-Version: ¦ÌVision V5.28.0.0
Copyright (C) 2019 ARM Ltd and ARM Germany GmbH. All rights reserved.
License Information: Jack Kilby, 3Reality, LIC=JDA12-9INRS-E0PN4-FBDW4-MF38M-VZI97
 
Tool Versions:
Toolchain:       MDK-ARM Professional  Version: 5.28.0.0
Toolchain Path:  D:\Keil_v5\ARM\ARMCC\Bin
C Compiler:      Armcc.exe V5.06 update 6 (build 750)
Assembler:       Armasm.exe V5.06 update 6 (build 750)
Linker/Locator:  ArmLink.exe V5.06 update 6 (build 750)
Library Manager: ArmAr.exe V5.06 update 6 (build 750)
Hex Converter:   FromElf.exe V5.06 update 6 (build 750)
CPU DLL:         SARMCM3.DLL V5.28.0.0
Dialog DLL:      DCM.DLL V1.17.3.0
Target DLL:      Segger\JL2CM3.dll V2.99.36.0
Dialog DLL:      TCM.DLL V1.36.2.0
 
<h2>Project:</h2>
E:\WorkSpace\Opulinks\JackPlayCode\SDK\APS_PATCH\examples\get_started\blink\opl1000_app_m3.uvprojx
Project File Date:  01/31/2020

<h2>Output:</h2>
*** Using Compiler 'V5.06 update 6 (build 750)', folder: 'D:\Keil_v5\ARM\ARMCC\Bin'
Rebuild target 'OPL1000_APP'
compiling main_patch.c...
linking...
Program Size: Code=34376 RO-data=2132 RW-data=148 ZI-data=164  
FromELF: creating hex file...
After Build - User command #1: .\opl1000_app_m3.bat E:\WorkSpace\Opulinks\JackPlayCode\SDK\APS_PATCH\examples\get_started\blink\Output\Objects\ .\Output\Objects\opl1000_app_m3.axf opl1000_app_m3
E:\WorkSpace\Opulinks\JackPlayCode\SDK\APS_PATCH\examples\get_started\blink>D:\Keil_v5\ARM\ARMCC\bin\fromelf.exe .\Output\Objects\opl1000_app_m3.axf --m32combined --output E:\WorkSpace\Opulinks\JackPlayCode\SDK\APS_PATCH\examples\get_started\blink\Output\Objects\opl1000_app_m3.s37 
E:\WorkSpace\Opulinks\JackPlayCode\SDK\APS_PATCH\examples\get_started\blink>D:\Keil_v5\ARM\ARMCC\bin\fromelf.exe .\Output\Objects\opl1000_app_m3.axf --bin --output E:\WorkSpace\Opulinks\JackPlayCode\SDK\APS_PATCH\examples\get_started\blink\Output\Objects\opl1000_app_m3.bin 
".\Output\Objects\opl1000_app_m3.axf" - 0 Error(s), 0 Warning(s).

<h2>Software Packages used:</h2>

Package Vendor: ARM
                http://www.keil.com/pack/ARM.CMSIS.5.5.1.pack
                ARM.CMSIS.5.5.1
                CMSIS (Cortex Microcontroller Software Interface Standard)

<h2>Collection of Component include folders:</h2>
  .\RTE\_OPL1000_APP
  D:\Keil_v5\Packs\ARM\CMSIS\5.5.1\Device\ARM\ARMCM3\Include

<h2>Collection of Component Files used:</h2>
Build Time Elapsed:  00:00:03
</pre>
</body>
</html>
